******************************************************************************
               TMS320C6x Linker PC v7.4.8                      
******************************************************************************
>> Linked Mon Aug 31 16:01:37 2020

OUTPUT FILE NAME:   <obj/dsp.out>
ENTRY POINT SYMBOL: "_c_int00"  address: 00800200


MEMORY CONFIGURATION

         name            origin    length      used     unused   attr    fill
----------------------  --------  ---------  --------  --------  ----  --------
  DSPL2_RSVD            00800000   00000100  00000000  00000100  RWIX
  DSPL2_C_INIT          00800200   00000080  00000080  00000000  RWIX
  DSPL2                 00800280   0002fd80  0000dbd5  000221ab  RWIX
  DSPL2_Cache           00830000   00010000  00000000  00010000  RWIX
  DSPL1P                00e00000   00008000  00000000  00008000  RWIX
  DSPL1D                00f00000   00008000  00000000  00008000  RWIX
  DSPNVRAM              110c0000   00010000  00000000  00010000  RWIX
  L3RAM_SV              40300000   00004000  00004000  00000000  RWIX
  L3RAM_GS              40304000   0001b000  0001b000  00000000  RWIX
  L3RAM_AD              4031f000   00000b00  00000000  00000b00  RWIX
  L3RAM_RS              4031fb00   00000500  00000108  000003f8  RWIX
  DRAM                  a7000000   01000000  00457d5e  00ba82a2  RWIX
  DRAM_APP              a8000000   01000000  00080000  00f80000  RWIX
  DRAM_GS               a9000000   02000000  00010000  01ff0000  RWIX
  DRAM_RS               ab000000   04000000  00000000  04000000  RWIX
  DRAM_BUF1             af000000   00200000  00000000  00200000  RWIX
  DRAM_BUF2             af200000   00200000  00000000  00200000  RWIX
  SHAREDRAM             af600000   00a00000  00000000  00a00000  RWIX


SEGMENT ALLOCATION MAP

run origin  load origin   length   init length attrs members
----------  ----------- ---------- ----------- ----- -------
00800200    00800200    00000080   00000080    r-x
  00800200    00800200    00000080   00000080    r-x .text:_c_int00
00800280    00800280    00006561   00006561    rw-
  00800280    00800280    00006561   00006561    rw- .rtm_data
00806800    00806800    00004480   00004480    r-x
  00806800    00806800    00004480   00004480    r-x .rtm_code
0080ac80    0080ac80    00002000   00000000    rw-
  0080ac80    0080ac80    00002000   00000000    rw- .stack
0080cc80    0080cc80    000007a8   000007a8    r--
  0080cc80    0080cc80    000007a8   000007a8    r-- .switch
0080d428    0080d428    000003d0   000002b0    rw-
  0080d428    0080d428    000002b0   000002b0    rw- .neardata
  0080d6d8    0080d6d8    00000120   00000000    rw- .cio
0080d800    0080d800    00000200   00000200    r-x
  0080d800    0080d800    00000200   00000200    r-x .text:vecs
0080da00    0080da00    000000dc   00000000    rw-
  0080da00    0080da00    000000dc   00000000    rw- .bss
0080dadc    0080dadc    000003a0   000003a0    r--
  0080dadc    0080dadc    000003a0   000003a0    r-- .cinit
40300000    40300000    0001f000   00000000    rw-
  40300000    40300000    00004000   00000000    rw- .rx_smv_buf
  40304000    40304000    0001b000   00000000    rw- .rx_gs_buf
4031fb00    4031fb00    00000108   00000108    rw-
  4031fb00    4031fb00    00000108   00000108    rw- .rx_l3_buf
a7000000    a7000000    00400000   00000000    rw-
  a7000000    a7000000    00400000   00000000    rw- .sysmem
a7400000    a7400000    00047900   00047900    r-x
  a7400000    a7400000    0003d180   0003d180    r-x .text
  a743d180    a743d180    0000a780   0000a780    r-x .init_code
a7447900    a7447900    00008928   00000000    rw-
  a7447900    a7447900    00008928   00000000    rw- .far
a7450228    a7450228    00004000   00000000    rw-
  a7450228    a7450228    00004000   00000000    rw- .init_data
a7454228    a7454228    000029be   000029be    r--
  a7454228    a7454228    000029be   000029be    r-- .const
a7456be8    a7456be8    00001178   00000b90    rw-
  a7456be8    a7456be8    00000b90   00000b90    rw- .fardata
  a7457778    a7457778    000005e8   00000000    rw- .SDRAM0_BSZ
a8000000    a8000000    00080000   00000000    rw-
  a8000000    a8000000    00080000   00000000    rw- .rx_app_buf
a9000000    a9000000    00010000   00000000    rw-
  a9000000    a9000000    00010000   00000000    rw- .rx_data_buf


SECTION ALLOCATION MAP

 output                                  attributes/
section   page    origin      length       input sections
--------  ----  ----------  ----------   ----------------
.text:_c_int00 
*          0    00800200    00000080     
                  00800200    00000080     rts6740_elf.lib : boot.obj (.text:_c_int00)

.rtm_data 
*          0    00800280    00006561     
                  00800280    00002d60     libProcess.lib : netdrv_top.obj (.rtm_data:uninit) [fill = 0]
                  00802fe0    00002000                    : smv_le_rx.obj (.rtm_data) [fill = 0]
                  00804fe0    00001800     HZ6101.lib : mmbisr.obj (.rtm_data) [fill = 0]
                  008067e0    00000001     libProcess.lib : netdrv_top.obj (.rtm_data:init)

.rtm_code 
*          0    00806800    00004480     
                  00806800    00001000     DZCmdMerge.obj (.rtm_code)
                  00807800    00000e20     HZ6101.lib : mmbout.obj (.rtm_code)
                  00808620    000009e0                : mmbin.obj (.rtm_code)
                  00809000    000009c0                : netdrv.obj (.rtm_code)
                  008099c0    00000760     libProcess.lib : mmsdata.obj (.rtm_code)
                  0080a120    00000480     DualSysPos.obj (.rtm_code)
                  0080a5a0    000001a0     CommFun.obj (.rtm_code)
                  0080a740    00000120     ElecLock.obj (.rtm_code)
                  0080a860    000000c0     HZ6101.lib : initdsp.obj (.rtm_code)
                  0080a920    000000a0                : scheduler.obj (.rtm_code)
                  0080a9c0    00000080                : mmbisr.obj (.rtm_code)
                  0080aa40    00000060     SwPos.obj (.rtm_code)
                  0080aaa0    00000010     HZ6101.lib : scheduler.obj ($Tramp$S$$runTaskGroup)
                  0080aab0    00000010     DualSysPos.obj ($Tramp$S$$Fun_Pos_QComp)
                  0080aac0    00000010     libProcess.lib : mmsdata.obj ($Tramp$S$$_log_data_type)
                  0080aad0    00000010                    : are_bool.obj ($Tramp$S$$asn1r_wr_bool)
                  0080aae0    00000010                    : are_time.obj ($Tramp$S$$asn1r_wr_time)
                  0080aaf0    00000010                    : are_utc.obj ($Tramp$S$$asn1r_wr_utc_time)
                  0080ab00    00000010                    : asn1r.obj ($Tramp$S$$asn1r_fin_prim)
                  0080ab10    00000010                    : are_bstr.obj ($Tramp$S$$asn1r_wr_bitstr)
                  0080ab20    00000010                    : are_int.obj ($Tramp$S$$asn1r_wr_i64)
                  0080ab30    00000010                    : are_int.obj ($Tramp$S$$asn1r_wr_u8)
                  0080ab40    00000010                    : are_int.obj ($Tramp$S$$asn1r_wr_u16)
                  0080ab50    00000010                    : are_int.obj ($Tramp$S$$asn1r_wr_u32)
                  0080ab60    00000010                    : are_int.obj ($Tramp$S$$asn1r_wr_u64)
                  0080ab70    00000010                    : are_flt.obj ($Tramp$S$$asn1r_wr_double)
                  0080ab80    00000010                    : are_flt.obj ($Tramp$S$$asn1r_wr_float)
                  0080ab90    00000010                    : are_ostr.obj ($Tramp$S$$asn1r_wr_octstr)
                  0080aba0    00000010                    : are_vstr.obj ($Tramp$S$$asn1r_wr_vstr)
                  0080abb0    00000010                    : are_btod.obj ($Tramp$S$$asn1r_wr_btod)
                  0080abc0    00000010                    : are_int.obj ($Tramp$S$$asn1r_wr_i16)
                  0080abd0    00000010                    : are_int.obj ($Tramp$S$$asn1r_wr_i32)
                  0080abe0    00000010                    : are_int.obj ($Tramp$S$$asn1r_wr_i8)
                  0080abf0    00000010                    : are_vstr.obj ($Tramp$S$$asn1r_wr_utf8)
                  0080ac00    00000010                    : asn1r.obj ($Tramp$S$$asn1r_strt_constr)
                  0080ac10    00000010                    : asn1r.obj ($Tramp$S$$asn1r_fin_constr)
                  0080ac20    00000010     HZ6101.lib : netdrv.obj ($Tramp$S$$cpdma_rx_start)
                  0080ac30    00000010                : netdrv.obj ($Tramp$S$$cpsw_init)
                  0080ac40    00000010                : initdsp.obj ($Tramp$S$$invalidCache)
                  0080ac50    00000010                : mmbisr.obj ($Tramp$S$$getMmb2BufPtr)
                  0080ac60    00000010     rts6740_elf.lib : memcpy64.obj ($Tramp$S$$memcpy)
                  0080ac70    00000010     CommFun.obj ($Tramp$S$$GOOSE_LINK_SOE)

.stack     0    0080ac80    00002000     UNINITIALIZED
                  0080ac80    00000008     rts6740_elf.lib : boot.obj (.stack)
                  0080ac88    00001ff8     --HOLE--

.switch    0    0080cc80    000007a8     
                  0080cc80    000000e8     rts6740_elf.lib : strftime.obj (.switch:strftime)
                  0080cd68    00000090     libProcess.lib : ms_tdef.obj (.switch:ms_runtime_to_tdl)
                  0080cdf8    00000084     HZ6101.lib : netdrv.obj (.switch:netdev_ioctl)
                  0080ce7c    00000084                : mmbout.obj (.switch:newMmbOutMapMem)
                  0080cf00    00000080     libProcess.lib : mmsdata.obj (.switch:ms_local_to_asn1)
                  0080cf80    00000068                    : mms_tdef.obj (.switch:_ms_m_get_rt_info)
                  0080cfe8    00000058                    : ms_tdef.obj (.switch:ms_mk_asn1_type)
                  0080d040    00000058     HZ6101.lib : stream.obj (.switch:myvsscanf)
                  0080d098    00000050     libProcess.lib : mmsdata.obj (.switch:assign_tags)
                  0080d0e8    00000050                    : mmsdata.obj (.switch:ms_asn1_to_local)
                  0080d138    0000004c     HZ6101.lib : var.obj (.switch:appendVarTypeDesc)
                  0080d184    0000003c                : mmbin.obj (.switch:newMmbVarInMap)
                  0080d1c0    0000003c                : canout.obj (.switch:runCanOutObj)
                  0080d1fc    00000034                : msg.obj (.switch:handleManagerFrame)
                  0080d230    0000002c     libProcess.lib : goose_rx.obj (.switch:freshGooseRxData)
                  0080d25c    00000028     rts6740_elf.lib : _scanfi.obj (.switch:_sset_arg)
                  0080d284    00000020     libProcess.lib : mmsdata.obj (.switch:get_int_prim)
                  0080d2a4    00000020                    : mmsdata.obj (.switch:get_uint_prim)
                  0080d2c4    00000020     HZ6101.lib : board.obj (.switch:putValue)
                  0080d2e4    00000020                : debug.obj (.switch:setVar)
                  0080d304    0000001c     libProcess.lib : goose_tx.obj (.switch:getDataLen)
                  0080d320    0000001c                    : goose_tx.obj (.switch:updateDataToFrame)
                  0080d33c    00000018     HZ6101.lib : downloadprogram.obj (.switch:downConfigMsg)
                  0080d354    00000018                : debug.obj (.switch:handleDebugmsg)
                  0080d36c    00000018     libProcess.lib : netdrv_top.obj (.switch:scanEmacRxBuf)
                  0080d384    00000014     HZ6101.lib : init.obj (.switch:handleStartcmd)
                  0080d398    00000010     libProcess.lib : asn1r.obj (.switch:asn1r_head_decode)
                  0080d3a8    00000010                    : goose_tx.obj (.switch:goosePackageTx)
                  0080d3b8    00000010                    : smv_le_rx.obj (.switch:initSmvRxComponent)
                  0080d3c8    00000010     HZ6101.lib : netdrv.obj (.switch:netdev_enable)
                  0080d3d8    00000010                : scheduler.obj (.switch:optimizeTaskSchedule)
                  0080d3e8    00000010                : scheduler.obj (.switch:setFirstTask)
                  0080d3f8    00000010     libProcess.lib : netdrv_top.obj (.switch:setLinkRxMemInfo)
                  0080d408    00000010     HZ6101.lib : scheduler.obj (.switch:setTask)
                  0080d418    00000010                : scheduler.obj (.switch:setTaskCycleTime)

.neardata 
*          0    0080d428    000002b0     
                  0080d428    00000081     HZ6101.lib : board.obj (.neardata)
                  0080d4a9    00000001                : candrv_top.obj (.neardata)
                  0080d4aa    00000002     libProcess.lib : goose_tx.obj (.neardata)
                  0080d4ac    00000050     HZ6101.lib : mmbisr.obj (.neardata)
                  0080d4fc    00000044                : scheduler.obj (.neardata)
                  0080d540    0000003d     libProcess.lib : netdrv_top.obj (.neardata)
                  0080d57d    00000001                    : mms_interface.obj (.neardata)
                  0080d57e    00000002     --HOLE-- [fill = 0]
                  0080d580    00000028     HZ6101.lib : dcan.obj (.neardata)
                  0080d5a8    00000020                : downloadprogram.obj (.neardata)
                  0080d5c8    0000001a                : mmb.obj (.neardata)
                  0080d5e2    00000002     --HOLE-- [fill = 0]
                  0080d5e4    00000017                : netdrv.obj (.neardata)
                  0080d5fb    00000001     --HOLE-- [fill = 0]
                  0080d5fc    00000015                : stime.obj (.neardata)
                  0080d611    00000003     --HOLE-- [fill = 0]
                  0080d614    00000010                : mmbin.obj (.neardata)
                  0080d624    00000010                : var.obj (.neardata)
                  0080d634    00000010     libProcess.lib : mms_tdef.obj (.neardata)
                  0080d644    0000000d     HZ6101.lib : shmcomm.obj (.neardata)
                  0080d651    00000003     --HOLE-- [fill = 0]
                  0080d654    0000000c                : main.obj (.neardata)
                  0080d660    0000000c                : msg.obj (.neardata)
                  0080d66c    0000000c                : stream.obj (.neardata)
                  0080d678    0000000a     CommFun.obj (.neardata)
                  0080d682    00000002     --HOLE-- [fill = 0]
                  0080d684    00000008     HZ6101.lib : init.obj (.neardata)
                  0080d68c    00000008                : toolboxserv.obj (.neardata)
                  0080d694    00000008     libProcess.lib : goose_component.obj (.neardata)
                  0080d69c    00000008                    : ms_tdef.obj (.neardata)
                  0080d6a4    00000008     usr_app.obj (.neardata)
                  0080d6ac    00000006     HZ6101.lib : timer.obj (.neardata)
                  0080d6b2    00000002     --HOLE-- [fill = 0]
                  0080d6b4    00000005                : canout.obj (.neardata)
                  0080d6b9    00000003     --HOLE-- [fill = 0]
                  0080d6bc    00000005     libProcess.lib : ard_time.obj (.neardata)
                  0080d6c1    00000003     --HOLE-- [fill = 0]
                  0080d6c4    00000005                    : goose_rx.obj (.neardata)
                  0080d6c9    00000003     --HOLE-- [fill = 0]
                  0080d6cc    00000004     HZ6101.lib : debug.obj (.neardata)
                  0080d6d0    00000004                : device.obj (.neardata)
                  0080d6d4    00000004                : mmbout.obj (.neardata)

.cio       0    0080d6d8    00000120     UNINITIALIZED
                  0080d6d8    00000120     rts6740_elf.lib : trgmsg.obj (.cio)

.rodata    0    0080d6d8    00000000     UNINITIALIZED

.bss       0    0080d6d8    00000000     UNINITIALIZED

.text:vecs 
*          0    0080d800    00000200     
                  0080d800    00000200     HZ6101.lib : vecs.obj (.text:vecs)

.bss       0    0080da00    000000dc     UNINITIALIZED
                  0080da00    00000040     libProcess.lib : mmslvar.obj (.bss)
                  0080da40    00000028     HZ6101.lib : mmbisr.obj (.bss)
                  0080da68    00000020                : scheduler.obj (.bss)
                  0080da88    00000010     libProcess.lib : netdrv_top.obj (.bss)
                  0080da98    0000000e                    : mms_tdef.obj (.bss)
                  0080daa6    00000001     HZ6101.lib : candrv_top.obj (.bss)
                  0080daa7    00000001                : toolboxserv.obj (.bss)
                  0080daa8    0000000c     libProcess.lib : mms_ced3.obj (.bss)
                  0080dab4    00000009     HZ6101.lib : mmbin.obj (.bss)
                  0080dabd    00000003     --HOLE--
                  0080dac0    00000008     libProcess.lib : mms_interface.obj (.bss)
                  0080dac8    00000004     HZ6101.lib : board.obj (.bss)
                  0080dacc    00000004                : downloadprogram.obj (.bss)
                  0080dad0    00000004     libProcess.lib : goose_component.obj (.bss)
                  0080dad4    00000004                    : goose_rx.obj (.bss)
                  0080dad8    00000004                    : mvl_type.obj (.bss)

.cinit     0    0080dadc    000003a0     
                  0080dadc    00000222     (.cinit..fardata.load) [load image, compression = rle]
                  0080dcfe    00000002     --HOLE-- [fill = 0]
                  0080dd00    000000b6     (.cinit..neardata.load) [load image, compression = rle]
                  0080ddb6    00000002     --HOLE-- [fill = 0]
                  0080ddb8    0000000c     (.cinit..rtm_data.load) [load image, compression = rle]
                  0080ddc4    0000000c     (__TI_handler_table)
                  0080ddd0    0000000b     (.cinit..rx_l3_buf.load) [load image, compression = rle]
                  0080dddb    00000001     --HOLE-- [fill = 0]
                  0080dddc    00000008     (.cinit..SDRAM0_BSZ.load) [load image, compression = zero_init]
                  0080dde4    00000008     (.cinit..bss.load) [load image, compression = zero_init]
                  0080ddec    00000008     (.cinit..far.load) [load image, compression = zero_init]
                  0080ddf4    00000008     (.cinit..init_data.load) [load image, compression = zero_init]
                  0080ddfc    00000008     (.cinit..rx_app_buf.load) [load image, compression = zero_init]
                  0080de04    00000008     (.cinit..rx_data_buf.load) [load image, compression = zero_init]
                  0080de0c    00000008     (.cinit..rx_gs_buf.load) [load image, compression = zero_init]
                  0080de14    00000008     (.cinit..rx_smv_buf.load) [load image, compression = zero_init]
                  0080de1c    00000060     (__TI_cinit_table)

.rx_smv_buf 
*          0    40300000    00004000     UNINITIALIZED
                  40300000    00004000     libProcess.lib : netdrv_top.obj (.rx_smv_buf)

.rx_gs_buf 
*          0    40304000    0001b000     UNINITIALIZED
                  40304000    0001b000     libProcess.lib : netdrv_top.obj (.rx_gs_buf)

.rx_l3_buf 
*          0    4031fb00    00000108     
                  4031fb00    00000100     libProcess.lib : netdrv_top.obj (.rx_l3_buf:uninit) [fill = 0]
                  4031fc00    00000008                    : netdrv_top.obj (.rx_l3_buf:init)

.sysmem    0    a7000000    00400000     UNINITIALIZED
                  a7000000    00000008     rts6740_elf.lib : memory.obj (.sysmem)
                  a7000008    003ffff8     --HOLE--

.text      0    a7400000    0003d180     
                  a7400000    00003a40     libProcess.lib : netdrv_top.obj (.text)
                  a7403a40    00003100     HZ6101.lib : stream.obj (.text)
                  a7406b40    00002da0     libProcess.lib : mms_tdef.obj (.text)
                  a74098e0    00002d20     HZ6101.lib : canout.obj (.text)
                  a740c600    000029c0     libProcess.lib : goose_rx.obj (.text)
                  a740efc0    000025a0                    : goose_tx.obj (.text)
                  a7411560    000024a0     HZ6101.lib : netdrv.obj (.text)
                  a7413a00    00002080     libProcess.lib : mmsdata.obj (.text)
                  a7415a80    00001d60                    : ms_tdef.obj (.text)
                  a74177e0    00001ba0     HZ6101.lib : candrv_top.obj (.text)
                  a7419380    00001b60     libProcess.lib : asn1r.obj (.text)
                  a741aee0    000011e0     DZCmdMerge.obj (.text)
                  a741c0c0    00001140     libProcess.lib : str_util.obj (.text)
                  a741d200    00001100     HZ6101.lib : dcan.obj (.text)
                  a741e300    00001080     libProcess.lib : smv_le_rx.obj (.text)
                  a741f380    00000f00                    : smv_le_tx.obj (.text)
                  a7420280    00000ca0     HZ6101.lib : downloadprogram.obj (.text)
                  a7420f20    00000ca0                : var.obj (.text)
                  a7421bc0    00000c00                : canin.obj (.text)
                  a74227c0    00000bc0     ToolBox.dlb : And.obj (.text)
                  a7423380    00000bc0                 : Or.obj (.text)
                  a7423f40    00000ae0     DualSysPos.obj (.text)
                  a7424a20    000009e0     ToolBox.dlb : DigitalControl.obj (.text)
                  a7425400    000009a0     HZ6101.lib : board.obj (.text)
                  a7425da0    00000980                : mmbin.obj (.text)
                  a7426720    00000940     rts6740_elf.lib : _scanfi.obj (.text:_scanfi)
                  a7427060    00000920     libProcess.lib : ard_time.obj (.text)
                  a7427980    00000900     HZ6101.lib : scheduler.obj (.text)
                  a7428280    000008c0                : toolboxserv.obj (.text)
                  a7428b40    00000880     CommFun.obj (.text)
                  a74293c0    00000840     HZ6101.lib : mmbisr.obj (.text:retain)
                  a7429c00    000007a0     CableInput.obj (.text)
                  a742a3a0    00000780     rts6740_elf.lib : strftime.obj (.text:strftime)
                  a742ab20    000006a0                     : _scanfi.obj (.text:_sset_arg)
                  a742b1c0    000005e0     libProcess.lib : mms_interface.obj (.text)
                  a742b7a0    000005c0     rts6740_elf.lib : _printfi.obj (.text:_getarg_diouxp)
                  a742bd60    000005a0                     : divd.obj (.text:__c6xabi_divd)
                  a742c300    00000520     ElecLock.obj (.text)
                  a742c820    00000520     rts6740_elf.lib : _printfi.obj (.text:_setfield)
                  a742cd40    000004e0                     : mktime.obj (.text:mktime)
                  a742d220    000004c0     Simulate.obj (.text)
                  a742d6e0    000004c0     rts6740_elf.lib : _scanfi.obj (.text:_sproc_int)
                  a742dba0    000004c0     libProcess.lib : ard_int.obj (.text)
                  a742e060    000004c0                    : mms_ced3.obj (.text)
                  a742e520    00000480     HZ6101.lib : initdsp.obj (.text)
                  a742e9a0    00000480     ToolBox.dlb : mempack.obj (.text)
                  a742ee20    00000480     rts6740_elf.lib : strtod.obj (.text:strtod)
                  a742f2a0    00000480                     : strtold.obj (.text:strtold)
                  a742f720    00000460     HZ6101.lib : device.obj (.text)
                  a742fb80    00000460     rts6740_elf.lib : _printfi.obj (.text:_printfi)
                  a742ffe0    00000460                     : strtoll.obj (.text:strtoll)
                  a7430440    00000420     GLOBAL_VAR.obj (.text)
                  a7430860    00000400     rts6740_elf.lib : fgets.obj (.text:_dofgets)
                  a7430c60    00000400     libProcess.lib : are_int.obj (.text)
                  a7431060    00000400     rts6740_elf.lib : strtoull.obj (.text:strtoull)
                  a7431460    000003c0                     : strtol.obj (.text:strtol)
                  a7431820    000003a0                     : fputs.obj (.text:fputs)
                  a7431bc0    00000380     ToolBox.dlb : delay.obj (.text)
                  a7431f40    00000380     libProcess.lib : goose_component.obj (.text)
                  a74322c0    00000380                    : mvl_type.obj (.text)
                  a7432640    00000340     rts6740_elf.lib : _scanfi.obj (.text:_sget_conv)
                  a7432980    00000340     libProcess.lib : ard_flt.obj (.text)
                  a7432cc0    00000340                    : mvl_typ2.obj (.text)
                  a7433000    00000320     rts6740_elf.lib : _printfi.obj (.text:_pproc_fge)
                  a7433320    00000320                     : strtoul.obj (.text:strtoul)
                  a7433640    000002e0                     : _printfi.obj (.text:_pproc_fwp)
                  a7433920    000002e0                     : _scanfi.obj (.text:_sproc_float)
                  a7433c00    000002c0     HZ6101.lib : control.obj (.text)
                  a7433ec0    000002c0                : mmbisr.obj (.text)
                  a7434180    000002c0     rts6740_elf.lib : memory.obj (.text:realloc)
                  a7434440    000002a0     HZ6101.lib : msg.obj (.text)
                  a74346e0    000002a0     SwPos.obj (.text)
                  a7434980    000002a0     rts6740_elf.lib : _printfi.obj (.text:ecvt)
                  a7434c20    000002a0                     : _printfi.obj (.text:fcvt)
                  a7434ec0    00000280                     : divf.obj (.text:__c6xabi_divf)
                  a7435140    00000280                     : memory.obj (.text:free)
                  a74353c0    00000260                     : imath64.obj (.text:__c6xabi_divull)
                  a7435620    00000260                     : _printfi.obj (.text:_pconv_e)
                  a7435880    00000240                     : _printfi.obj (.text:_pproc_diouxp)
                  a7435ac0    00000220                     : _printfi.obj (.text:_pproc_str)
                  a7435ce0    00000220                     : fputc.obj (.text:fputc)
                  a7435f00    00000200                     : _printfi.obj (.text:_pconv_g)
                  a7436100    00000200     HZ6101.lib : dcan.obj (.text:retain)
                  a7436300    00000200                : timer.obj (.text:retain)
                  a7436500    00000200     rts6740_elf.lib : setvbuf.obj (.text:setvbuf)
                  a7436700    000001e0     HZ6101.lib : stime.obj (.text)
                  a74368e0    000001e0     ToolBox.dlb : toolbox.obj (.text)
                  a7436ac0    000001c0     HZ6101.lib : mmb.obj (.text)
                  a7436c80    000001c0     ToolBox.dlb : mem.obj (.text)
                  a7436e40    000001c0     rts6740_elf.lib : _printfi.obj (.text:_mcpy)
                  a7437000    000001c0                     : fopen.obj (.text:_openfile)
                  a74371c0    000001c0     libProcess.lib : are_vstr.obj (.text)
                  a7437380    000001a0     HZ6101.lib : iomap.obj (.text)
                  a7437520    000001a0     ToolBox.dlb : Const8.obj (.text)
                  a74376c0    000001a0                 : SEL2_UINT8.obj (.text)
                  a7437860    000001a0     rts6740_elf.lib : imath40.obj (.text:__c6xabi_divul)
                  a7437a00    000001a0                     : _scanfi.obj (.text:_sproc_str)
                  a7437ba0    000001a0     libProcess.lib : ard_vstr.obj (.text)
                  a7437d40    000001a0                    : are_flt.obj (.text)
                  a7437ee0    00000180     rts6740_elf.lib : trgdrv.obj (.text:HOSTrename)
                  a7438060    00000180                     : copy_decompress_rle.obj (.text:__TI_decompress_rle_core)
                  a74381e0    00000180                     : memory.obj (.text:malloc)
                  a7438360    00000180                     : lowlev.obj (.text:open)
                  a74384e0    00000160     ToolBox.dlb : Not.obj (.text)
                  a7438640    00000160     rts6740_elf.lib : _scanfi.obj (.text:_sproc_lb)
                  a74387a0    00000160     libProcess.lib : ard_utc.obj (.text)
                  a7438900    00000160     rts6740_elf.lib : sqrt.obj (.text:sqrt)
                  a7438a60    00000140     HZ6101.lib : init.obj (.text)
                  a7438ba0    00000140                : shmcomm.obj (.text)
                  a7438ce0    00000140                : timer.obj (.text)
                  a7438e20    00000140     rts6740_elf.lib : sscanf.obj (.text:_chkmbc)
                  a7438f60    00000140                     : _printfi.obj (.text:_pproc_fflags)
                  a74390a0    00000140                     : lowlev.obj (.text:getdevice)
                  a74391e0    00000140     libProcess.lib : ard_bstr.obj (.text)
                  a7439320    00000120     rts6740_elf.lib : _bufread.obj (.text:_buff_read)
                  a7439440    00000120                     : fclose.obj (.text:_closefile)
                  a7439560    00000120                     : _printfi.obj (.text:_ltostr)
                  a7439680    00000120                     : fopen.obj (.text:_search_fp)
                  a74397a0    00000120                     : _scanfi.obj (.text:_sget_scanset)
                  a74398c0    00000120                     : fseek.obj (.text:fseek)
                  a74399e0    00000100                     : trgdrv.obj (.text:HOSTlseek)
                  a7439ae0    00000100                     : autoinit.obj (.text:_auto_init_elf)
                  a7439be0    00000100                     : _io_perm.obj (.text:_wrt_ok)
                  a7439ce0    00000100                     : cpy_tbl.obj (.text:copy_in)
                  a7439de0    00000100                     : fprintf.obj (.text:fprintf)
                  a7439ee0    00000100     usr_app.obj (.text)
                  a7439fe0    000000e0     rts6740_elf.lib : trgdrv.obj (.text:HOSTopen)
                  a743a0c0    000000e0                     : trgdrv.obj (.text:HOSTread)
                  a743a1a0    000000e0     ToolBox.dlb : Constfloat.obj (.text)
                  a743a280    000000e0     rts6740_elf.lib : divi.obj (.text:__divi)
                  a743a360    000000e0                     : atoi.obj (.text:atoi)
                  a743a440    000000e0                     : atol.obj (.text:atol)
                  a743a520    000000e0                     : lowlev.obj (.text:close)
                  a743a600    000000e0                     : copy_zero_init.obj (.text:decompress:ZI:__TI_zero_init)
                  a743a6e0    000000e0                     : fflush.obj (.text:fflush)
                  a743a7c0    000000e0     libProcess.lib : ard_btod.obj (.text)
                  a743a8a0    000000e0                    : are_bstr.obj (.text)
                  a743a980    000000e0                    : are_time.obj (.text)
                  a743aa60    000000e0     rts6740_elf.lib : ltoa.obj (.text:ltoa)
                  a743ab40    000000e0                     : memset.obj (.text:memset)
                  a743ac20    000000c0                     : trgdrv.obj (.text:HOSTunlink)
                  a743ace0    000000c0                     : trgdrv.obj (.text:HOSTwrite)
                  a743ada0    000000c0     ToolBox.dlb : Constb.obj (.text)
                  a743ae60    000000c0     rts6740_elf.lib : divu.obj (.text:__divu)
                  a743af20    000000c0                     : _printfi.obj (.text:_div)
                  a743afe0    000000c0                     : fflush.obj (.text:_doflush)
                  a743b0a0    000000c0                     : _io_perm.obj (.text:_rd_ok)
                  a743b160    000000c0                     : _tvaltostr.obj (.text:_tvaltostr)
                  a743b220    000000c0                     : exit.obj (.text:exit)
                  a743b2e0    000000c0     libProcess.lib : are_btod.obj (.text)
                  a743b3a0    000000c0                    : are_utc.obj (.text)
                  a743b460    000000c0     rts6740_elf.lib : localtim.obj (.text:localtime)
                  a743b520    000000c0                     : tls.obj (.text:tls:init:__TI_tls_init)
                  a743b5e0    000000a0                     : trgdrv.obj (.text:HOSTclose)
                  a743b680    000000a0                     : remu.obj (.text:__remu)
                  a743b720    000000a0                     : fopen.obj (.text:_cleanup)
                  a743b7c0    000000a0                     : _printfi.obj (.text:_ecpy)
                  a743b860    000000a0                     : _printfi.obj (.text:_fcpy)
                  a743b900    000000a0                     : memory.obj (.text:_minit)
                  a743b9a0    000000a0                     : _printfi.obj (.text:_pconv_f)
                  a743ba40    000000a0                     : lowlev.obj (.text:finddevice)
                  a743bae0    000000a0     libProcess.lib : ard_idnt.obj (.text)
                  a743bb80    000000a0     rts6740_elf.lib : lowlev.obj (.text:lseek)
                  a743bc20    000000a0                     : memcpy64.obj (.text:memcpy)
                  a743bcc0    000000a0                     : memory.obj (.text:minsert)
                  a743bd60    000000a0                     : memory.obj (.text:mremove)
                  a743be00    000000a0                     : lowlev.obj (.text:read)
                  a743bea0    000000a0                     : strstr.obj (.text:strstr)
                  a743bf40    000000a0                     : lowlev.obj (.text:write)
                  a743bfe0    00000080     HZ6101.lib : main.obj (.text)
                  a743c060    00000080     rts6740_elf.lib : fixdu.obj (.text:__c6xabi_fixdu)
                  a743c0e0    00000080                     : fixfu.obj (.text:__c6xabi_fixfu)
                  a743c160    00000080                     : llshift.obj (.text:__c6xabi_llshl)
                  a743c1e0    00000080                     : memory.obj (.text:calloc)
                  a743c260    00000080     libProcess.lib : ard_ostr.obj (.text)
                  a743c2e0    00000080     rts6740_elf.lib : trgmsg.obj (.text:readmsg)
                  a743c360    00000080                     : strcat.obj (.text:strcat)
                  a743c3e0    00000080                     : strncpy.obj (.text:strncpy)
                  a743c460    00000080                     : lowlev.obj (.text:unlink)
                  a743c4e0    00000060                     : cpp_init.obj (.text:__TI_cpp_init)
                  a743c540    00000060                     : assert.obj (.text:__c6xabi_abort_msg)
                  a743c5a0    00000060                     : imath64.obj (.text:__c6xabi_remull)
                  a743c600    00000060                     : imath64.obj (.text:_subcull)
                  a743c660    00000060                     : fclose.obj (.text:fclose)
                  a743c6c0    00000060                     : fopen.obj (.text:fopen)
                  a743c720    00000060     libProcess.lib : process.obj (.text)
                  a743c780    00000060     rts6740_elf.lib : memccpy.obj (.text:memccpy)
                  a743c7e0    00000060                     : memmov.obj (.text:memmove)
                  a743c840    00000060                     : sprintf.obj (.text:sprintf)
                  a743c8a0    00000060                     : sscanf.obj (.text:sscanf)
                  a743c900    00000060                     : strcpy.obj (.text:strcpy)
                  a743c960    00000060                     : lowlev.obj (.text:tabinit)
                  a743c9c0    00000060                     : trgmsg.obj (.text:writemsg)
                  a743ca20    00000040                     : frcmpyd_div.obj (.text:__c6xabi_frcmpyd_div)
                  a743ca60    00000040                     : isinf.obj (.text:__c6xabi_isinf)
                  a743caa0    00000040                     : _printfi.obj (.text:__c6xabi_isnan)
                  a743cae0    00000040                     : llshift.obj (.text:__c6xabi_llshru)
                  a743cb20    00000040                     : strasg.obj (.text:__strasgi_64plus)
                  a743cb60    00000040                     : args_main.obj (.text:_args_main)
                  a743cba0    00000040                     : sprintf.obj (.text:_outs)
                  a743cbe0    00000040                     : gmtime.obj (.text:gmtime)
                  a743cc20    00000040     libProcess.lib : ard_bool.obj (.text)
                  a743cc60    00000040                    : are_bool.obj (.text)
                  a743cca0    00000040                    : are_ostr.obj (.text)
                  a743cce0    00000040                    : ms_tdef4.obj (.text)
                  a743cd20    00000040     rts6740_elf.lib : strlen.obj (.text:strlen)
                  a743cd60    00000020     HZ6101.lib : vecs.obj (.text)
                  a743cd80    00000020     rts6740_elf.lib : errno.obj (.text:__c6xabi_errno_addr)
                  a743cda0    00000020                     : negll.obj (.text:__c6xabi_negll)
                  a743cdc0    00000020                     : sscanf.obj (.text:_inpchar)
                  a743cde0    00000020                     : _lock.obj (.text:_nop)
                  a743ce00    00000020                     : fprintf.obj (.text:_outc)
                  a743ce20    00000020                     : sprintf.obj (.text:_outc)
                  a743ce40    00000020                     : fprintf.obj (.text:_outs)
                  a743ce60    00000020                     : sscanf.obj (.text:_uninpchar)
                  a743ce80    00000020                     : exit.obj (.text:abort)
                  a743cea0    00000020                     : copy_decompress_none.obj (.text:decompress:none:__TI_decompress_none)
                  a743cec0    00000020                     : copy_decompress_rle.obj (.text:decompress:rle24:__TI_decompress_rle24)
                  a743cee0    00000020                     : fgets.obj (.text:fgets)
                  a743cf00    00000010     HZ6101.lib : var.obj ($Tramp$S$$registerParameter)
                  a743cf10    00000010                : board.obj ($Tramp$S$$writeFileToFlash)
                  a743cf20    00000010                : board.obj ($Tramp$S$$eraseFileFlash)
                  a743cf30    00000010                : board.obj ($Tramp$S$$dsp_calloc)
                  a743cf40    00000010                : var.obj ($Tramp$S$$linkVarOutWithPtr)
                  a743cf50    00000010                : var.obj ($Tramp$S$$linkVarInWithPtr)
                  a743cf60    00000010     libProcess.lib : mmsdata.obj ($Tramp$S$$ms_local_to_asn1)
                  a743cf70    00000010                    : goose_component.obj ($Tramp$S$$msToLevelCnt)
                  a743cf80    00000010     HZ6101.lib : netdrv.obj ($Tramp$S$$cpdma_submit)
                  a743cf90    00000010                : netdrv.obj ($Tramp$S$$cpdma_process)
                  a743cfa0    00000010                : var.obj ($Tramp$S$$registerComponent)
                  a743cfb0    00000010                : board.obj ($Tramp$S$$resetCpu)
                  a743cfc0    00000010                : var.obj ($Tramp$S$$registerVarOut1)
                  a743cfd0    00000010                : var.obj ($Tramp$S$$registerVarIn1)
                  a743cfe0    00000010                : var.obj ($Tramp$S$$registerConstSignalOut1)
                  a743cff0    00000010                : mmbout.obj ($Tramp$S$$writeMmb2)
                  a743d000    00000010                : mmbout.obj ($Tramp$S$$writeMmb3)
                  a743d010    00000010                : mmbin.obj ($Tramp$S$$readMmb2)
                  a743d020    00000010                : scheduler.obj ($Tramp$S$$scheduleLvl2Task)
                  a743d030    00000010                : netdrv.obj ($Tramp$S$$net_recv)
                  a743d040    00000010                : mmbin.obj ($Tramp$S$$readMmb1)
                  a743d050    00000010                : mmbout.obj ($Tramp$S$$writeMmb1)
                  a743d060    00000010                : scheduler.obj ($Tramp$S$$scheduleLvl1Task)
                  a743d070    00000010                : netdrv.obj ($Tramp$S$$cpsw_recv_check)
                  a743d080    00000010                : init.obj ($Tramp$S$$handleCompconfig)
                  a743d090    00000010                : debug.obj ($Tramp$S$$handleDebugmsg)
                  a743d0a0    00000010                : var.obj ($Tramp$S$$handleParaSetcmd)
                  a743d0b0    00000010                : init.obj ($Tramp$S$$handleStartcmd)
                  a743d0c0    00000010                : mmbisr.obj ($Tramp$S$$enableMmb)
                  a743d0d0    00000010                : mmbisr.obj ($Tramp$S$$configMmb)
                  a743d0e0    00000010                : mmbout.obj ($Tramp$S$$optimizeMmbOutMap)
                  a743d0f0    00000010                : iomap.obj ($Tramp$S$$handleLocalInOutObject)
                  a743d100    00000010                : mmbout.obj ($Tramp$S$$handleMmbOutObject)
                  a743d110    00000010                : init.obj ($Tramp$S$$replyInitOrder)
                  a743d120    00000010                : debug.obj ($Tramp$S$$initDebugVars)
                  a743d130    00000010                : board.obj ($Tramp$S$$registerSystemStatus)
                  a743d140    00000010                : var.obj ($Tramp$S$$regComponentFinish)
                  a743d150    00000010                : initdsp.obj ($Tramp$S$$initdsp)
                  a743d160    00000010                : init.obj ($Tramp$S$$waitNewOrder)
                  a743d170    00000010     --HOLE-- [fill = 0]

.init_code 
*          0    a743d180    0000a780     
                  a743d180    00002d20     libProcess.lib : smv_le_rx.obj (.init_code)
                  a743fea0    00001920     HZ6101.lib : var.obj (.init_code)
                  a74417c0    000013e0     libProcess.lib : goose_component.obj (.init_code)
                  a7442ba0    00000fe0                    : goose_rx.obj (.init_code)
                  a7443b80    00000de0                    : smv_le_tx.obj (.init_code)
                  a7444960    00000b00     HZ6101.lib : mmbout.obj (.init_code)
                  a7445460    00000960                : debug.obj (.init_code)
                  a7445dc0    000007c0                : board.obj (.init_code)
                  a7446580    000005a0                : init.obj (.init_code)
                  a7446b20    00000520     libProcess.lib : goose_tx.obj (.init_code)
                  a7447040    00000340     HZ6101.lib : initdsp.obj (.init_code)
                  a7447380    00000260                : mmbisr.obj (.init_code)
                  a74475e0    000001a0                : iomap.obj (.init_code)
                  a7447780    00000160                : timer.obj (.init_code)
                  a74478e0    00000010                : initdsp.obj ($Tramp$S$$initCache)
                  a74478f0    00000010     --HOLE-- [fill = 0]

.far       0    a7447900    00008928     UNINITIALIZED
                  a7447900    00005e80     libProcess.lib : goose_tx.obj (.far)
                  a744d780    00000e18                    : goose_rx.obj (.far)
                  a744e598    00000bf0     HZ6101.lib : candrv_top.obj (.far)
                  a744f188    00000400     CommFun.obj (.far)
                  a744f588    00000324     HZ6101.lib : netdrv.obj (.far)
                  a744f8ac    00000004     --HOLE--
                  a744f8b0    0000019c     libProcess.lib : mms_tdef.obj (.far)
                  a744fa4c    00000004     --HOLE--
                  a744fa50    00000168                    : smv_le_tx.obj (.far)
                  a744fbb8    00000140     rts6740_elf.lib : defs.obj (.far)
                  a744fcf8    00000108     libProcess.lib : goose_component.obj (.far)
                  a744fe00    00000108                    : smv_le_rx.obj (.far)
                  a744ff08    000000fe                    : netdrv_top.obj (.far)
                  a7450006    00000002     --HOLE--
                  a7450008    000000c0     HZ6101.lib : stream.obj (.far)
                  a74500c8    000000a8                : debug.obj (.far)
                  a7450170    00000040                : mmbisr.obj (.far)
                  a74501b0    0000003a                : toolboxserv.obj (.far)
                  a74501ea    00000006     --HOLE--
                  a74501f0    00000020                : dcan.obj (.far)
                  a7450210    0000000a     rts6740_elf.lib : _tvaltostr.obj (.far)
                  a745021a    00000006     --HOLE--
                  a7450220    00000008                     : trgdrv.obj (.far)

.init_data 
*          0    a7450228    00004000     UNINITIALIZED
                  a7450228    00004000     HZ6101.lib : mmbisr.obj (.init_data)

.const     0    a7454228    000029be     
                  a7454228    0000069a     libProcess.lib : smv_le_rx.obj (.const:.string)
                  a74548c2    00000515     HZ6101.lib : board.obj (.const:.string)
                  a7454dd7    0000045f     libProcess.lib : goose_component.obj (.const:.string)
                  a7455236    00000313     DZCmdMerge.obj (.const:.string)
                  a7455549    000001fd     libProcess.lib : smv_le_tx.obj (.const:.string)
                  a7455746    000001ec     DualSysPos.obj (.const:.string)
                  a7455932    0000019b     libProcess.lib : ms_tdef.obj (.const:.string)
                  a7455acd    0000018e                    : netdrv_top.obj (.const:.string)
                  a7455c5b    00000132                    : goose_tx.obj (.const:.string)
                  a7455d8d    0000011a                    : goose_rx.obj (.const:.string)
                  a7455ea7    00000001     --HOLE-- [fill = 0]
                  a7455ea8    00000101     rts6740_elf.lib : ctype.obj (.const:.string:_ctypes_)
                  a7455fa9    000000f7     HZ6101.lib : var.obj (.const:.string)
                  a74560a0    000000cc     ElecLock.obj (.const:.string)
                  a745616c    000000b1     ToolBox.dlb : DigitalControl.obj (.const:.string)
                  a745621d    000000ab                 : toolbox.obj (.const:.string)
                  a74562c8    0000009e     CableInput.obj (.const:.string)
                  a7456366    00000099     rts6740_elf.lib : strftime.obj (.const:.string)
                  a74563ff    0000008f     ToolBox.dlb : delay.obj (.const:.string)
                  a745648e    0000008a     Simulate.obj (.const:.string)
                  a7456518    00000070     ToolBox.dlb : mem.obj (.const:.string)
                  a7456588    00000068     libProcess.lib : mvl_typ2.obj (.const:.string)
                  a74565f0    00000064     GLOBAL_VAR.obj (.const:.string)
                  a7456654    0000005c     ToolBox.dlb : And.obj (.const:.string)
                  a74566b0    00000057                 : Or.obj (.const:.string)
                  a7456707    00000057                 : mempack.obj (.const:.string)
                  a745675e    00000053     usr_app.obj (.const:.string)
                  a74567b1    00000050     SwPos.obj (.const:.string)
                  a7456801    00000005     HZ6101.lib : netdrv.obj (.const:.string)
                  a7456806    00000002     libProcess.lib : str_util.obj (.const:.string)
                  a7456808    00000050     rts6740_elf.lib : strtod.obj (.const:digits)
                  a7456858    00000050                     : strtold.obj (.const:digits)
                  a74568a8    00000048                     : strtod.obj (.const:powerof10)
                  a74568f0    00000048                     : strtold.obj (.const:powerof10)
                  a7456938    00000044     libProcess.lib : mms_tdef.obj (.const:m_def_data_algn_tbl)
                  a745697c    00000003     rts6740_elf.lib : assert.obj (.const:.string)
                  a745697f    00000001     --HOLE-- [fill = 0]
                  a7456980    00000030                     : strftime.obj (.const:fmon)
                  a74569b0    00000030                     : mktime.obj (.const:mon_day)
                  a74569e0    00000030                     : mktime.obj (.const:mon_len)
                  a7456a10    00000030     HZ6101.lib : board.obj (.const:monthDescString)
                  a7456a40    00000030     libProcess.lib : netdrv_top.obj (.const:monthString)
                  a7456a70    0000002d     ToolBox.dlb : Const8.obj (.const:.string)
                  a7456a9d    00000023     rts6740_elf.lib : _printfi.obj (.const:.string)
                  a7456ac0    00000022     ToolBox.dlb : Constfloat.obj (.const:.string)
                  a7456ae2    00000020                 : Constb.obj (.const:.string)
                  a7456b02    00000006     --HOLE-- [fill = 0]
                  a7456b08    0000001c     rts6740_elf.lib : strftime.obj (.const:fday)
                  a7456b24    0000001b     ToolBox.dlb : SEL2_UINT8.obj (.const:.string)
                  a7456b3f    00000014     libProcess.lib : process.obj (.const:.string)
                  a7456b53    00000012     HZ6101.lib : downloadprogram.obj (.const:.string)
                  a7456b65    00000012     ToolBox.dlb : Not.obj (.const:.string)
                  a7456b77    00000001     --HOLE-- [fill = 0]
                  a7456b78    0000000f     HZ6101.lib : stream.obj (.const:.string:$P$T0$1)
                  a7456b87    00000001     --HOLE-- [fill = 0]
                  a7456b88    0000000f                : stream.obj (.const:.string:$P$T1$2)
                  a7456b97    0000000e     libProcess.lib : are_time.obj (.const:.string)
                  a7456ba5    00000003     --HOLE-- [fill = 0]
                  a7456ba8    0000000c                    : netdrv_top.obj (.const:.string:$P$T0$1)
                  a7456bb4    0000000b     HZ6101.lib : candrv_top.obj (.const:.string)
                  a7456bbf    00000009                : device.obj (.const:.string)
                  a7456bc8    00000008                : toolboxserv.obj (.const:.string)
                  a7456bd0    00000008     libProcess.lib : mvl_type.obj (.const:.string)
                  a7456bd8    00000007     rts6740_elf.lib : _scanfi.obj (.const:.string:flit$1)
                  a7456bdf    00000001     --HOLE-- [fill = 0]
                  a7456be0    00000006                     : _scanfi.obj (.const:.string:barr$2)

.fardata   0    a7456be8    00000b90     
                  a7456be8    00000400     libProcess.lib : netdrv_top.obj (.fardata:TABLE_CRC32)
                  a7456fe8    000001e0     rts6740_elf.lib : defs.obj (.fardata:_ftable)
                  a74571c8    00000100     libProcess.lib : goose_rx.obj (.fardata:debug_goose_rx)
                  a74572c8    000000b8                    : ms_tdef.obj (.fardata:tdlTypes)
                  a7457380    000000a0     rts6740_elf.lib : lowlev.obj (.fardata:_stream)
                  a7457420    00000078                     : lowlev.obj (.fardata:_device)
                  a7457498    00000070     HZ6101.lib : dcan.obj (.fardata)
                  a7457508    00000058                : netdrv.obj (.fardata)
                  a7457560    00000050                : board.obj (.fardata)
                  a74575b0    00000050                : mmbout.obj (.fardata)
                  a7457600    00000033                : downloadprogram.obj (.fardata:file_name)
                  a7457633    00000001     --HOLE--
                  a7457634    00000030                : mmbin.obj (.fardata)
                  a7457664    0000002c                : canout.obj (.fardata)
                  a7457690    0000002c     libProcess.lib : goose_rx.obj (.fardata:time_fraction_bit)
                  a74576bc    00000004     rts6740_elf.lib : defs.obj (.fardata)
                  a74576c0    0000002c     libProcess.lib : mms_interface.obj (.fardata:utc_fraction_bit)
                  a74576ec    00000024     rts6740_elf.lib : localtim.obj (.fardata)
                  a7457710    00000010     HZ6101.lib : netdrv.obj (.fardata:index$3)
                  a7457720    00000010     rts6740_elf.lib : tmzone.obj (.fardata)
                  a7457730    0000000c     HZ6101.lib : canin.obj (.fardata)
                  a745773c    0000000c     rts6740_elf.lib : exit.obj (.fardata)
                  a7457748    0000000c                     : memory.obj (.fardata)
                  a7457754    00000008                     : _lock.obj (.fardata)
                  a745775c    00000004                     : errno.obj (.fardata)
                  a7457760    00000006     HZ6101.lib : netdrv.obj (.fardata:NetBcastAddr)
                  a7457766    00000002     --HOLE--
                  a7457768    00000006                : netdrv.obj (.fardata:cpsw_eth_mac_addr)
                  a745776e    00000002     --HOLE--
                  a7457770    00000004     rts6740_elf.lib : fopen.obj (.fardata)
                  a7457774    00000004                     : lowlev.obj (.fardata)

.SDRAM0_BSZ 
*          0    a7457778    000005e8     UNINITIALIZED
                  a7457778    000005e8     libProcess.lib : netdrv_top.obj (.SDRAM0_BSZ)

.rx_app_buf 
*          0    a8000000    00080000     UNINITIALIZED
                  a8000000    00080000     HZ6101.lib : netdrv.obj (.rx_app_buf)

.rx_data_buf 
*          0    a9000000    00010000     UNINITIALIZED
                  a9000000    00010000     libProcess.lib : netdrv_top.obj (.rx_data_buf)


LINKER GENERATED COPY TABLES

__TI_cinit_table @ 0080de1c records: 12, size/record: 8, table size: 96
	.fardata: load addr=0080dadc, load size=00000222 bytes, run addr=a7456be8, run size=00000b90 bytes, compression=rle
	.neardata: load addr=0080dd00, load size=000000b6 bytes, run addr=0080d428, run size=000002b0 bytes, compression=rle
	.rtm_data: load addr=0080ddb8, load size=0000000c bytes, run addr=00800280, run size=00006561 bytes, compression=rle
	.rx_l3_buf: load addr=0080ddd0, load size=0000000b bytes, run addr=4031fb00, run size=00000108 bytes, compression=rle
	.SDRAM0_BSZ: load addr=0080dddc, load size=00000008 bytes, run addr=a7457778, run size=000005e8 bytes, compression=zero_init
	.bss: load addr=0080dde4, load size=00000008 bytes, run addr=0080da00, run size=000000dc bytes, compression=zero_init
	.far: load addr=0080ddec, load size=00000008 bytes, run addr=a7447900, run size=00008928 bytes, compression=zero_init
	.init_data: load addr=0080ddf4, load size=00000008 bytes, run addr=a7450228, run size=00004000 bytes, compression=zero_init
	.rx_app_buf: load addr=0080ddfc, load size=00000008 bytes, run addr=a8000000, run size=00080000 bytes, compression=zero_init
	.rx_data_buf: load addr=0080de04, load size=00000008 bytes, run addr=a9000000, run size=00010000 bytes, compression=zero_init
	.rx_gs_buf: load addr=0080de0c, load size=00000008 bytes, run addr=40304000, run size=0001b000 bytes, compression=zero_init
	.rx_smv_buf: load addr=0080de14, load size=00000008 bytes, run addr=40300000, run size=00004000 bytes, compression=zero_init


LINKER GENERATED HANDLER TABLE

__TI_handler_table @ 0080ddc4 records: 3, size/record: 4, table size: 12
	index: 0, handler: __TI_zero_init
	index: 1, handler: __TI_decompress_rle24
	index: 2, handler: __TI_decompress_none


FAR CALL TRAMPOLINES

callee name               trampoline name
   callee addr  tramp addr   call addr  call info
--------------  -----------  ---------  ----------------
$.init_code:HZ6101.lib<var.obj>$0x938  $Tramp$S$$registerParameter
   a74407d8     a743cf00     a74017ec   libProcess.lib : netdrv_top.obj (.text)
                             a7401808                  : netdrv_top.obj (.text)
                             a7401828                  : netdrv_top.obj (.text)
                             a740184c                  : netdrv_top.obj (.text)
                             a742c5a8   ElecLock.obj (.text)
                             a742c5bc   ElecLock.obj (.text)
                             a742c690   ElecLock.obj (.text)
                             a742c778   ElecLock.obj (.text)
                             a742ebe8   ToolBox.dlb : mempack.obj (.text)
                             a742ed14               : mempack.obj (.text)
                             a7431d6c               : delay.obj (.text)
                             a7431e4c               : delay.obj (.text)
                             a7436d20               : mem.obj (.text)
                             a7436d40               : mem.obj (.text)
                             a74375b4               : Const8.obj (.text)
                             a7437670               : Const8.obj (.text)
                             a743a234               : Constfloat.obj (.text)
                             a743ae34               : Constb.obj (.text)
$.init_code:HZ6101.lib<board.obj>$0x20  $Tramp$S$$writeFileToFlash
   a7445de0     a743cf10     a74067a4   HZ6101.lib : stream.obj (.text)
$.init_code:HZ6101.lib<board.obj>$0x0  $Tramp$S$$eraseFileFlash
   a7445dc0     a743cf20     a74068d4   HZ6101.lib : stream.obj (.text)
$.init_code:HZ6101.lib<board.obj>$0x610  $Tramp$S$$dsp_calloc
   a74463d0     a743cf30     a740da08   libProcess.lib : goose_rx.obj (.text)
                             a74105e8                  : goose_tx.obj (.text)
$.init_code:HZ6101.lib<var.obj>$0x10a8  $Tramp$S$$linkVarOutWithPtr
   a7440f48     a743cf40     a740dd14   libProcess.lib : goose_rx.obj (.text)
                             a740e110                  : goose_rx.obj (.text)
                             a740e118                  : goose_rx.obj (.text)
                             a740e138                  : goose_rx.obj (.text)
                             a741ef10                  : smv_le_rx.obj (.text)
                             a741f0bc                  : smv_le_rx.obj (.text)
                             a741f184                  : smv_le_rx.obj (.text)
$.init_code:HZ6101.lib<var.obj>$0x128c  $Tramp$S$$linkVarInWithPtr
   a744112c     a743cf50     a7410200   libProcess.lib : goose_tx.obj (.text)
                             a7410218                  : goose_tx.obj (.text)
                             a7410400                  : goose_tx.obj (.text)
                             a741f8d4                  : smv_le_tx.obj (.text)
                             a741f958                  : smv_le_tx.obj (.text)
$.rtm_code:libProcess.lib<mmsdata.obj>$0x0  $Tramp$S$$ms_local_to_asn1
   008099c0     a743cf60     a7410898   libProcess.lib : goose_tx.obj (.text)
                             a7414334                  : mmsdata.obj (.text)
$.init_code:libProcess.lib<goose_component.obj>$0x2c4  $Tramp$S$$msToLevelCnt
   a7441a84     a743cf70     a7410da8   libProcess.lib : goose_tx.obj (.text)
                             a7410dd4                  : goose_tx.obj (.text)
                             a7410df0                  : goose_tx.obj (.text)
                             a7410e0c                  : goose_tx.obj (.text)
$.rtm_code:HZ6101.lib<netdrv.obj>$0x0  $Tramp$S$$cpdma_submit
   00809000     a743cf80     a7411a44   HZ6101.lib : netdrv.obj (.text)
                             a7411a94              : netdrv.obj (.text)
                             a74128c4              : netdrv.obj (.text)
$.rtm_code:HZ6101.lib<netdrv.obj>$0xc4  $Tramp$S$$cpdma_process
   008090c4     a743cf90     a74127a0   HZ6101.lib : netdrv.obj (.text)
$.init_code:HZ6101.lib<var.obj>$0xee0  $Tramp$S$$registerComponent
   a7440d80     a743cfa0     a741af68   DZCmdMerge.obj (.text)
                             a74229e0   ToolBox.dlb : And.obj (.text)
                             a7422b84               : And.obj (.text)
                             a7422cac               : And.obj (.text)
                             a7422da8               : And.obj (.text)
                             a7422eac               : And.obj (.text)
                             a74235a0               : Or.obj (.text)
                             a7423744               : Or.obj (.text)
                             a742386c               : Or.obj (.text)
                             a7423968               : Or.obj (.text)
                             a7423a6c               : Or.obj (.text)
                             a7423fe4   DualSysPos.obj (.text)
                             a7425200   ToolBox.dlb : DigitalControl.obj (.text)
                             a7429e50   CableInput.obj (.text)
                             a742c350   ElecLock.obj (.text)
                             a742d334   Simulate.obj (.text)
                             a742eb4c   ToolBox.dlb : mempack.obj (.text)
                             a742ec78               : mempack.obj (.text)
                             a743048c   GLOBAL_VAR.obj (.text)
                             a7431d18   ToolBox.dlb : delay.obj (.text)
                             a7431df8               : delay.obj (.text)
                             a7434748   SwPos.obj (.text)
                             a7436ce0   ToolBox.dlb : mem.obj (.text)
                             a7437574               : Const8.obj (.text)
                             a7437630               : Const8.obj (.text)
                             a7437758               : SEL2_UINT8.obj (.text)
                             a7438550               : Not.obj (.text)
                             a743a1f4               : Constfloat.obj (.text)
                             a743adf4               : Constb.obj (.text)
$.init_code:HZ6101.lib<board.obj>$0xd8  $Tramp$S$$resetCpu
   a7445e98     a743cfb0     a7420bb8   HZ6101.lib : downloadprogram.obj (.text)
                             a7420c84              : downloadprogram.obj (.text)
$.init_code:HZ6101.lib<var.obj>$0x68  $Tramp$S$$registerVarOut1
   a743ff08     a743cfc0     a7421764   HZ6101.lib : var.obj (.text)
$.init_code:HZ6101.lib<var.obj>$0x4a0  $Tramp$S$$registerVarIn1
   a7440340     a743cfd0     a7421948   HZ6101.lib : var.obj (.text)
$.init_code:HZ6101.lib<var.obj>$0xc50  $Tramp$S$$registerConstSignalOut1
   a7440af0     a743cfe0     a7421ba0   HZ6101.lib : var.obj (.text)
$.rtm_code:HZ6101.lib<mmbout.obj>$0x560  $Tramp$S$$writeMmb2
   00807d60     a743cff0     a7429598   HZ6101.lib : mmbisr.obj (.text:retain)
$.rtm_code:HZ6101.lib<mmbout.obj>$0x0  $Tramp$S$$writeMmb3
   00807800     a743d000     a74295a0   HZ6101.lib : mmbisr.obj (.text:retain)
$.rtm_code:HZ6101.lib<mmbin.obj>$0x0  $Tramp$S$$readMmb2
   00808620     a743d010     a74295b0   HZ6101.lib : mmbisr.obj (.text:retain)
$.rtm_code:HZ6101.lib<scheduler.obj>$0x0  $Tramp$S$$scheduleLvl2Task
   0080a920     a743d020     a7429628   HZ6101.lib : mmbisr.obj (.text:retain)
$.rtm_code:HZ6101.lib<netdrv.obj>$0x64c  $Tramp$S$$net_recv
   0080964c     a743d030     a7429840   HZ6101.lib : mmbisr.obj (.text:retain)
$.rtm_code:HZ6101.lib<mmbin.obj>$0x68c  $Tramp$S$$readMmb1
   00808cac     a743d040     a7429a20   HZ6101.lib : mmbisr.obj (.text:retain)
$.rtm_code:HZ6101.lib<mmbout.obj>$0xa00  $Tramp$S$$writeMmb1
   00808200     a743d050     a7429a3c   HZ6101.lib : mmbisr.obj (.text:retain)
$.rtm_code:HZ6101.lib<scheduler.obj>$0x34  $Tramp$S$$scheduleLvl1Task
   0080a954     a743d060     a7429ad0   HZ6101.lib : mmbisr.obj (.text:retain)
$.rtm_code:HZ6101.lib<netdrv.obj>$0x850  $Tramp$S$$cpsw_recv_check
   00809850     a743d070     a7429ad8   HZ6101.lib : mmbisr.obj (.text:retain)
$.init_code:HZ6101.lib<init.obj>$0x3a0  $Tramp$S$$handleCompconfig
   a7446920     a743d080     a7434590   HZ6101.lib : msg.obj (.text)
$.init_code:HZ6101.lib<debug.obj>$0x8e0  $Tramp$S$$handleDebugmsg
   a7445d40     a743d090     a74345a0   HZ6101.lib : msg.obj (.text)
$.init_code:HZ6101.lib<var.obj>$0x1890  $Tramp$S$$handleParaSetcmd
   a7441730     a743d0a0     a74345e0   HZ6101.lib : msg.obj (.text)
$.init_code:HZ6101.lib<init.obj>$0x220  $Tramp$S$$handleStartcmd
   a74467a0     a743d0b0     a74345f8   HZ6101.lib : msg.obj (.text)
$.init_code:HZ6101.lib<mmbisr.obj>$0x0  $Tramp$S$$enableMmb
   a7447380     a743d0c0     a7436ac0   HZ6101.lib : mmb.obj (.text)
$.init_code:HZ6101.lib<mmbisr.obj>$0x240  $Tramp$S$$configMmb
   a74475c0     a743d0d0     a7436c40   HZ6101.lib : mmb.obj (.text)
                             a7436c50              : mmb.obj (.text)
$.init_code:HZ6101.lib<mmbout.obj>$0x0  $Tramp$S$$optimizeMmbOutMap
   a7444960     a743d0e0     a7436c5c   HZ6101.lib : mmb.obj (.text)
$.init_code:HZ6101.lib<iomap.obj>$0x0  $Tramp$S$$handleLocalInOutObject
   a74475e0     a743d0f0     a74373d4   HZ6101.lib : iomap.obj (.text)
$.init_code:HZ6101.lib<mmbout.obj>$0x8c8  $Tramp$S$$handleMmbOutObject
   a7445228     a743d100     a7437414   HZ6101.lib : iomap.obj (.text)
$.init_code:HZ6101.lib<init.obj>$0x0  $Tramp$S$$replyInitOrder
   a7446580     a743d110     a7438ae0   HZ6101.lib : init.obj (.text)
$.init_code:HZ6101.lib<debug.obj>$0xf4  $Tramp$S$$initDebugVars
   a7445554     a743d120     a7438b34   HZ6101.lib : init.obj (.text)
$.init_code:HZ6101.lib<board.obj>$0x130  $Tramp$S$$registerSystemStatus
   a7445ef0     a743d130     a7438b44   HZ6101.lib : init.obj (.text)
$.init_code:HZ6101.lib<var.obj>$0x1024  $Tramp$S$$regComponentFinish
   a7440ec4     a743d140     a7438b5c   HZ6101.lib : init.obj (.text)
$.init_code:HZ6101.lib<initdsp.obj>$0x118  $Tramp$S$$initdsp
   a7447158     a743d150     a743bfe4   HZ6101.lib : main.obj (.text)
$.init_code:HZ6101.lib<init.obj>$0x120  $Tramp$S$$waitNewOrder
   a74466a0     a743d160     a743bfe8   HZ6101.lib : main.obj (.text)
$.text:HZ6101.lib<scheduler.obj>$0x410  $Tramp$S$$runTaskGroup
   a7427d90     0080aaa0     0080a934   HZ6101.lib : scheduler.obj (.rtm_code)
                             0080a998              : scheduler.obj (.rtm_code)
$.text:DualSysPos.obj$0x964  $Tramp$S$$Fun_Pos_QComp
   a74248a4     0080aab0     0080a4b0   DualSysPos.obj (.rtm_code)
$.text:libProcess.lib<mmsdata.obj>$0x8e4  $Tramp$S$$_log_data_type
   a74142e4     0080aac0     0080a0c8   libProcess.lib : mmsdata.obj (.rtm_code)
$.text:libProcess.lib<are_bool.obj>$0x0  $Tramp$S$$asn1r_wr_bool
   a743cc60     0080aad0     0080a04c   libProcess.lib : mmsdata.obj (.rtm_code)
$.text:libProcess.lib<are_time.obj>$0x0  $Tramp$S$$asn1r_wr_time
   a743a980     0080aae0     0080a040   libProcess.lib : mmsdata.obj (.rtm_code)
$.text:libProcess.lib<are_utc.obj>$0x0  $Tramp$S$$asn1r_wr_utc_time
   a743b3a0     0080aaf0     0080a02c   libProcess.lib : mmsdata.obj (.rtm_code)
$.text:libProcess.lib<asn1r.obj>$0x578  $Tramp$S$$asn1r_fin_prim
   a74198f8     0080ab00     0080a008   libProcess.lib : mmsdata.obj (.rtm_code)
                             0080a058                  : mmsdata.obj (.rtm_code)
$.text:libProcess.lib<are_bstr.obj>$0x0  $Tramp$S$$asn1r_wr_bitstr
   a743a8a0     0080ab10     00809fd0   libProcess.lib : mmsdata.obj (.rtm_code)
                             00809fec                  : mmsdata.obj (.rtm_code)
$.text:libProcess.lib<are_int.obj>$0x3a0  $Tramp$S$$asn1r_wr_i64
   a7431000     0080ab20     00809f68   libProcess.lib : mmsdata.obj (.rtm_code)
$.text:libProcess.lib<are_int.obj>$0x114  $Tramp$S$$asn1r_wr_u8
   a7430d74     0080ab30     00809f0c   libProcess.lib : mmsdata.obj (.rtm_code)
$.text:libProcess.lib<are_int.obj>$0x380  $Tramp$S$$asn1r_wr_u16
   a7430fe0     0080ab40     00809f00   libProcess.lib : mmsdata.obj (.rtm_code)
$.text:libProcess.lib<are_int.obj>$0x370  $Tramp$S$$asn1r_wr_u32
   a7430fd0     0080ab50     00809ef0   libProcess.lib : mmsdata.obj (.rtm_code)
$.text:libProcess.lib<are_int.obj>$0x294  $Tramp$S$$asn1r_wr_u64
   a7430ef4     0080ab60     00809ee8   libProcess.lib : mmsdata.obj (.rtm_code)
$.text:libProcess.lib<are_flt.obj>$0x98  $Tramp$S$$asn1r_wr_double
   a7437dd8     0080ab70     00809e74   libProcess.lib : mmsdata.obj (.rtm_code)
$.text:libProcess.lib<are_flt.obj>$0x0  $Tramp$S$$asn1r_wr_float
   a7437d40     0080ab80     00809e6c   libProcess.lib : mmsdata.obj (.rtm_code)
$.text:libProcess.lib<are_ostr.obj>$0x0  $Tramp$S$$asn1r_wr_octstr
   a743cca0     0080ab90     00809e1c   libProcess.lib : mmsdata.obj (.rtm_code)
                             00809e34                  : mmsdata.obj (.rtm_code)
$.text:libProcess.lib<are_vstr.obj>$0x0  $Tramp$S$$asn1r_wr_vstr
   a74371c0     0080aba0     00809dc4   libProcess.lib : mmsdata.obj (.rtm_code)
$.text:libProcess.lib<are_btod.obj>$0x0  $Tramp$S$$asn1r_wr_btod
   a743b2e0     0080abb0     00809cf8   libProcess.lib : mmsdata.obj (.rtm_code)
$.text:libProcess.lib<are_int.obj>$0x3d0  $Tramp$S$$asn1r_wr_i16
   a7431030     0080abc0     00809c8c   libProcess.lib : mmsdata.obj (.rtm_code)
                             00809f80                  : mmsdata.obj (.rtm_code)
$.text:libProcess.lib<are_int.obj>$0x3c0  $Tramp$S$$asn1r_wr_i32
   a7431020     0080abd0     00809c88   libProcess.lib : mmsdata.obj (.rtm_code)
                             00809f70                  : mmsdata.obj (.rtm_code)
$.text:libProcess.lib<are_int.obj>$0x38c  $Tramp$S$$asn1r_wr_i8
   a7430fec     0080abe0     00809c74   libProcess.lib : mmsdata.obj (.rtm_code)
                             00809f8c                  : mmsdata.obj (.rtm_code)
$.text:libProcess.lib<are_vstr.obj>$0x110  $Tramp$S$$asn1r_wr_utf8
   a74372d0     0080abf0     00809c34   libProcess.lib : mmsdata.obj (.rtm_code)
$.text:libProcess.lib<asn1r.obj>$0x1a8  $Tramp$S$$asn1r_strt_constr
   a7419528     0080ac00     00809ab8   libProcess.lib : mmsdata.obj (.rtm_code)
                             00809b8c                  : mmsdata.obj (.rtm_code)
$.text:libProcess.lib<asn1r.obj>$0x7b4  $Tramp$S$$asn1r_fin_constr
   a7419b34     0080ac10     00809a94   libProcess.lib : mmsdata.obj (.rtm_code)
                             00809ae4                  : mmsdata.obj (.rtm_code)
$.text:HZ6101.lib<netdrv.obj>$0x494  $Tramp$S$$cpdma_rx_start
   a74119f4     0080ac20     0080998c   HZ6101.lib : netdrv.obj (.rtm_code)
$.text:HZ6101.lib<netdrv.obj>$0x1a54  $Tramp$S$$cpsw_init
   a7412fb4     0080ac30     00809950   HZ6101.lib : netdrv.obj (.rtm_code)
$.text:HZ6101.lib<initdsp.obj>$0x54  $Tramp$S$$invalidCache
   a742e574     0080ac40     008091c4   HZ6101.lib : netdrv.obj (.rtm_code)
                             00809334              : netdrv.obj (.rtm_code)
                             008096a4              : netdrv.obj (.rtm_code)
                             00809810              : netdrv.obj (.rtm_code)
$.text:HZ6101.lib<mmbisr.obj>$0x284  $Tramp$S$$getMmb2BufPtr
   a7434144     0080ac50     00808628   HZ6101.lib : mmbin.obj (.rtm_code)
$.text:memcpy:rts6740_elf.lib<memcpy64.obj>$0x0  $Tramp$S$$memcpy
   a743bc20     0080ac60     00808130   HZ6101.lib : mmbout.obj (.rtm_code)
                             00808168              : mmbout.obj (.rtm_code)
                             008085c4              : mmbout.obj (.rtm_code)
                             008085fc              : mmbout.obj (.rtm_code)
                             0080892c              : mmbin.obj (.rtm_code)
                             0080896c              : mmbin.obj (.rtm_code)
                             00808fa4              : mmbin.obj (.rtm_code)
                             00808fe4              : mmbin.obj (.rtm_code)
$.text:CommFun.obj$0x4e8  $Tramp$S$$GOOSE_LINK_SOE
   a7429028     0080ac70     0080682c   DZCmdMerge.obj (.rtm_code)
                             0080684c   DZCmdMerge.obj (.rtm_code)
                             00806870   DZCmdMerge.obj (.rtm_code)
                             0080689c   DZCmdMerge.obj (.rtm_code)
                             00806ad8   DZCmdMerge.obj (.rtm_code)
                             00806b10   DZCmdMerge.obj (.rtm_code)
                             00806b38   DZCmdMerge.obj (.rtm_code)
                             00806b64   DZCmdMerge.obj (.rtm_code)
                             00806b8c   DZCmdMerge.obj (.rtm_code)
                             00806bb8   DZCmdMerge.obj (.rtm_code)
                             00806be8   DZCmdMerge.obj (.rtm_code)
                             00806c14   DZCmdMerge.obj (.rtm_code)
                             00806c48   DZCmdMerge.obj (.rtm_code)
$.rtm_code:HZ6101.lib<initdsp.obj>$0x0  $Tramp$S$$initCache
   0080a860     a74478e0     a744716c   HZ6101.lib : initdsp.obj (.init_code)

[70 trampolines]
[165 trampoline calls]


GLOBAL SYMBOLS: SORTED ALPHABETICALLY BY Name 

address    name
--------   ----
a7429394   BI_SOE
a743ce80   C$$EXIT
a743ca18   C$$IO$$
a742a290   CHECK_CableInput_check_task
a742d66c   CHECK_Simulate_check_task
a7429140   CommandContrl
0080daa7   DYNAMIC_LEVEL
a742906c   Dly_expand
0080a6ac   Dlyon
0080a120   DualSysPos_task
a741c064   DzCmdMerge_check_task
00806800   DzCmdMerge_task
a7438da4   EVM811X_wait
a7438df4   EVM811X_waitusec
0080a740   ElecLock_task
a741bfe4   Fun_CMD_QComp
a74248a4   Fun_Pos_QComp
a7430764   GLOBAL_VARCal
a743070c   GLOBAL_VAR_check_task
a7429028   GOOSE_LINK_SOE
0080a68c   GOOSE_SOE
0080a660   GSE_Bool_Q
0080a634   GSE_Test_Q
a7442e44   GetUtcDataFromFrame
a743b5e0   HOSTclose
a74399e0   HOSTlseek
a7439fe0   HOSTopen
a743a0c0   HOSTread
a7437ee0   HOSTrename
a743ac20   HOSTunlink
a743ace0   HOSTwrite
4031fb00   KGooseHead
4031fb70   KGooseRear
a744fdf8   KGooseTraficCtrl
0080da8c   KGseProcessTime
4031fc00   KOtherHead
4031fc04   KOtherRear
a744fff8   KOtherTraficCtrl
4031fbe0   KSmvHead
0080da88   KSmvProcessTime
4031fbf0   KSmvRear
a744fe00   KSvTraficCtrl
a7425d8c   KickDog
0080d54c   Klink_mode
0080d550   Kmaster_mode
a7428b2c   MAX
a7428310   MIN
a7457760   NetBcastAddr
a8000000   NetRxPackets
0080a5e8   PULSE_TRIG
0080d681   RAM_ERR
a7428ff0   SOE_fun
00802fe0   SmvRxChanDataBuf
0080aa40   SwPos_task
a7456be8   TABLE_CRC32
0080d680   TWO_SYS_CMP_ERR
a740e558   UtcToSoeTime
a744f188   ZERO_BUFFER
0080d67a   ZERO_Uint16
0080d67c   ZERO_Uint32
0080d678   ZERO_Uint8
0080d6d8   __CIOBUF_
0080de1c   __TI_CINIT_Base
0080de7c   __TI_CINIT_Limit
0080ddc4   __TI_Handler_Table_Base
0080ddd0   __TI_Handler_Table_Limit
UNDEFED    __TI_INITARRAY_Base
UNDEFED    __TI_INITARRAY_Limit
0080cc80   __TI_STACK_END
00002000   __TI_STACK_SIZE
0080d428   __TI_STATIC_BASE
00400000   __TI_SYSMEM_SIZE
UNDEFED    __TI_TLS_INIT_Base
UNDEFED    __TI_TLS_INIT_Limit
00000001   __TI_args_main
a743c4e0   __TI_cpp_init
a743cea0   __TI_decompress_none
a743cec0   __TI_decompress_rle24
a7457744   __TI_enable_exit_profile_output
ffffffff   __TI_pprof_out_hndl
ffffffff   __TI_prof_data_size
ffffffff   __TI_prof_data_start
a743b520   __TI_tls_init
a743a600   __TI_zero_init
ffffffff   __binit__
a743c540   __c6xabi_abort_msg
a742bd60   __c6xabi_divd
a7434ec0   __c6xabi_divf
a743a280   __c6xabi_divi
a743ae60   __c6xabi_divu
a7437860   __c6xabi_divul
a74353c0   __c6xabi_divull
a743cd80   __c6xabi_errno_addr
a743c060   __c6xabi_fixdu
a743c0e0   __c6xabi_fixfu
a743ca20   __c6xabi_frcmpyd_div
a743ca60   __c6xabi_isinf
a743c160   __c6xabi_llshl
a743cae0   __c6xabi_llshru
a743cda0   __c6xabi_negll
a743b680   __c6xabi_remu
a743c5a0   __c6xabi_remull
a743cb20   __c6xabi_strasgi_64plus
ffffffff   __c_args__
a743a280   __divi
a743ae60   __divu
a745775c   __errno
a743b680   __remu
a743cb20   __strasgi_64plus
a743cb60   _args_main
a7439ae0   _auto_init_elf
a7439320   _buff_read
00800200   _c_int00
a7429724   _c_int4
a7436100   _c_int5
a74293c0   _c_int6
a7436300   _c_int7
a743b720   _cleanup
a745773c   _cleanup_ptr
a7439440   _closefile
a7455ea8   _ctypes_
a743afe0   _doflush
a7457740   _dtors_ptr
a74576bc   _ft_end
a7456fe8   _ftable
a7457754   _lock
a743b900   _minit
0080da24   _mms_dec_info
0080da1c   _mms_dec_info_pres
0080da14   _mmsdec_msglen
0080da18   _mmsdec_msgptr
0080da20   _mmsdec_rslt
a742e3d0   _ms_get_mms_objname
a7407558   _ms_m_get_rt_info
a742e2ec   _ms_wr_mms_objname
0080dad8   _mvlu_num_dyn_types
a743cde0   _nop
a742fb80   _printfi
a743b0a0   _rd_ok
a7426720   _scanfi
0080ac80   _stack
a743c600   _subcull
a7000000   _sys_memory
a744fbb8   _tmpnams
a743b160   _tvaltostr
a7457720   _tz
a7457758   _unlock
0080d820   _vector1
0080d940   _vector10
0080d960   _vector11
0080d980   _vector12
0080d9a0   _vector13
0080d9c0   _vector14
0080d9e0   _vector15
0080d840   _vector2
0080d860   _vector3
0080d900   _vector8
0080d920   _vector9
0080d800   _vectors
a7439be0   _wrt_ok
a743ce80   abort
a74226e0   addCanInVarCallback
a7403674   addFixedLenCfg
a7402e80   addGooseLinkId
a7422678   addInValueSoeTime
a74035c8   addIntergerCfg
a7403340   addLinkCtrlInfo
a7402d0c   addNetFdCallBack
a74405d4   addOneParacallEntry
a7402c68   addOtherRxFunc
a7402b44   addSmvLinkId
a7402a8c   addStringCfg
0080d42b   alig_size
a7421584   appendVarLevelDesc
a74210c0   appendVarTypeDesc
a741d168   asciiToDouble
a741d0ac   asciiToFloat
a741d014   asciiToSint
a741cf60   asciiToSint16
a741ceac   asciiToSint8
a741ce14   asciiToSlong
a741cd70   asciiToUchar
a741ccd8   asciiToUint
a741cc30   asciiToUint16
a741cb8c   asciiToUint8
a741caf4   asciiToUlong
a741c9f8   ascii_to_hex_str
a741adc8   asn1_convert_btod_to_utc
a741ace0   asn1_convert_utc_to_btod
a741abec   asn1_objidcmp
a741abb4   asn1r_chk_getcstr_done
a741aba0   asn1r_class_err
a7419e0c   asn1r_cstr_done_err
a741ab2c   asn1r_decode_asn1
a741aae4   asn1r_decode_asn1_seq
a7419e24   asn1r_done_err
a7419b34   asn1r_fin_constr
a74198f8   asn1r_fin_prim
a74391e4   asn1r_get_bitstr
a74391e0   asn1r_get_bitstr_cstr
a743cc20   asn1r_get_bool
a743a7c0   asn1r_get_btod
a7432ad0   asn1r_get_double
a7432980   asn1r_get_float
a742dfec   asn1r_get_i16
a742dfc8   asn1r_get_i32
a742dfa8   asn1r_get_i64
a742df50   asn1r_get_i8
a743bae0   asn1r_get_identifier
a742dba0   asn1r_get_int32
a742dd04   asn1r_get_int64
a743c264   asn1r_get_octstr
a743c260   asn1r_get_octstr_cstr
a7427144   asn1r_get_time
a742df0c   asn1r_get_u16
a742de68   asn1r_get_u32
a742de48   asn1r_get_u64
a742dcc0   asn1r_get_u8
a74387a0   asn1r_get_utc_time
a7437c84   asn1r_get_utf8
a7437bf0   asn1r_get_vstr
a74195f0   asn1r_head_decode
a7437204   asn1r_local_to_utf8
a74195b0   asn1r_set_all_cstr_done
a7419598   asn1r_set_dec_err
a7419560   asn1r_strt_asn1_bld
a7419528   asn1r_strt_constr
a74194d8   asn1r_tag_add
a74194c0   asn1r_tag_restore
a7437ba0   asn1r_utf8_to_local
a743a8a0   asn1r_wr_bitstr
a743cc60   asn1r_wr_bool
a743b2e0   asn1r_wr_btod
a7437dd8   asn1r_wr_double
a7437d40   asn1r_wr_float
a7431030   asn1r_wr_i16
a7431020   asn1r_wr_i32
a7431000   asn1r_wr_i64
a7430fec   asn1r_wr_i8
a7430c60   asn1r_wr_int32
a7430f04   asn1r_wr_int32_spe
a7430d84   asn1r_wr_int64
a743cca0   asn1r_wr_octstr
a743a980   asn1r_wr_time
a7430fe0   asn1r_wr_u16
a7430fd0   asn1r_wr_u32
a7430f6c   asn1r_wr_u32_spe
a7430ef4   asn1r_wr_u64
a7430d74   asn1r_wr_u8
a743b3a0   asn1r_wr_utc_time
a74372d0   asn1r_wr_utf8
a74371c0   asn1r_wr_vstr
a743a360   atoi
a743a440   atol
ffffffff   binit
0080d6a4   board_type
0080d42d   bs_flag
a7419380   bstrcpy
0080d4b5   bus_bjj_in
0080d4b7   bus_bsj_in
0080d42e   bus_bsj_level
0080d4b6   bus_qd_in
a7419408   bvstrcpy
0080d434   cal_irq_cnt
a74027a0   calcCrc16
a74010d8   calcDataCrc32
a74279ac   calcTaskTimes
a743c1e0   calloc
a74190e4   canIntHandler
a7418fc0   canRxIntHandler
a7418dcc   canTickHandler
a7418ce4   canTxIntHandler
a744e598   can_buffer
0080d660   can_fd
a7457730   can_in_object
0080d588   can_int_cnt
a7457664   can_out_object
a740e9e0   checkBjj
a7445a70   checkDebugObjec
a7402788   checkHsrPortLink
[...]
0080da18   _mmsdec_msgptr
0080da1c   _mms_dec_info_pres
0080da20   _mmsdec_rslt
0080da24   _mms_dec_info
0080da28   mms_op_err
0080da2c   m_hw_dec_aa
0080da30   m_hw_rt_aa_ctrl
0080da34   m_alt_acc_packed
0080da35   m_use_dis_float
0080da36   cs_send_reset_val
0080da38   mms_debug_sel
0080da3c   user_debug_sel
0080da48   lvl1_locked_int_time
0080da4c   lvl2_locked_int_time
0080da50   mmb1_start_time
0080da54   mmb2_start_time
0080da58   lvl1_locked_real_time
0080da5c   lvl2_locked_real_time
0080da68   lvl1_interrupt_time
0080da6c   lvl2_interrupt_time
0080da70   lvl3_interrupt_time
0080da74   lvl4_interrupt_time
0080da78   task_lvl1
0080da7c   task_lvl2
0080da80   task_lvl3
0080da84   task_lvl4
0080da88   KSmvProcessTime
0080da8c   KGseProcessTime
0080da90   rx_buf_scan_level
0080da91   tx_buf_scan_level
0080da94   crc32_goose
0080daa6   this_core
0080daa7   DYNAMIC_LEVEL
0080dac0   mvl_type_ctrl
0080dac4   mvl_num_types
0080dac8   lib_version
0080dacc   file_cnt
0080dad4   hsr_net_port
0080dad8   _mvlu_num_dyn_types
0080ddc4   __TI_Handler_Table_Base
0080ddd0   __TI_Handler_Table_Limit
0080de1c   __TI_CINIT_Base
0080de7c   __TI_CINIT_Limit
40300000   rx_smv_buf
40304000   rx_goose_buf
4031fb00   KGooseHead
4031fb70   KGooseRear
4031fbe0   KSmvHead
4031fbf0   KSmvRear
4031fc00   KOtherHead
4031fc04   KOtherRear
a7000000   _sys_memory
a7400000   setWarningSignalOut
a740006c   setSrcMac
a7400100   setLinkRxMemInfo
a7400180   setLinkFlowControl
a7400218   scanEmacTxBuf
a74003f8   resetGooseRxInfo
a740046c   resetOtherRxInfo
a74004c0   resetSmvRxInfo
a7400530   scanEmacRxBuf
a7400794   jointSmvRxBuf
a74007e8   getNextVal
a74007f4   jointGooseRxbuf
a74008f4   gooseRxFunc
a7400c14   scanGooseRxBuf
a7400d84   otherRxFunc
a7400f60   scanOtherRxBuf
a7400f80   readOneLine
a7400fcc   initTableCRC32
a7401090   convertBitOrder
a74010d8   calcDataCrc32
a7401330   getFileCrc32
a7401640   makeVersionFormDate
a7401748   newProcessDevice
a74019cc   jointFt3RxBuf
a7401a28   initProcessDevice
a7401bb4   getPreVal
a7401bc4   getMacFromStr
a7401dc0   emacTxMsg
a7402760   emacSmvRx
a7402780   emacFt3Rx
a7402788   checkHsrPortLink
a74027a0   calcCrc16
a7402a8c   addStringCfg
a7402b44   addSmvLinkId
a7402c68   addOtherRxFunc
a7402d0c   addNetFdCallBack
a7402e80   addGooseLinkId
a7403340   addLinkCtrlInfo
a74035c8   addIntergerCfg
a7403674   addFixedLenCfg
a7403a40   strwrite
a7403af8   strugetc
a7403b40   simple_strtoul
a7403cf4   strtodf
a7403f80   strseek
a740401c   skip_atoi
a74040c0   simple_strtof
a74041f8   simple_strtol
a74045a4   simple_strtoull
a7404774   simple_strtod
a74048c8   simple_strtoll
a7404918   myvsscanf
a7405718   strgets
a7405848   strscanf
a7405b10   strread
a74060f0   stropen
a7406620   strgetc
a7406658   strfeof
a740666c   strclose
a74068c0   strclear
a74068e0   mysscanf
a7406910   getFileCRC
a740702c   ms_runtime_destroy
a7407558   _ms_m_get_rt_info
a7407ac8   ms_get_blocked_length
a7408ec4   ms_rt_size_calc
a74096d8   ms_runtime_create
a7409860   ms_log_runtime
a7409864   ms_is_rt_prim
a740ba2c   runCanOutObj
a740bbe0   optimizeCanOutMap
a740bed0   initCanOutPara
a740bfac   handleCanOutObject
a740c4b4   delCanOutVarEntry
a740d8e8   parseGooseRxConfiguration
a740e214   initSignalRelation
a740e558   UtcToSoeTime
a740e994   checkRebootTimer
a740e9e0   checkBjj
a740eae8   checkLinkDown
a740edf4   checkHsrPortLinkState
a740f58c   getDatatype
a740f7c4   getDataLen
a74104b4   parseGooseTxConfiguration
a74106e8   gooseGetSendTime
a7410748   gooseFixedframeEncode
a7410c38   gooseAddApduHead
a7410cd4   initTxData
a7411560   set_smv_flowctrl_para
a74115c4   set_other_flowctrl_para
a7411628   set_goose_flowctrl_para
a741168c   setHsrMac
a7411874   reg_link_info
a74119c8   cpdma_tx_start
a74119f4   cpdma_rx_start
a7411ab0   netdev_enable
a7411ba8   netdev_write
a7411bc4   netdev_read
a7411d50   init_fpga_dma_cfg
a7411dec   check_hsr_port
a7411f04   isNetTxBusy
a7411f6c   netdev_ioctl
a7412770   netdev_open
a7412788   cpsw_send
a7412fb4   cpsw_init
a74134b4   eth_register
a74134c8   cpsw_register
a7413720   eth_initialize
a7413924   netdev_init
a74139c8   cpsw_eth_set_mac_addr
a7414304   ms_local_to_asn1_easy
a7414380   ms_asn1_to_local
a7415a80   ms_mk_asn1_type
a7416dd0   ms_tdl_to_runtime
a7416e20   ms_runtime_to_tdl
a7417714   ms_asn1_to_tdl
a74177e0   sendMultiFrame
a7417990   sendSingleFrame
a7417af8   sendAckFrame
a7417c30   insertAckFrame
a7417d78   singleFrameHandler
a7417fc0   insertSingleFrame
a7418180   insertMultiFrame
a7418388   sendCanMsg
a74185e4   sendAllFrame
a74186a8   initCanBuf
a7418754   openCanDevice
a7418820   multiFrameHandler
a7418ce4   canTxIntHandler
a7418dcc   canTickHandler
a7418fc0   canRxIntHandler
a74190e4   canIntHandler
a7419380   bstrcpy
a7419408   bvstrcpy
a74194c0   asn1r_tag_restore
a74194d8   asn1r_tag_add
a7419528   asn1r_strt_constr
a7419560   asn1r_strt_asn1_bld
a7419598   asn1r_set_dec_err
a74195b0   asn1r_set_all_cstr_done
a74195f0   asn1r_head_decode
a74198f8   asn1r_fin_prim
a7419b34   asn1r_fin_constr
a7419e0c   asn1r_cstr_done_err
a7419e24   asn1r_done_err
a741aae4   asn1r_decode_asn1_seq
a741ab2c   asn1r_decode_asn1
a741aba0   asn1r_class_err
a741abb4   asn1r_chk_getcstr_done
a741abec   asn1_objidcmp
a741ace0   asn1_convert_utc_to_btod
a741adc8   asn1_convert_btod_to_utc
a741aee0   newDzCmdMerge
a741bdec   initDzCmdMerge
a741bfe4   Fun_CMD_QComp
a741c064   DzCmdMerge_check_task
a741c1b0   uLongToAscii
a741c1c4   uIntToAscii
a741c1d4   uInt8ToAscii
a741c1e8   uInt32ToAscii
a741c200   uInt16ToAscii
a741c210   strnstr
a741c2e8   strnicmp
a741c400   strcmpi
a741c5c4   sLongToAscii
a741c5e0   sIntToAscii
a741c600   sInt8ToAscii
a741c620   sInt32ToAscii
a741c640   sInt16ToAscii
a741c660   hex_to_ascii_str
a741c700   getKeywordFromFile
a741c9f8   ascii_to_hex_str
a741caf4   asciiToUlong
a741cb8c   asciiToUint8
a741cc30   asciiToUint16
a741ccd8   asciiToUint
a741cd70   asciiToUchar
a741ce14   asciiToSlong
a741ceac   asciiToSint8
a741cf60   asciiToSint16
a741d014   asciiToSint
a741d0ac   asciiToFloat
a741d168   asciiToDouble
a741d200   dcan_write
a741d870   dcan_start
a741d900   dcan_read
a741d930   dcan_open
a741d940   dcan_ioctl
a741da18   dcan_init
a741e2a0   dcan_irqhandler
a741e300   smvCheckDataEntryValid
a741e310   smvAddRxCfgRam
a741eb6c   linkSmvRxDataChanWithBuff
a741f26c   fmsToLevelCnt
a741f360   iec600448_rx_callback
a741f380   setSmvTxMask
a741f9d4   initTxCheckRamMask
a741fcb4   initSmvTxEncodeBuf
a7420280   downStart
a7420474   downRequest
a7420500   downFinish
a7420a6c   downDataMsg
a7420b40   downCancel
a7420bd0   downConfigMsg
a7420f20   saveParameterInfo
a7420f90   runParameterCheck
a74210c0   appendVarTypeDesc
a7421584   appendVarLevelDesc
a74216b4   registerVarOut
a7421784   registerVarIn
a7421968   registerParameterForCheck
a74219d4   registerConstSignalOut
a7421bc0   updateCanSoeIn
a7421cc0   updateCanBlockIn
a7421fa4   updateCanInObject
a7422594   handleCanInObject
a7422678   addInValueSoeTime
a74226e0   addCanInVarCallback
a74227c0   runAnd8
a7422824   runAnd4
a7422854   runAnd3
a7422880   runAnd2
a74228a0   runAnd16
a7422964   newAnd8
a7422b20   newAnd4
a7422c44   newAnd3
a7422d44   newAnd2
a7422e28   newAnd16
a74230c8   initAnd8
a742314c   initAnd4
a74231d0   initAnd3
a7423260   initAnd2
a74232e4   initAnd16
a7423380   runOr8
a74233e4   runOr4
a7423414   runOr3
a7423440   runOr2
a7423460   runOr16
a7423524   newOr8
a74236e0   newOr4
a7423804   newOr3
a7423904   newOr2
a74239e8   newOr16
a7423c88   initOr8
a7423d0c   initOr4
a7423d90   initOr3
a7423e20   initOr2
a7423ea4   initOr16
a7423f40   newDualSysPos
a7424884   initDualSysPos
a74248a4   Fun_Pos_QComp
a7424a20   runDigitalControl
a7425178   newDigitalControl
a74253ac   initDigitalControl
a7425400   waitForcmd
a7425464   setBSJ
a7425468   setBJJ
a742546c   moveDMAData
a742560c   sendPcieData
a7425714   putInt16
a7425734   putInt32
a742576c   putInt64
a74257e8   putInt8
a74257f4   putValue
a74258c4   putString
a7425964   putMemory
a74259a0   isMemDMABusy
a7425a04   isPcieSendBusy
a7425a10   initPlatAndMmbMemory
a7425a14   initDmaChanWithMultiLink
a7425a18   getInt16
a7425a4c   getInt32
a7425aac   getInt8
a7425ac0   getValue
a7425b44   getString
a7425bd4   getPPSTick
a7425bf0   getInt64
a7425c90   getFpgaTick
a7425cac   clearBSJ
a7425cac   clrBSJ
a7425cb0   clearBJJ
a7425cb0   clrBJJ
a7425cb4   checkReadMemAddr
a7425cb8   checkPPS
a7425d8c   KickDog
a7426310   handleMmbInObject
a7426720   _scanfi
a7427144   asn1r_get_time
a7427980   suspendTaskGrp
a74279ac   calcTaskTimes
a7427a20   setTaskCycleTime
a7427b20   setTaskCycle
a7427bb4   setTask
a7427ca4   setFirstTask
a7427d90   runTaskGroup
a7427df0   scheduleLvl4Task
a7427e08   scheduleLvl3Task
a7427e20   recoverTaskGrp
a7427e68   delTaskQue
a7427ed4   optimizeTaskSchedule
a7428088   initTaskques
a7428160   delAllTaskQue
a7428280   registerToolBoxCmp
a7428310   MIN
a7428320   newPlcComponent
a742886c   newComponent
a7428978   initPlcComponent
a7428aa0   getComponentInstance
a7428b2c   MAX
a7428b40   two_signal_cmp
a7428b80   initbuffer
a7428b94   init_pointer
a7428bcc   init_check_set_pointer
a7428c2c   initSOE_fun
a7428c50   get_relay_stat
a7428c70   deal_TripClose
a7428dc8   deal_GD_DD
a7428ea0   deal_DLYFYH
a7428f70   check_set_pointer
a7428ff0   SOE_fun
a7429028   GOOSE_LINK_SOE
a742906c   Dly_expand
a7429140   CommandContrl
a7429394   BI_SOE
a74293c0   _c_int6
a7429724   _c_int4
a7429c00   runCableInput
a7429df0   newCableInput
a742a16c   initCableInput
a742a290   CHECK_CableInput_check_task
a742a3a0   strftime
a742b1c0   utc_ms_to_fraction
a742b264   utc_fraction_to_ms
a742b304   mvl_tdl_to_type_id
a742b394   mvl_init_type_ctrl
a742b3f0   get_data_num_in_rt
a742b554   get_data_num_from_rt
a742b5e0   get_data_from_rt
a742b6a8   get_data_by_rt
a742bd60   __c6xabi_divd
a742c300   newElecLock
a742c7c4   initElecLock
a742cd40   mktime
a742d220   runSimulate
a742d2c8   newSimulate
a742d5e0   initSimulate
a742d66c   CHECK_Simulate_check_task
a742dba0   asn1r_get_int32
a742dcc0   asn1r_get_u8
a742dd04   asn1r_get_int64
a742de48   asn1r_get_u64
a742de68   asn1r_get_u32
a742df0c   asn1r_get_u16
a742df50   asn1r_get_i8
a742dfa8   asn1r_get_i64
a742dfc8   asn1r_get_i32
a742dfec   asn1r_get_i16
a742e2ec   _ms_wr_mms_objname
a742e3d0   _ms_get_mms_objname
a742e520   sw_wait
a742e574   invalidCache
a742e614   initGPMC
a742e630   initGPIO
a742e928   initdevice
a742e9a0   runMEM_INT16_UNPACK
a742ea44   runMEM_INT16_PACK
a742eaf8   newMEM_INT16_UNPACK
a742ec28   newMEM_INT16_PACK
a742ed60   initMEM_INT16_UNPACK
a742edc4   initMEM_INT16_PACK
a742ee20   strtod
a742f2a0   strtold
a742f720   registerPlatdevice
a742f950   dev_write
a742f98c   dev_read
a742f9c8   dev_open
a742faa0   dev_lseek
a742faa4   dev_ioctl
a742fae0   dev_enable
a742fb20   dev_close
a742fb80   _printfi
a742ffe0   strtoll
a7430440   newGLOBAL_VAR
a7430680   initGLOBAL_VAR
a743070c   GLOBAL_VAR_check_task
a7430764   GLOBAL_VARCal
a7430c60   asn1r_wr_int32
a7430d74   asn1r_wr_u8
a7430d84   asn1r_wr_int64
a7430ef4   asn1r_wr_u64
a7430f04   asn1r_wr_int32_spe
a7430f6c   asn1r_wr_u32_spe
a7430fd0   asn1r_wr_u32
a7430fe0   asn1r_wr_u16
a7430fec   asn1r_wr_i8
a7431000   asn1r_wr_i64
a7431020   asn1r_wr_i32
a7431030   asn1r_wr_i16
a7431060   strtoull
a7431460   strtol
a7431820   fputs
a7431bc0   runDelayOn
a7431c34   runDelayOff
a7431cb4   newDelayOn
a7431d94   newDelayOff
a7431e74   initDelayOn
a7431ecc   initDelayOff
a7431f40   gooseCheckDataEntryValid
a7431f60   gooseAddRxCfgRam
a74322c0   mvlu_free_rt_type
a74322e8   mvlu_add_rt_type
a7432398   mvl_typename_to_typeid
a743244c   mvl_typeid_to_typename
a7432488   mvl_type_ctrl_find
a74324c0   mvl_type_ctrl_find_dyn
a7432510   mvl_mod_arr_size
a7432580   mvl_get_runtime_dyn
a74325e0   mvl_get_runtime
a7432980   asn1r_get_float
a7432ad0   asn1r_get_double
a7432cc0   mvl_type_id_destroy
a7432f74   mvl_type_id_create
a7433320   strtoul
a7433c00   fillReturnInfo
a7433c34   sendDigitalAck
a7433cb4   sendAnalogAck
a7433d34   handleYkYt
a7433ec0   updateInternalTime
a7434060   startMmb1DMAWrite
a74340e8   readFpgaTime
a7434104   readFpgaInt1StartTime
a7434124   readFpgaInt0StartTime
a7434144   getMmb2BufPtr
a7434150   checkMmb2Status
a7434158   checkMmb1Status
a7434180   realloc
a7434440   sendMsg
a7434520   handleManagerFrame
a7434620   handleRecvFrame
a74346e0   newSwPos
a7434948   initSwPos
a7434ec0   __c6xabi_divf
a7435140   free
a74353c0   __c6xabi_divull
a7435ce0   fputc
a7436100   _c_int5
a7436300   _c_int7
a7436500   setvbuf
a7436700   handleSynctime
a7436804   handleDspLeap
a74368e0   initToolBox
a7436aa8   initInVarWithOutLink
a7436ac0   startMmb
a7436ad0   setMmbIntMode
a7436adc   setMmbIntDelayTime
a7436af4   recvMmbConfig
a7436bf8   initMmb
a7436c80   newVisualMEM
a7436d60   initVisualMEM
a74371c0   asn1r_wr_vstr
a7437204   asn1r_local_to_utf8
a74372d0   asn1r_wr_utf8
a7437380   handleOutObject
a7437460   handleInObject
a7437520   newConstUint8
a74375d8   newConstInt8
a7437698   initConstUint8
a74376a0   initConstInt8
a74376c0   runSEL2_UINT8
a74376f0   newSEL2_UINT8
a74377f0   initSEL2_UINT8
a7437860   __c6xabi_divul
a7437ba0   asn1r_utf8_to_local
a7437bf0   asn1r_get_vstr
a7437c84   asn1r_get_utf8
a7437d40   asn1r_wr_float
a7437dd8   asn1r_wr_double
a7437ee0   HOSTrename
a74381e0   malloc
a7438360   open
a74384e0   runNot
a74384f8   newNot
a74385c0   initNot
a74387a0   asn1r_get_utc_time
a7438900   sqrt
a7438a60   waitRunOrder
a7438b30   waitInitOrder
a7438ba0   dspcallarm
a7438ce0   readNowTime
a7438ce0   readTimer
a7438cf0   delayNsTimer
a7438cf0   myDealyNs
a7438cf4   delayUs
a7438d50   delayNs
a7438da4   EVM811X_wait
a7438df4   EVM811X_waitusec
a74391e0   asn1r_get_bitstr_cstr
a74391e4   asn1r_get_bitstr
a7439320   _buff_read
a7439440   _closefile
a74398c0   fseek
a74399e0   HOSTlseek
a7439ae0   _auto_init_elf
a7439be0   _wrt_ok
a7439ce0   copy_in
a7439de0   fprintf
a7439ee0   registerUsrApp
a7439fe0   HOSTopen
a743a0c0   HOSTread
a743a1a0   newConstFloat
a743a260   initConstFloat
a743a280   __c6xabi_divi
a743a280   __divi
a743a360   atoi
a743a440   atol
a743a520   close
a743a600   __TI_zero_init
a743a6e0   fflush
a743a7c0   asn1r_get_btod
a743a8a0   asn1r_wr_bitstr
a743a980   asn1r_wr_time
a743aa60   ltoa
a743ab40   memset
a743ac20   HOSTunlink
a743ace0   HOSTwrite
a743ada0   newConstb
a743ae58   initConstb
a743ae60   __c6xabi_divu
a743ae60   __divu
a743afe0   _doflush
a743b0a0   _rd_ok
a743b160   _tvaltostr
a743b220   exit
a743b2e0   asn1r_wr_btod
a743b3a0   asn1r_wr_utc_time
a743b460   localtime
a743b520   __TI_tls_init
a743b5e0   HOSTclose
a743b680   __c6xabi_remu
a743b680   __remu
a743b720   _cleanup
a743b900   _minit
a743bae0   asn1r_get_identifier
a743bb80   lseek
a743bc20   memcpy
a743be00   read
a743bea0   strstr
a743bf40   write
a743bfe0   main
a743c060   __c6xabi_fixdu
a743c0e0   __c6xabi_fixfu
a743c160   __c6xabi_llshl
a743c1e0   calloc
a743c260   asn1r_get_octstr_cstr
a743c264   asn1r_get_octstr
a743c2e0   readmsg
a743c360   strcat
a743c3e0   strncpy
a743c460   remove
a743c460   unlink
a743c4e0   __TI_cpp_init
a743c540   __c6xabi_abort_msg
a743c5a0   __c6xabi_remull
a743c600   _subcull
a743c660   fclose
a743c6c0   fopen
a743c720   initlibProcess
a743c780   memccpy
a743c7e0   memmove
a743c840   sprintf
a743c8a0   sscanf
a743c900   strcpy
a743c9c0   writemsg
a743ca18   C$$IO$$
a743ca20   __c6xabi_frcmpyd_div
a743ca60   __c6xabi_isinf
a743cae0   __c6xabi_llshru
a743cb20   __c6xabi_strasgi_64plus
a743cb20   __strasgi_64plus
a743cb60   _args_main
a743cbe0   gmtime
a743cc20   asn1r_get_bool
a743cc60   asn1r_wr_bool
a743cca0   asn1r_wr_octstr
a743cce0   u_ml_get_rt_type
a743cd20   strlen
a743cd80   __c6xabi_errno_addr
a743cda0   __c6xabi_negll
a743cde0   _nop
a743ce80   C$$EXIT
a743ce80   abort
a743cea0   __TI_decompress_none
a743cec0   __TI_decompress_rle24
a743cee0   fgets
a743d180   writeSmvChanDataBuf
a743d34c   decodeSmvLeAsduSeq
a743d3c0   checkRxAsduIsLost
a743d590   copySmvApduData
a743da58   saveDecodedSmvData
a743dca8   smvRxCallback
a743e1c4   parseSmvRxConfiguration
a743e564   newSmvRxComponent
a743f360   initSmvRxComponent
a743fae8   checkSmvRxRunStatus
a743fea0   registerVarQuality
a743ff08   registerVarOut1
a7440060   registerLogicSignal
a7440334   registerVarLink
a7440340   registerVarIn1
a744046c   registerVarBlockOut
a74404b0   registerVarBlockIn
a74404f4   registerParameter1
a74405d4   addOneParacallEntry
a7440784   registerParameterWithCallback1
a74407d8   registerParameter
a7440894   registerParameterWithCallback
a74408ec   registerGooseTest
a7440af0   registerConstSignalOut1
a7440d80   registerComponent
a7440ec4   regComponentFinish
a7440f00   newParaCallFuncTable
a7440f48   linkVarOutWithPtr
a744112c   linkVarInWithPtr
a7441730   handleParaSetcmd
a74417c0   parseGooseCfgInfo
a7441a84   msToLevelCnt
a7441b70   newGooseComponent
a74426a0   initGooseComponent
a7442ba0   timeFractionToMsFms
a7442c54   gooseDecodeValidAlldata
a7442e44   GetUtcDataFromFrame
a7442ec0   freshGooseRxData
a7443550   gooseDecodeFpga
a74439f0   gooseRxCallBack
a7443b80   runSmvTx
a7443e60   parseSmvTxConfiguration
a7444100   newSmvTxComponent
a7444580   initSmvTxComponent
a7444960   optimizeMmbOutMap
a7445228   handleMmbOutObject
a7445460   sendVarValue
a7445554   initDebugVars
a7445a70   checkDebugObjec
a7445d40   handleDebugmsg
a7445dc0   eraseFileFlash
a7445de0   writeFileToFlash
a7445e98   resetCpu
a7445ef0   registerSystemStatus
a74461e8   nvram_malloc
a7446234   nvram_calloc
a74462c0   monitorCpuLoad
a74462c4   getProgramTime
a74462d4   getProgramCrc
a74462e8   getMakeDate
a74463d0   dsp_calloc
a7446578   checkTypeSize
a74466a0   waitNewOrder
a74467a0   handleStartcmd
a7446920   handleCompconfig
a7446b20   goosePackageTx
a7447040   initPLL
a7447058   initInterrupts
a7447090   initEDMA3
a7447158   initdsp
a7447310   initPcie
a7447380   enableMmb
a7447590   disableMMB2
a74475a8   disableMMB1
a74475c0   configMmb
a74475e0   handleLocalInOutObject
a7447780   initTimers
a7447880   enableTimer3
a7447900   goose_frame_len
a7447920   goose_frame_start
a7447960   goose_frame_buffer
a744d780   encode_ac
a744e570   dec_ac
a744e598   can_buffer
a744f188   ZERO_BUFFER
a744f588   goose_hsr_port
a744f7c8   netdev_priv
a744f854   netstat
a744f884   emac_rx_goose_func
a744f88c   emac_rx_smv_func
a744f894   emac_rx_ft3_func
a744f89c   emac_rx_adc_func
a744f8a4   emac_rx_other_func
a744fa50   debug_smv_tx
a744faf0   debug_smv_cnt
a744fb18   debug_smv_tx_err
a744fb68   debug_sv1
a744fb90   debug_sv2
a744fbb8   _tmpnams
a744fcf8   dbg32_output
a744fdf8   KGooseTraficCtrl
a744fe00   KSvTraficCtrl
a744fe08   debug_sv_rx
a744fe88   debug_sv_rx_cnt
a744ff08   debug_top
a744ff58   debug_top_p
a744ffc4   goose_mem_info
a744ffd0   smv_mem_info
a744ffdc   other_mem_info
a744fff8   KOtherTraficCtrl
a7450000   src_mac
a7450008   glb_fp_buf
a74500c8   debug_obj
a7450170   paramSet0
a7450190   paramSet1
a74501b0   debug_new_comp
a74501b8   debug_new_comp_name
a74501f0   d_can_bittiming
a7450208   recv_can_data
a7450228   mmb3_ram
a7455ea8   _ctypes_
a7456938   m_def_data_algn_tbl
a7456a10   monthDescString
a7456be8   TABLE_CRC32
a7456fe8   _ftable
a74571c8   debug_goose_rx
a74572c8   tdlTypes
a7457498   dcan_dev
a74574f0   dcan_priv
a7457508   process_ndev
a7457560   lib_ver_info
a7457600   file_name
a7457664   can_out_object
a74576bc   _ft_end
a7457720   _tz
a7457730   can_in_object
a745773c   _cleanup_ptr
a7457740   _dtors_ptr
a7457744   __TI_enable_exit_profile_output
a7457754   _lock
a7457758   _unlock
a745775c   __errno
a745775c   errno
a7457760   NetBcastAddr
a7457768   cpsw_eth_mac_addr
a7457778   gDecodeCfg
a8000000   NetRxPackets
a9000000   otherRxBuf
ffffffff   __TI_pprof_out_hndl
ffffffff   __TI_prof_data_size
ffffffff   __TI_prof_data_start
ffffffff   __binit__
ffffffff   __c_args__
ffffffff   binit
UNDEFED    __TI_INITARRAY_Base
UNDEFED    __TI_INITARRAY_Limit
UNDEFED    __TI_TLS_INIT_Base
UNDEFED    __TI_TLS_INIT_Limit

[1041 symbols]
