******************************************************************************
               TMS320C6x Linker PC v7.4.8                      
******************************************************************************
>> Linked Mon Nov 23 10:38:23 2020

OUTPUT FILE NAME:   <obj/dsp.out>
ENTRY POINT SYMBOL: "_c_int00"  address: 00800200


MEMORY CONFIGURATION

         name            origin    length      used     unused   attr    fill
----------------------  --------  ---------  --------  --------  ----  --------
  DSPL2_RSVD            00800000   00000100  00000000  00000100  RWIX
  DSPL2_C_INIT          00800200   00000080  00000080  00000000  RWIX
  DSPL2                 00800280   0002fd80  0000f971  0002040f  RWIX
  DSPL2_Cache           00830000   00010000  00000000  00010000  RWIX
  DSPL1P                00e00000   00008000  00000000  00008000  RWIX
  DSPL1D                00f00000   00008000  00000000  00008000  RWIX
  DSPNVRAM              110c0000   00010000  00000000  00010000  RWIX
  L3RAM_SV              40300000   00004000  00004000  00000000  RWIX
  L3RAM_GS              40304000   0001b000  0001b000  00000000  RWIX
  L3RAM_AD              4031f000   00000b00  00000000  00000b00  RWIX
  L3RAM_RS              4031fb00   00000500  00000108  000003f8  RWIX
  DRAM                  a7000000   01000000  0045a16e  00ba5e92  RWIX
  DRAM_APP              a8000000   01000000  00000000  01000000  RWIX
  DRAM_GS               a9000000   02000000  00010000  01ff0000  RWIX
  DRAM_RS               ab000000   04000000  00000000  04000000  RWIX
  DRAM_BUF1             af000000   00200000  00000000  00200000  RWIX
  DRAM_BUF2             af200000   00200000  00000000  00200000  RWIX
  SHAREDRAM             af600000   00a00000  00000000  00a00000  RWIX


SEGMENT ALLOCATION MAP

run origin  load origin   length   init length attrs members
----------  ----------- ---------- ----------- ----- -------
00800200    00800200    00000080   00000080    r-x
  00800200    00800200    00000080   00000080    r-x .text:_c_int00
00800280    00800280    00007d81   00007d81    rw-
  00800280    00800280    00007d81   00007d81    rw- .rtm_data
00808020    00808020    000049e0   000049e0    r-x
  00808020    00808020    000049e0   000049e0    r-x .rtm_code
0080ca00    0080ca00    00002000   00000000    rw-
  0080ca00    0080ca00    00002000   00000000    rw- .stack
0080ea00    0080ea00    000007d0   000007d0    r--
  0080ea00    0080ea00    000007d0   000007d0    r-- .switch
0080f1d0    0080f1d0    00000284   00000284    rw-
  0080f1d0    0080f1d0    00000284   00000284    rw- .neardata
0080f458    0080f458    00000210   00000000    rw-
  0080f458    0080f458    00000120   00000000    rw- .cio
  0080f578    0080f578    000000f0   00000000    rw- .bss
0080f800    0080f800    000005ac   000005ac    r-x
  0080f800    0080f800    00000200   00000200    r-x .text:vecs
  0080fa00    0080fa00    000003ac   000003ac    r-- .cinit
40300000    40300000    0001f000   00000000    rw-
  40300000    40300000    00004000   00000000    rw- .rx_smv_buf
  40304000    40304000    0001b000   00000000    rw- .rx_gs_buf
4031fb00    4031fb00    00000108   00000108    rw-
  4031fb00    4031fb00    00000108   00000108    rw- .rx_l3_buf
a7000000    a7000000    00400000   00000000    rw-
  a7000000    a7000000    00400000   00000000    rw- .sysmem
a7400000    a7400000    00049340   00049340    r-x
  a7400000    a7400000    0003e780   0003e780    r-x .text
  a743e780    a743e780    0000abc0   0000abc0    r-x .init_code
a7449340    a7449340    000088a8   00000000    rw-
  a7449340    a7449340    000088a8   00000000    rw- .far
a7451be8    a7451be8    00004000   00000000    rw-
  a7451be8    a7451be8    00004000   00000000    rw- .init_data
a7455be8    a7455be8    0000341e   0000341e    r--
  a7455be8    a7455be8    0000341e   0000341e    r-- .const
a7459008    a7459008    00001168   00000b80    rw-
  a7459008    a7459008    00000b80   00000b80    rw- .fardata
  a7459b88    a7459b88    000005e8   00000000    rw- .SDRAM0_BSZ
a9000000    a9000000    00010000   00000000    rw-
  a9000000    a9000000    00010000   00000000    rw- .rx_data_buf


SECTION ALLOCATION MAP

 output                                  attributes/
section   page    origin      length       input sections
--------  ----  ----------  ----------   ----------------
.text:_c_int00 
*          0    00800200    00000080     
                  00800200    00000080     rts6740_elf.lib : boot.obj (.text:_c_int00)

.rtm_data 
*          0    00800280    00007d81     
                  00800280    00003020     HZ6101.lib : mmbisr.obj (.rtm_data) [fill = 0]
                  008032a0    00002d60     libProcess.lib : netdrv_top.obj (.rtm_data:uninit) [fill = 0]
                  00806000    00002000                    : smv_le_rx.obj (.rtm_data) [fill = 0]
                  00808000    00000001                    : netdrv_top.obj (.rtm_data:init)

.rtm_code 
*          0    00808020    000049e0     
                  00808020    00000f20     DZCmdMerge.obj (.rtm_code)
                  00808f40    00000e20     HZ6101.lib : mmbout.obj (.rtm_code)
                  00809d60    000009e0                : mmbin.obj (.rtm_code)
                  0080a740    00000760     libProcess.lib : mmsdata.obj (.rtm_code)
                  0080aea0    00000740     HZ6101.lib : mmbisr.obj (.rtm_code:retain)
                  0080b5e0    00000660                : mmbisr.obj (.rtm_code)
                  0080bc40    00000480     DualSysPos.obj (.rtm_code)
                  0080c0c0    000001a0     CommFun.obj (.rtm_code)
                  0080c260    00000120     ElecLock.obj (.rtm_code)
                  0080c380    000000e0     HZ6101.lib : board.obj (.rtm_code)
                  0080c460    000000c0                : initdsp.obj (.rtm_code)
                  0080c520    000000a0     AIOGs16.obj (.rtm_code)
                  0080c5c0    000000a0     BIOGs16.obj (.rtm_code)
                  0080c660    000000a0     HZ6101.lib : scheduler.obj (.rtm_code)
                  0080c700    000000a0     SysSwapDeal.obj (.rtm_code)
                  0080c7a0    00000060     SwPos.obj (.rtm_code)
                  0080c800    00000010     HZ6101.lib : scheduler.obj ($Tramp$S$$runTaskGroup)
                  0080c810    00000010     DualSysPos.obj ($Tramp$S$$Fun_Pos_QComp)
                  0080c820    00000010     HZ6101.lib : board.obj ($Tramp$S$$isMemDMABusy)
                  0080c830    00000010                : board.obj ($Tramp$S$$moveDMAData)
                  0080c840    00000010     rts6740_elf.lib : fixdu.obj ($Tramp$S$$__c6xabi_fixdu)
                  0080c850    00000010     HZ6101.lib : stime.obj ($Tramp$S$$handleDspLeap)
                  0080c860    00000010                : timer.obj ($Tramp$S$$readNowTime)
                  0080c870    00000010     libProcess.lib : mmsdata.obj ($Tramp$S$$_log_data_type)
                  0080c880    00000010                    : are_bool.obj ($Tramp$S$$asn1r_wr_bool)
                  0080c890    00000010                    : are_time.obj ($Tramp$S$$asn1r_wr_time)
                  0080c8a0    00000010                    : are_utc.obj ($Tramp$S$$asn1r_wr_utc_time)
                  0080c8b0    00000010                    : asn1r.obj ($Tramp$S$$asn1r_fin_prim)
                  0080c8c0    00000010                    : are_bstr.obj ($Tramp$S$$asn1r_wr_bitstr)
                  0080c8d0    00000010                    : are_int.obj ($Tramp$S$$asn1r_wr_i64)
                  0080c8e0    00000010                    : are_int.obj ($Tramp$S$$asn1r_wr_u8)
                  0080c8f0    00000010                    : are_int.obj ($Tramp$S$$asn1r_wr_u16)
                  0080c900    00000010                    : are_int.obj ($Tramp$S$$asn1r_wr_u32)
                  0080c910    00000010                    : are_int.obj ($Tramp$S$$asn1r_wr_u64)
                  0080c920    00000010                    : are_flt.obj ($Tramp$S$$asn1r_wr_double)
                  0080c930    00000010                    : are_flt.obj ($Tramp$S$$asn1r_wr_float)
                  0080c940    00000010                    : are_ostr.obj ($Tramp$S$$asn1r_wr_octstr)
                  0080c950    00000010                    : are_vstr.obj ($Tramp$S$$asn1r_wr_vstr)
                  0080c960    00000010                    : are_btod.obj ($Tramp$S$$asn1r_wr_btod)
                  0080c970    00000010                    : are_int.obj ($Tramp$S$$asn1r_wr_i16)
                  0080c980    00000010                    : are_int.obj ($Tramp$S$$asn1r_wr_i32)
                  0080c990    00000010                    : are_int.obj ($Tramp$S$$asn1r_wr_i8)
                  0080c9a0    00000010                    : are_vstr.obj ($Tramp$S$$asn1r_wr_utf8)
                  0080c9b0    00000010                    : asn1r.obj ($Tramp$S$$asn1r_strt_constr)
                  0080c9c0    00000010                    : asn1r.obj ($Tramp$S$$asn1r_fin_constr)
                  0080c9d0    00000010     rts6740_elf.lib : memcpy64.obj ($Tramp$S$$memcpy)
                  0080c9e0    00000010     CommFun.obj ($Tramp$S$$GOOSE_LINK_SOE)
                  0080c9f0    00000010     --HOLE-- [fill = 0]

.stack     0    0080ca00    00002000     UNINITIALIZED
                  0080ca00    00000008     rts6740_elf.lib : boot.obj (.stack)
                  0080ca08    00001ff8     --HOLE--

.switch    0    0080ea00    000007d0     
                  0080ea00    000000e8     rts6740_elf.lib : strftime.obj (.switch:strftime)
                  0080eae8    00000090     libProcess.lib : ms_tdef.obj (.switch:ms_runtime_to_tdl)
                  0080eb78    00000084     HZ6101.lib : netdrv.obj (.switch:netdev_ioctl)
                  0080ebfc    00000084                : mmbout.obj (.switch:newMmbOutMapMem)
                  0080ec80    00000080     libProcess.lib : mmsdata.obj (.switch:ms_local_to_asn1)
                  0080ed00    00000068                    : mms_tdef.obj (.switch:_ms_m_get_rt_info)
                  0080ed68    00000058                    : ms_tdef.obj (.switch:ms_mk_asn1_type)
                  0080edc0    00000058     HZ6101.lib : stream.obj (.switch:myvsscanf)
                  0080ee18    00000050     libProcess.lib : mmsdata.obj (.switch:assign_tags)
                  0080ee68    00000050                    : mmsdata.obj (.switch:ms_asn1_to_local)
                  0080eeb8    0000004c     HZ6101.lib : var.obj (.switch:appendVarTypeDesc)
                  0080ef04    0000003c                : mmbin.obj (.switch:newMmbVarInMap)
                  0080ef40    0000003c                : canout.obj (.switch:runCanOutObj)
                  0080ef7c    00000034                : msg.obj (.switch:handleManagerFrame)
                  0080efb0    0000002c     libProcess.lib : goose_rx.obj (.switch:freshGooseRxData)
                  0080efdc    00000028     LoRaUnpack.obj (.switch:DataIssue)
                  0080f004    00000028     rts6740_elf.lib : _scanfi.obj (.switch:_sset_arg)
                  0080f02c    00000020     libProcess.lib : mmsdata.obj (.switch:get_int_prim)
                  0080f04c    00000020                    : mmsdata.obj (.switch:get_uint_prim)
                  0080f06c    00000020     HZ6101.lib : board.obj (.switch:putValue)
                  0080f08c    00000020                : debug.obj (.switch:setVar)
                  0080f0ac    0000001c     libProcess.lib : goose_tx.obj (.switch:getDataLen)
                  0080f0c8    0000001c                    : goose_tx.obj (.switch:updateDataToFrame)
                  0080f0e4    00000018     LoRaUnpack.obj (.switch:ErrorHandler)
                  0080f0fc    00000018     HZ6101.lib : debug.obj (.switch:handleDebugmsg)
                  0080f114    00000018     libProcess.lib : netdrv_top.obj (.switch:scanEmacRxBuf)
                  0080f12c    00000014     HZ6101.lib : init.obj (.switch:handleStartcmd)
                  0080f140    00000010     libProcess.lib : asn1r.obj (.switch:asn1r_head_decode)
                  0080f150    00000010                    : goose_tx.obj (.switch:goosePackageTx)
                  0080f160    00000010                    : smv_le_rx.obj (.switch:initSmvRxComponent)
                  0080f170    00000010     HZ6101.lib : netdrv.obj (.switch:netdev_enable)
                  0080f180    00000010                : scheduler.obj (.switch:optimizeTaskSchedule)
                  0080f190    00000010                : scheduler.obj (.switch:setFirstTask)
                  0080f1a0    00000010     libProcess.lib : netdrv_top.obj (.switch:setLinkRxMemInfo)
                  0080f1b0    00000010     HZ6101.lib : scheduler.obj (.switch:setTask)
                  0080f1c0    00000010                : scheduler.obj (.switch:setTaskCycleTime)

.neardata 
*          0    0080f1d0    00000284     
                  0080f1d0    000000a5     HZ6101.lib : board.obj (.neardata)
                  0080f275    00000001                : candrv_top.obj (.neardata)
                  0080f276    00000002     libProcess.lib : goose_tx.obj (.neardata)
                  0080f278    00000058     HZ6101.lib : mmbisr.obj (.neardata)
                  0080f2d0    00000044                : scheduler.obj (.neardata)
                  0080f314    0000003d     libProcess.lib : netdrv_top.obj (.neardata)
                  0080f351    00000001                    : mms_interface.obj (.neardata)
                  0080f352    0000001a     HZ6101.lib : mmb.obj (.neardata)
                  0080f36c    00000015                : stime.obj (.neardata)
                  0080f381    00000002     sfp.obj (.neardata)
                  0080f383    00000001     --HOLE-- [fill = 0]
                  0080f384    00000010     HZ6101.lib : fpgacan.obj (.neardata)
                  0080f394    00000010                : mmbin.obj (.neardata)
                  0080f3a4    00000010                : var.obj (.neardata)
                  0080f3b4    00000010     libProcess.lib : mms_tdef.obj (.neardata)
                  0080f3c4    0000000c     HZ6101.lib : main.obj (.neardata)
                  0080f3d0    0000000c                : msg.obj (.neardata)
                  0080f3dc    0000000c                : stream.obj (.neardata)
                  0080f3e8    0000000a     CommFun.obj (.neardata)
                  0080f3f2    00000002     --HOLE-- [fill = 0]
                  0080f3f4    0000000a     HZ6101.lib : netdrv.obj (.neardata)
                  0080f3fe    00000002     --HOLE-- [fill = 0]
                  0080f400    00000008                : init.obj (.neardata)
                  0080f408    00000008                : toolboxserv.obj (.neardata)
                  0080f410    00000008     libProcess.lib : goose_component.obj (.neardata)
                  0080f418    00000008                    : ms_tdef.obj (.neardata)
                  0080f420    00000008     usr_app.obj (.neardata)
                  0080f428    00000006     HZ6101.lib : timer.obj (.neardata)
                  0080f42e    00000002     --HOLE-- [fill = 0]
                  0080f430    00000005                : canout.obj (.neardata)
                  0080f435    00000003     --HOLE-- [fill = 0]
                  0080f438    00000005     libProcess.lib : ard_time.obj (.neardata)
                  0080f43d    00000003     --HOLE-- [fill = 0]
                  0080f440    00000005                    : goose_rx.obj (.neardata)
                  0080f445    00000003     --HOLE-- [fill = 0]
                  0080f448    00000004     HZ6101.lib : debug.obj (.neardata)
                  0080f44c    00000004                : device.obj (.neardata)
                  0080f450    00000004                : mmbout.obj (.neardata)

.rodata    0    0080f454    00000000     UNINITIALIZED

.bss       0    0080f454    00000000     UNINITIALIZED

.cio       0    0080f458    00000120     UNINITIALIZED
                  0080f458    00000120     rts6740_elf.lib : trgmsg.obj (.cio)

.bss       0    0080f578    000000f0     UNINITIALIZED
                  0080f578    00000040     libProcess.lib : mmslvar.obj (.bss)
                  0080f5b8    0000003c     HZ6101.lib : mmbisr.obj (.bss)
                  0080f5f4    00000020                : scheduler.obj (.bss)
                  0080f614    00000010     libProcess.lib : netdrv_top.obj (.bss)
                  0080f624    0000000e                    : mms_tdef.obj (.bss)
                  0080f632    00000001     HZ6101.lib : candrv_top.obj (.bss)
                  0080f633    00000001                : toolboxserv.obj (.bss)
                  0080f634    0000000c     libProcess.lib : mms_ced3.obj (.bss)
                  0080f640    00000009     HZ6101.lib : mmbin.obj (.bss)
                  0080f649    00000003     --HOLE--
                  0080f64c    00000008                : board.obj (.bss)
                  0080f654    00000008     libProcess.lib : mms_interface.obj (.bss)
                  0080f65c    00000004                    : goose_component.obj (.bss)
                  0080f660    00000004                    : goose_rx.obj (.bss)
                  0080f664    00000004                    : mvl_type.obj (.bss)

.text:vecs 
*          0    0080f800    00000200     
                  0080f800    00000200     HZ6101.lib : vecs.obj (.text:vecs)

.cinit     0    0080fa00    000003ac     
                  0080fa00    00000252     (.cinit..fardata.load) [load image, compression = rle]
                  0080fc52    00000002     --HOLE-- [fill = 0]
                  0080fc54    000000a1     (.cinit..neardata.load) [load image, compression = rle]
                  0080fcf5    00000003     --HOLE-- [fill = 0]
                  0080fcf8    0000000c     (.cinit..rtm_data.load) [load image, compression = rle]
                  0080fd04    0000000c     (__TI_handler_table)
                  0080fd10    0000000b     (.cinit..rx_l3_buf.load) [load image, compression = rle]
                  0080fd1b    00000001     --HOLE-- [fill = 0]
                  0080fd1c    00000008     (.cinit..SDRAM0_BSZ.load) [load image, compression = zero_init]
                  0080fd24    00000008     (.cinit..bss.load) [load image, compression = zero_init]
                  0080fd2c    00000008     (.cinit..far.load) [load image, compression = zero_init]
                  0080fd34    00000008     (.cinit..init_data.load) [load image, compression = zero_init]
                  0080fd3c    00000008     (.cinit..rx_data_buf.load) [load image, compression = zero_init]
                  0080fd44    00000008     (.cinit..rx_gs_buf.load) [load image, compression = zero_init]
                  0080fd4c    00000008     (.cinit..rx_smv_buf.load) [load image, compression = zero_init]
                  0080fd54    00000058     (__TI_cinit_table)

.rx_smv_buf 
*          0    40300000    00004000     UNINITIALIZED
                  40300000    00004000     libProcess.lib : netdrv_top.obj (.rx_smv_buf)

.rx_gs_buf 
*          0    40304000    0001b000     UNINITIALIZED
                  40304000    0001b000     libProcess.lib : netdrv_top.obj (.rx_gs_buf)

.rx_l3_buf 
*          0    4031fb00    00000108     
                  4031fb00    00000100     libProcess.lib : netdrv_top.obj (.rx_l3_buf:uninit) [fill = 0]
                  4031fc00    00000008                    : netdrv_top.obj (.rx_l3_buf:init)

.sysmem    0    a7000000    00400000     UNINITIALIZED
                  a7000000    00000008     rts6740_elf.lib : memory.obj (.sysmem)
                  a7000008    003ffff8     --HOLE--

.text      0    a7400000    0003e780     
                  a7400000    00003a40     libProcess.lib : netdrv_top.obj (.text)
                  a7403a40    00003100     HZ6101.lib : stream.obj (.text)
                  a7406b40    00002da0     libProcess.lib : mms_tdef.obj (.text)
                  a74098e0    00002d20     HZ6101.lib : canout.obj (.text)
                  a740c600    000029c0     libProcess.lib : goose_rx.obj (.text)
                  a740efc0    000025a0                    : goose_tx.obj (.text)
                  a7411560    00002540     LoRaUnpack.obj (.text)
                  a7413aa0    00002080     libProcess.lib : mmsdata.obj (.text)
                  a7415b20    00001d60                    : ms_tdef.obj (.text)
                  a7417880    00001ba0     HZ6101.lib : candrv_top.obj (.text)
                  a7419420    00001b60     libProcess.lib : asn1r.obj (.text)
                  a741af80    00001240     HZ6101.lib : netdrv.obj (.text)
                  a741c1c0    000011e0     DZCmdMerge.obj (.text)
                  a741d3a0    00001140     libProcess.lib : str_util.obj (.text)
                  a741e4e0    00001080                    : smv_le_rx.obj (.text)
                  a741f560    00000f00                    : smv_le_tx.obj (.text)
                  a7420460    00000ca0     HZ6101.lib : var.obj (.text)
                  a7421100    00000c20                : board.obj (.text)
                  a7421d20    00000c00                : canin.obj (.text)
                  a7422920    00000bc0     ToolBox.dlb : And.obj (.text)
                  a74234e0    00000bc0                 : Or.obj (.text)
                  a74240a0    00000ba0     DevAlarm.obj (.text)
                  a7424c40    00000ae0     DualSysPos.obj (.text)
                  a7425720    000009e0     ToolBox.dlb : DigitalControl.obj (.text)
                  a7426100    00000980     HZ6101.lib : mmbin.obj (.text)
                  a7426a80    00000940     rts6740_elf.lib : _scanfi.obj (.text:_scanfi)
                  a74273c0    00000920     libProcess.lib : ard_time.obj (.text)
                  a7427ce0    00000900     HZ6101.lib : scheduler.obj (.text)
                  a74285e0    000008c0                : toolboxserv.obj (.text)
                  a7428ea0    00000880     CommFun.obj (.text)
                  a7429720    00000840     sfp.obj (.text)
                  a7429f60    000007a0     CableInput.obj (.text)
                  a742a700    00000780     rts6740_elf.lib : strftime.obj (.text:strftime)
                  a742ae80    000006a0                     : _scanfi.obj (.text:_sset_arg)
                  a742b520    000005e0     libProcess.lib : mms_interface.obj (.text)
                  a742bb00    000005c0     HZ6101.lib : initdsp.obj (.text)
                  a742c0c0    000005c0     rts6740_elf.lib : _printfi.obj (.text:_getarg_diouxp)
                  a742c680    000005a0                     : divd.obj (.text:__c6xabi_divd)
                  a742cc20    00000520     ElecLock.obj (.text)
                  a742d140    00000520     rts6740_elf.lib : _printfi.obj (.text:_setfield)
                  a742d660    000004e0                     : mktime.obj (.text:mktime)
                  a742db40    000004c0     Simulate.obj (.text)
                  a742e000    000004c0     rts6740_elf.lib : _scanfi.obj (.text:_sproc_int)
                  a742e4c0    000004c0     libProcess.lib : ard_int.obj (.text)
                  a742e980    000004c0                    : mms_ced3.obj (.text)
                  a742ee40    00000480     ToolBox.dlb : mempack.obj (.text)
                  a742f2c0    00000480     WirelessRecv.obj (.text)
                  a742f740    00000480     rts6740_elf.lib : strtod.obj (.text:strtod)
                  a742fbc0    00000480                     : strtold.obj (.text:strtold)
                  a7430040    00000460     HZ6101.lib : device.obj (.text)
                  a74304a0    00000460     rts6740_elf.lib : _printfi.obj (.text:_printfi)
                  a7430900    00000460                     : strtoll.obj (.text:strtoll)
                  a7430d60    00000420     GLOBAL_VAR.obj (.text)
                  a7431180    00000400     rts6740_elf.lib : fgets.obj (.text:_dofgets)
                  a7431580    00000400     libProcess.lib : are_int.obj (.text)
                  a7431980    00000400     rts6740_elf.lib : strtoull.obj (.text:strtoull)
                  a7431d80    000003c0     SysSwapDeal.obj (.text)
                  a7432140    000003c0     rts6740_elf.lib : strtol.obj (.text:strtol)
                  a7432500    000003a0     HZ6101.lib : fpgacan.obj (.text)
                  a74328a0    000003a0     rts6740_elf.lib : fputs.obj (.text:fputs)
                  a7432c40    00000380     ToolBox.dlb : delay.obj (.text)
                  a7432fc0    00000380     libProcess.lib : goose_component.obj (.text)
                  a7433340    00000380                    : mvl_type.obj (.text)
                  a74336c0    00000340     rts6740_elf.lib : _scanfi.obj (.text:_sget_conv)
                  a7433a00    00000340     libProcess.lib : ard_flt.obj (.text)
                  a7433d40    00000340                    : mvl_typ2.obj (.text)
                  a7434080    00000320     rts6740_elf.lib : _printfi.obj (.text:_pproc_fge)
                  a74343a0    00000320                     : strtoul.obj (.text:strtoul)
                  a74346c0    000002e0                     : _printfi.obj (.text:_pproc_fwp)
                  a74349a0    000002e0                     : _scanfi.obj (.text:_sproc_float)
                  a7434c80    000002c0     HZ6101.lib : control.obj (.text)
                  a7434f40    000002c0     rts6740_elf.lib : memory.obj (.text:realloc)
                  a7435200    000002a0     HZ6101.lib : msg.obj (.text)
                  a74354a0    000002a0     SwPos.obj (.text)
                  a7435740    000002a0     rts6740_elf.lib : _printfi.obj (.text:ecvt)
                  a74359e0    000002a0                     : _printfi.obj (.text:fcvt)
                  a7435c80    00000280                     : divf.obj (.text:__c6xabi_divf)
                  a7435f00    00000280                     : memory.obj (.text:free)
                  a7436180    00000280     HZ6101.lib : fpgacan.obj (.text:retain)
                  a7436400    00000260     rts6740_elf.lib : imath64.obj (.text:__c6xabi_divull)
                  a7436660    00000260                     : _printfi.obj (.text:_pconv_e)
                  a74368c0    00000240                     : _printfi.obj (.text:_pproc_diouxp)
                  a7436b00    00000240     HZ6101.lib : timer.obj (.text:retain)
                  a7436d40    00000220     rts6740_elf.lib : _printfi.obj (.text:_pproc_str)
                  a7436f60    00000220                     : fputc.obj (.text:fputc)
                  a7437180    00000200                     : _printfi.obj (.text:_pconv_g)
                  a7437380    00000200                     : setvbuf.obj (.text:setvbuf)
                  a7437580    000001e0     AIOGs16.obj (.text)
                  a7437760    000001e0     BIOGs16.obj (.text)
                  a7437940    000001e0     HZ6101.lib : stime.obj (.text)
                  a7437b20    000001e0     ToolBox.dlb : toolbox.obj (.text)
                  a7437d00    000001e0     rts6740_elf.lib : log.obj (.text:log)
                  a7437ee0    000001e0     usr_app.obj (.text)
                  a74380c0    000001c0     HZ6101.lib : mmb.obj (.text)
                  a7438280    000001c0     ToolBox.dlb : mem.obj (.text)
                  a7438440    000001c0     rts6740_elf.lib : _printfi.obj (.text:_mcpy)
                  a7438600    000001c0                     : fopen.obj (.text:_openfile)
                  a74387c0    000001c0     libProcess.lib : are_vstr.obj (.text)
                  a7438980    000001a0     HZ6101.lib : iomap.obj (.text)
                  a7438b20    000001a0     ToolBox.dlb : Const8.obj (.text)
                  a7438cc0    000001a0                 : SEL2_UINT8.obj (.text)
                  a7438e60    000001a0     rts6740_elf.lib : imath40.obj (.text:__c6xabi_divul)
                  a7439000    000001a0                     : _scanfi.obj (.text:_sproc_str)
                  a74391a0    000001a0                     : frexp.obj (.text:frexp)
                  a7439340    000001a0     libProcess.lib : ard_vstr.obj (.text)
                  a74394e0    000001a0                    : are_flt.obj (.text)
                  a7439680    00000180     rts6740_elf.lib : trgdrv.obj (.text:HOSTrename)
                  a7439800    00000180                     : copy_decompress_rle.obj (.text:__TI_decompress_rle_core)
                  a7439980    00000180                     : memory.obj (.text:malloc)
                  a7439b00    00000180                     : lowlev.obj (.text:open)
                  a7439c80    00000160     ToolBox.dlb : Not.obj (.text)
                  a7439de0    00000160     rts6740_elf.lib : _scanfi.obj (.text:_sproc_lb)
                  a7439f40    00000160     libProcess.lib : ard_utc.obj (.text)
                  a743a0a0    00000160     rts6740_elf.lib : sqrt.obj (.text:sqrt)
                  a743a200    00000160     uart.obj (.text)
                  a743a360    00000140     HZ6101.lib : init.obj (.text)
                  a743a4a0    00000140     rts6740_elf.lib : sscanf.obj (.text:_chkmbc)
                  a743a5e0    00000140                     : _printfi.obj (.text:_pproc_fflags)
                  a743a720    00000140                     : lowlev.obj (.text:getdevice)
                  a743a860    00000140     libProcess.lib : ard_bstr.obj (.text)
                  a743a9a0    00000120     rts6740_elf.lib : _bufread.obj (.text:_buff_read)
                  a743aac0    00000120                     : fclose.obj (.text:_closefile)
                  a743abe0    00000120                     : _printfi.obj (.text:_ltostr)
                  a743ad00    00000120                     : fopen.obj (.text:_search_fp)
                  a743ae20    00000120                     : _scanfi.obj (.text:_sget_scanset)
                  a743af40    00000120                     : fseek.obj (.text:fseek)
                  a743b060    00000100                     : trgdrv.obj (.text:HOSTlseek)
                  a743b160    00000100                     : autoinit.obj (.text:_auto_init_elf)
                  a743b260    00000100                     : _io_perm.obj (.text:_wrt_ok)
                  a743b360    00000100                     : cpy_tbl.obj (.text:copy_in)
                  a743b460    00000100                     : fprintf.obj (.text:fprintf)
                  a743b560    000000e0                     : trgdrv.obj (.text:HOSTopen)
                  a743b640    000000e0                     : trgdrv.obj (.text:HOSTread)
                  a743b720    000000e0     ToolBox.dlb : Constfloat.obj (.text)
                  a743b800    000000e0     rts6740_elf.lib : divi.obj (.text:__divi)
                  a743b8e0    000000e0                     : atoi.obj (.text:atoi)
                  a743b9c0    000000e0                     : atol.obj (.text:atol)
                  a743baa0    000000e0                     : lowlev.obj (.text:close)
                  a743bb80    000000e0                     : copy_zero_init.obj (.text:decompress:ZI:__TI_zero_init)
                  a743bc60    000000e0                     : fflush.obj (.text:fflush)
                  a743bd40    000000e0     libProcess.lib : ard_btod.obj (.text)
                  a743be20    000000e0                    : are_bstr.obj (.text)
                  a743bf00    000000e0                    : are_time.obj (.text)
                  a743bfe0    000000e0     rts6740_elf.lib : ltoa.obj (.text:ltoa)
                  a743c0c0    000000e0                     : memset.obj (.text:memset)
                  a743c1a0    000000c0                     : trgdrv.obj (.text:HOSTunlink)
                  a743c260    000000c0                     : trgdrv.obj (.text:HOSTwrite)
                  a743c320    000000c0     ToolBox.dlb : Constb.obj (.text)
                  a743c3e0    000000c0     rts6740_elf.lib : divu.obj (.text:__divu)
                  a743c4a0    000000c0                     : _printfi.obj (.text:_div)
                  a743c560    000000c0                     : fflush.obj (.text:_doflush)
                  a743c620    000000c0                     : _io_perm.obj (.text:_rd_ok)
                  a743c6e0    000000c0                     : _tvaltostr.obj (.text:_tvaltostr)
                  a743c7a0    000000c0                     : exit.obj (.text:exit)
                  a743c860    000000c0     libProcess.lib : are_btod.obj (.text)
                  a743c920    000000c0                    : are_utc.obj (.text)
                  a743c9e0    000000c0     rts6740_elf.lib : localtim.obj (.text:localtime)
                  a743caa0    000000c0                     : tls.obj (.text:tls:init:__TI_tls_init)
                  a743cb60    000000a0                     : trgdrv.obj (.text:HOSTclose)
                  a743cc00    000000a0                     : remu.obj (.text:__remu)
                  a743cca0    000000a0                     : fopen.obj (.text:_cleanup)
                  a743cd40    000000a0                     : _printfi.obj (.text:_ecpy)
                  a743cde0    000000a0                     : _printfi.obj (.text:_fcpy)
                  a743ce80    000000a0                     : memory.obj (.text:_minit)
                  a743cf20    000000a0                     : _printfi.obj (.text:_pconv_f)
                  a743cfc0    000000a0                     : lowlev.obj (.text:finddevice)
                  a743d060    000000a0     libProcess.lib : ard_idnt.obj (.text)
                  a743d100    000000a0     rts6740_elf.lib : lowlev.obj (.text:lseek)
                  a743d1a0    000000a0                     : memcpy64.obj (.text:memcpy)
                  a743d240    000000a0                     : memory.obj (.text:minsert)
                  a743d2e0    000000a0                     : memory.obj (.text:mremove)
                  a743d380    000000a0                     : lowlev.obj (.text:read)
                  a743d420    000000a0                     : strstr.obj (.text:strstr)
                  a743d4c0    000000a0                     : lowlev.obj (.text:write)
                  a743d560    00000080     HZ6101.lib : main.obj (.text)
                  a743d5e0    00000080                : timer.obj (.text)
                  a743d660    00000080     rts6740_elf.lib : fixdu.obj (.text:__c6xabi_fixdu)
                  a743d6e0    00000080                     : fixfu.obj (.text:__c6xabi_fixfu)
                  a743d760    00000080                     : llshift.obj (.text:__c6xabi_llshl)
                  a743d7e0    00000080                     : memory.obj (.text:calloc)
                  a743d860    00000080     libProcess.lib : ard_ostr.obj (.text)
                  a743d8e0    00000080     rts6740_elf.lib : rand.obj (.text:rand)
                  a743d960    00000080                     : trgmsg.obj (.text:readmsg)
                  a743d9e0    00000080                     : strcat.obj (.text:strcat)
                  a743da60    00000080                     : strncpy.obj (.text:strncpy)
                  a743dae0    00000080                     : lowlev.obj (.text:unlink)
                  a743db60    00000060                     : cpp_init.obj (.text:__TI_cpp_init)
                  a743dbc0    00000060                     : assert.obj (.text:__c6xabi_abort_msg)
                  a743dc20    00000060                     : imath64.obj (.text:__c6xabi_remull)
                  a743dc80    00000060                     : imath64.obj (.text:_subcull)
                  a743dce0    00000060                     : fclose.obj (.text:fclose)
                  a743dd40    00000060                     : fopen.obj (.text:fopen)
                  a743dda0    00000060     libProcess.lib : process.obj (.text)
                  a743de00    00000060     rts6740_elf.lib : memccpy.obj (.text:memccpy)
                  a743de60    00000060                     : memmov.obj (.text:memmove)
                  a743dec0    00000060                     : sprintf.obj (.text:sprintf)
                  a743df20    00000060                     : sscanf.obj (.text:sscanf)
                  a743df80    00000060                     : strcpy.obj (.text:strcpy)
                  a743dfe0    00000060                     : lowlev.obj (.text:tabinit)
                  a743e040    00000060                     : trgmsg.obj (.text:writemsg)
                  a743e0a0    00000040                     : frcmpyd_div.obj (.text:__c6xabi_frcmpyd_div)
                  a743e0e0    00000040                     : isinf.obj (.text:__c6xabi_isinf)
                  a743e120    00000040                     : _printfi.obj (.text:__c6xabi_isnan)
                  a743e160    00000040                     : llshift.obj (.text:__c6xabi_llshru)
                  a743e1a0    00000040                     : strasg.obj (.text:__strasgi_64plus)
                  a743e1e0    00000040                     : args_main.obj (.text:_args_main)
                  a743e220    00000040                     : sprintf.obj (.text:_outs)
                  a743e260    00000040                     : gmtime.obj (.text:gmtime)
                  a743e2a0    00000040     libProcess.lib : ard_bool.obj (.text)
                  a743e2e0    00000040                    : are_bool.obj (.text)
                  a743e320    00000040                    : are_ostr.obj (.text)
                  a743e360    00000040                    : ms_tdef4.obj (.text)
                  a743e3a0    00000040     rts6740_elf.lib : log10.obj (.text:log10)
                  a743e3e0    00000040                     : strlen.obj (.text:strlen)
                  a743e420    00000020     HZ6101.lib : vecs.obj (.text)
                  a743e440    00000020     rts6740_elf.lib : errno.obj (.text:__c6xabi_errno_addr)
                  a743e460    00000020                     : negll.obj (.text:__c6xabi_negll)
                  a743e480    00000020                     : sscanf.obj (.text:_inpchar)
                  a743e4a0    00000020                     : _lock.obj (.text:_nop)
                  a743e4c0    00000020                     : fprintf.obj (.text:_outc)
                  a743e4e0    00000020                     : sprintf.obj (.text:_outc)
                  a743e500    00000020                     : fprintf.obj (.text:_outs)
                  a743e520    00000020                     : sscanf.obj (.text:_uninpchar)
                  a743e540    00000020                     : exit.obj (.text:abort)
                  a743e560    00000020                     : copy_decompress_none.obj (.text:decompress:none:__TI_decompress_none)
                  a743e580    00000020                     : copy_decompress_rle.obj (.text:decompress:rle24:__TI_decompress_rle24)
                  a743e5a0    00000020                     : fgets.obj (.text:fgets)
                  a743e5c0    00000010     HZ6101.lib : var.obj ($Tramp$S$$registerParameter)
                  a743e5d0    00000010                : board.obj ($Tramp$S$$writeFileToFlash)
                  a743e5e0    00000010                : board.obj ($Tramp$S$$eraseFileFlash)
                  a743e5f0    00000010                : board.obj ($Tramp$S$$dsp_calloc)
                  a743e600    00000010                : var.obj ($Tramp$S$$linkVarOutWithPtr)
                  a743e610    00000010                : var.obj ($Tramp$S$$linkVarInWithPtr)
                  a743e620    00000010     libProcess.lib : mmsdata.obj ($Tramp$S$$ms_local_to_asn1)
                  a743e630    00000010                    : goose_component.obj ($Tramp$S$$msToLevelCnt)
                  a743e640    00000010     HZ6101.lib : var.obj ($Tramp$S$$registerComponent)
                  a743e650    00000010                : var.obj ($Tramp$S$$registerVarOut1)
                  a743e660    00000010                : var.obj ($Tramp$S$$registerVarIn1)
                  a743e670    00000010                : var.obj ($Tramp$S$$registerConstSignalOut1)
                  a743e680    00000010                : init.obj ($Tramp$S$$handleCompconfig)
                  a743e690    00000010                : debug.obj ($Tramp$S$$handleDebugmsg)
                  a743e6a0    00000010                : var.obj ($Tramp$S$$handleParaSetcmd)
                  a743e6b0    00000010                : init.obj ($Tramp$S$$handleStartcmd)
                  a743e6c0    00000010                : mmbisr.obj ($Tramp$S$$enableMmb)
                  a743e6d0    00000010                : mmbisr.obj ($Tramp$S$$configMmb)
                  a743e6e0    00000010                : mmbout.obj ($Tramp$S$$optimizeMmbOutMap)
                  a743e6f0    00000010                : iomap.obj ($Tramp$S$$handleLocalInOutObject)
                  a743e700    00000010                : mmbout.obj ($Tramp$S$$handleMmbOutObject)
                  a743e710    00000010                : init.obj ($Tramp$S$$replyInitOrder)
                  a743e720    00000010                : debug.obj ($Tramp$S$$initDebugVars)
                  a743e730    00000010                : board.obj ($Tramp$S$$registerSystemStatus)
                  a743e740    00000010                : var.obj ($Tramp$S$$regComponentFinish)
                  a743e750    00000010                : initdsp.obj ($Tramp$S$$initdsp)
                  a743e760    00000010                : init.obj ($Tramp$S$$waitNewOrder)
                  a743e770    00000010     --HOLE-- [fill = 0]

.init_code 
*          0    a743e780    0000abc0     
                  a743e780    00002d20     libProcess.lib : smv_le_rx.obj (.init_code)
                  a74414a0    00001920     HZ6101.lib : var.obj (.init_code)
                  a7442dc0    000013e0     libProcess.lib : goose_component.obj (.init_code)
                  a74441a0    00000fe0                    : goose_rx.obj (.init_code)
                  a7445180    00000de0                    : smv_le_tx.obj (.init_code)
                  a7445f60    00000b00     HZ6101.lib : mmbout.obj (.init_code)
                  a7446a60    00000960                : debug.obj (.init_code)
                  a74473c0    00000760                : board.obj (.init_code)
                  a7447b20    000005a0                : init.obj (.init_code)
                  a74480c0    00000540                : initdsp.obj (.init_code)
                  a7448600    00000520     libProcess.lib : goose_tx.obj (.init_code)
                  a7448b20    00000500     HZ6101.lib : mmbisr.obj (.init_code)
                  a7449020    000001a0                : iomap.obj (.init_code)
                  a74491c0    00000160                : timer.obj (.init_code)
                  a7449320    00000010                : initdsp.obj ($Tramp$S$$initCache)
                  a7449330    00000010     --HOLE-- [fill = 0]

.far       0    a7449340    000088a8     UNINITIALIZED
                  a7449340    00005e80     libProcess.lib : goose_tx.obj (.far)
                  a744f1c0    00000e18                    : goose_rx.obj (.far)
                  a744ffd8    00000bf0     HZ6101.lib : candrv_top.obj (.far)
                  a7450bc8    00000400     CommFun.obj (.far)
                  a7450fc8    000002ac     HZ6101.lib : netdrv.obj (.far)
                  a7451274    00000004     --HOLE--
                  a7451278    0000019c     libProcess.lib : mms_tdef.obj (.far)
                  a7451414    00000004     --HOLE--
                  a7451418    00000168                    : smv_le_tx.obj (.far)
                  a7451580    00000140     rts6740_elf.lib : defs.obj (.far)
                  a74516c0    00000108     libProcess.lib : goose_component.obj (.far)
                  a74517c8    00000108                    : smv_le_rx.obj (.far)
                  a74518d0    000000fe                    : netdrv_top.obj (.far)
                  a74519ce    00000002     --HOLE--
                  a74519d0    000000c0     HZ6101.lib : stream.obj (.far)
                  a7451a90    000000a8                : debug.obj (.far)
                  a7451b38    00000040                : mmbisr.obj (.far)
                  a7451b78    0000003a                : toolboxserv.obj (.far)
                  a7451bb2    00000006     --HOLE--
                  a7451bb8    00000018                : fpgacan.obj (.far)
                  a7451bd0    0000000a     rts6740_elf.lib : _tvaltostr.obj (.far)
                  a7451bda    00000006     --HOLE--
                  a7451be0    00000008                     : trgdrv.obj (.far)

.init_data 
*          0    a7451be8    00004000     UNINITIALIZED
                  a7451be8    00004000     HZ6101.lib : mmbisr.obj (.init_data)

.const     0    a7455be8    0000341e     
                  a7455be8    000006a3     LoRaUnpack.obj (.const:.string)
                  a745628b    0000069a     libProcess.lib : smv_le_rx.obj (.const:.string)
                  a7456925    0000045f                    : goose_component.obj (.const:.string)
                  a7456d84    00000387     HZ6101.lib : board.obj (.const:.string)
                  a745710b    00000313     DZCmdMerge.obj (.const:.string)
                  a745741e    00000287     DevAlarm.obj (.const:.string)
                  a74576a5    000001fd     libProcess.lib : smv_le_tx.obj (.const:.string)
                  a74578a2    000001ec     DualSysPos.obj (.const:.string)
                  a7457a8e    0000019b     libProcess.lib : ms_tdef.obj (.const:.string)
                  a7457c29    0000018e                    : netdrv_top.obj (.const:.string)
                  a7457db7    00000144     SysSwapDeal.obj (.const:.string)
                  a7457efb    00000132     libProcess.lib : goose_tx.obj (.const:.string)
                  a745802d    0000011a                    : goose_rx.obj (.const:.string)
                  a7458147    00000001     --HOLE-- [fill = 0]
                  a7458148    00000101     rts6740_elf.lib : ctype.obj (.const:.string:_ctypes_)
                  a7458249    000000f7     HZ6101.lib : var.obj (.const:.string)
                  a7458340    000000d5     ElecLock.obj (.const:.string)
                  a7458415    000000c3     usr_app.obj (.const:.string)
                  a74584d8    000000b1     ToolBox.dlb : DigitalControl.obj (.const:.string)
                  a7458589    000000ab                 : toolbox.obj (.const:.string)
                  a7458634    0000009e     CableInput.obj (.const:.string)
                  a74586d2    00000099     rts6740_elf.lib : strftime.obj (.const:.string)
                  a745876b    0000008f     ToolBox.dlb : delay.obj (.const:.string)
                  a74587fa    0000008a     Simulate.obj (.const:.string)
                  a7458884    00000070     ToolBox.dlb : mem.obj (.const:.string)
                  a74588f4    00000068     libProcess.lib : mvl_typ2.obj (.const:.string)
                  a745895c    00000068     sfp.obj (.const:.string)
                  a74589c4    00000064     GLOBAL_VAR.obj (.const:.string)
                  a7458a28    0000005c     ToolBox.dlb : And.obj (.const:.string)
                  a7458a84    00000057                 : Or.obj (.const:.string)
                  a7458adb    00000057                 : mempack.obj (.const:.string)
                  a7458b32    00000056     WirelessRecv.obj (.const:.string)
                  a7458b88    00000050     SwPos.obj (.const:.string)
                  a7458bd8    00000050     rts6740_elf.lib : strtod.obj (.const:digits)
                  a7458c28    00000050                     : strtold.obj (.const:digits)
                  a7458c78    00000048                     : strtod.obj (.const:powerof10)
                  a7458cc0    00000048                     : strtold.obj (.const:powerof10)
                  a7458d08    00000044     libProcess.lib : mms_tdef.obj (.const:m_def_data_algn_tbl)
                  a7458d4c    00000003     rts6740_elf.lib : assert.obj (.const:.string)
                  a7458d4f    00000001     --HOLE-- [fill = 0]
                  a7458d50    00000030                     : strftime.obj (.const:fmon)
                  a7458d80    00000030                     : mktime.obj (.const:mon_day)
                  a7458db0    00000030                     : mktime.obj (.const:mon_len)
                  a7458de0    00000030     HZ6101.lib : board.obj (.const:monthDescString)
                  a7458e10    00000030     libProcess.lib : netdrv_top.obj (.const:monthString)
                  a7458e40    0000002d     ToolBox.dlb : Const8.obj (.const:.string)
                  a7458e6d    0000002b     AIOGs16.obj (.const:.string)
                  a7458e98    0000002b     BIOGs16.obj (.const:.string)
                  a7458ec3    00000023     rts6740_elf.lib : _printfi.obj (.const:.string)
                  a7458ee6    00000022     ToolBox.dlb : Constfloat.obj (.const:.string)
                  a7458f08    00000020                 : Constb.obj (.const:.string)
                  a7458f28    0000001c     rts6740_elf.lib : strftime.obj (.const:fday)
                  a7458f44    0000001b     ToolBox.dlb : SEL2_UINT8.obj (.const:.string)
                  a7458f5f    00000014     libProcess.lib : process.obj (.const:.string)
                  a7458f73    00000012     ToolBox.dlb : Not.obj (.const:.string)
                  a7458f85    00000002     libProcess.lib : str_util.obj (.const:.string)
                  a7458f87    00000001     --HOLE-- [fill = 0]
                  a7458f88    0000000f     HZ6101.lib : stream.obj (.const:.string:$P$T0$1)
                  a7458f97    00000001     --HOLE-- [fill = 0]
                  a7458f98    0000000f                : stream.obj (.const:.string:$P$T1$2)
                  a7458fa7    0000000e     libProcess.lib : are_time.obj (.const:.string)
                  a7458fb5    0000000d     HZ6101.lib : candrv_top.obj (.const:.string)
                  a7458fc2    00000006     --HOLE-- [fill = 0]
                  a7458fc8    0000000c     libProcess.lib : netdrv_top.obj (.const:.string:$P$T0$1)
                  a7458fd4    00000009     HZ6101.lib : device.obj (.const:.string)
                  a7458fdd    00000008                : toolboxserv.obj (.const:.string)
                  a7458fe5    00000008     libProcess.lib : mvl_type.obj (.const:.string)
                  a7458fed    00000003     --HOLE-- [fill = 0]
                  a7458ff0    00000007     rts6740_elf.lib : _scanfi.obj (.const:.string:flit$1)
                  a7458ff7    00000001     --HOLE-- [fill = 0]
                  a7458ff8    00000006     LoRaUnpack.obj (.const:.string:$P$T0$1)
                  a7458ffe    00000002     --HOLE-- [fill = 0]
                  a7459000    00000006     rts6740_elf.lib : _scanfi.obj (.const:.string:barr$2)

.fardata   0    a7459008    00000b80     
                  a7459008    00000400     libProcess.lib : netdrv_top.obj (.fardata:TABLE_CRC32)
                  a7459408    000001e0     rts6740_elf.lib : defs.obj (.fardata:_ftable)
                  a74595e8    00000100     libProcess.lib : goose_rx.obj (.fardata:debug_goose_rx)
                  a74596e8    000000b8                    : ms_tdef.obj (.fardata:tdlTypes)
                  a74597a0    000000a0     rts6740_elf.lib : lowlev.obj (.fardata:_stream)
                  a7459840    00000078                     : lowlev.obj (.fardata:_device)
                  a74598b8    00000058     HZ6101.lib : fpgacan.obj (.fardata)
                  a7459910    00000058                : netdrv.obj (.fardata)
                  a7459968    00000050                : board.obj (.fardata)
                  a74599b8    00000050                : mmbout.obj (.fardata)
                  a7459a08    00000030                : mmbin.obj (.fardata)
                  a7459a38    0000002c                : canout.obj (.fardata)
                  a7459a64    00000004     rts6740_elf.lib : defs.obj (.fardata)
                  a7459a68    0000002c     libProcess.lib : goose_rx.obj (.fardata:time_fraction_bit)
                  a7459a94    00000004     rts6740_elf.lib : errno.obj (.fardata)
                  a7459a98    0000002c     libProcess.lib : mms_interface.obj (.fardata:utc_fraction_bit)
                  a7459ac4    00000024     rts6740_elf.lib : localtim.obj (.fardata)
                  a7459ae8    00000018                     : log.obj (.fardata:A$1)
                  a7459b00    00000018                     : log.obj (.fardata:B$2)
                  a7459b18    00000018     HZ6101.lib : mmbisr.obj (.fardata:dbg_data)
                  a7459b30    00000010                : netdrv.obj (.fardata:index$3)
                  a7459b40    00000010     rts6740_elf.lib : tmzone.obj (.fardata)
                  a7459b50    0000000c     HZ6101.lib : canin.obj (.fardata)
                  a7459b5c    0000000c     rts6740_elf.lib : exit.obj (.fardata)
                  a7459b68    0000000c                     : memory.obj (.fardata)
                  a7459b74    00000008                     : _lock.obj (.fardata)
                  a7459b7c    00000004                     : fopen.obj (.fardata)
                  a7459b80    00000004                     : lowlev.obj (.fardata)
                  a7459b84    00000004                     : rand.obj (.fardata)

.SDRAM0_BSZ 
*          0    a7459b88    000005e8     UNINITIALIZED
                  a7459b88    000005e8     libProcess.lib : netdrv_top.obj (.SDRAM0_BSZ)

.rx_data_buf 
*          0    a9000000    00010000     UNINITIALIZED
                  a9000000    00010000     libProcess.lib : netdrv_top.obj (.rx_data_buf)


LINKER GENERATED COPY TABLES

__TI_cinit_table @ 0080fd54 records: 11, size/record: 8, table size: 88
	.fardata: load addr=0080fa00, load size=00000252 bytes, run addr=a7459008, run size=00000b80 bytes, compression=rle
	.neardata: load addr=0080fc54, load size=000000a1 bytes, run addr=0080f1d0, run size=00000284 bytes, compression=rle
	.rtm_data: load addr=0080fcf8, load size=0000000c bytes, run addr=00800280, run size=00007d81 bytes, compression=rle
	.rx_l3_buf: load addr=0080fd10, load size=0000000b bytes, run addr=4031fb00, run size=00000108 bytes, compression=rle
	.SDRAM0_BSZ: load addr=0080fd1c, load size=00000008 bytes, run addr=a7459b88, run size=000005e8 bytes, compression=zero_init
	.bss: load addr=0080fd24, load size=00000008 bytes, run addr=0080f578, run size=000000f0 bytes, compression=zero_init
	.far: load addr=0080fd2c, load size=00000008 bytes, run addr=a7449340, run size=000088a8 bytes, compression=zero_init
	.init_data: load addr=0080fd34, load size=00000008 bytes, run addr=a7451be8, run size=00004000 bytes, compression=zero_init
	.rx_data_buf: load addr=0080fd3c, load size=00000008 bytes, run addr=a9000000, run size=00010000 bytes, compression=zero_init
	.rx_gs_buf: load addr=0080fd44, load size=00000008 bytes, run addr=40304000, run size=0001b000 bytes, compression=zero_init
	.rx_smv_buf: load addr=0080fd4c, load size=00000008 bytes, run addr=40300000, run size=00004000 bytes, compression=zero_init


LINKER GENERATED HANDLER TABLE

__TI_handler_table @ 0080fd04 records: 3, size/record: 4, table size: 12
	index: 0, handler: __TI_zero_init
	index: 1, handler: __TI_decompress_rle24
	index: 2, handler: __TI_decompress_none


FAR CALL TRAMPOLINES

callee name               trampoline name
   callee addr  tramp addr   call addr  call info
--------------  -----------  ---------  ----------------
$.init_code:HZ6101.lib<var.obj>$0x938  $Tramp$S$$registerParameter
   a7441dd8     a743e5c0     a74017ec   libProcess.lib : netdrv_top.obj (.text)
                             a7401808                  : netdrv_top.obj (.text)
                             a7401828                  : netdrv_top.obj (.text)
                             a740184c                  : netdrv_top.obj (.text)
                             a7411720   LoRaUnpack.obj (.text)
                             a741172c   LoRaUnpack.obj (.text)
                             a7411748   LoRaUnpack.obj (.text)
                             a7411754   LoRaUnpack.obj (.text)
                             a7411770   LoRaUnpack.obj (.text)
                             a7411780   LoRaUnpack.obj (.text)
                             a74117a4   LoRaUnpack.obj (.text)
                             a74117c0   LoRaUnpack.obj (.text)
                             a74117d8   LoRaUnpack.obj (.text)
                             a74117f4   LoRaUnpack.obj (.text)
                             a7411810   LoRaUnpack.obj (.text)
                             a7411820   LoRaUnpack.obj (.text)
                             a741183c   LoRaUnpack.obj (.text)
                             a7429df0   sfp.obj (.text)
                             a742cec8   ElecLock.obj (.text)
                             a742cedc   ElecLock.obj (.text)
                             a742cfb0   ElecLock.obj (.text)
                             a742d098   ElecLock.obj (.text)
                             a742f088   ToolBox.dlb : mempack.obj (.text)
                             a742f1b4               : mempack.obj (.text)
                             a7432dec               : delay.obj (.text)
                             a7432ecc               : delay.obj (.text)
                             a7438320               : mem.obj (.text)
                             a7438340               : mem.obj (.text)
                             a7438bb4               : Const8.obj (.text)
                             a7438c70               : Const8.obj (.text)
                             a743b7b4               : Constfloat.obj (.text)
                             a743c3b4               : Constb.obj (.text)
$.init_code:HZ6101.lib<board.obj>$0x20  $Tramp$S$$writeFileToFlash
   a74473e0     a743e5d0     a74067a4   HZ6101.lib : stream.obj (.text)
$.init_code:HZ6101.lib<board.obj>$0x0  $Tramp$S$$eraseFileFlash
   a74473c0     a743e5e0     a74068d4   HZ6101.lib : stream.obj (.text)
$.init_code:HZ6101.lib<board.obj>$0x5a0  $Tramp$S$$dsp_calloc
   a7447960     a743e5f0     a740da08   libProcess.lib : goose_rx.obj (.text)
                             a74105e8                  : goose_tx.obj (.text)
$.init_code:HZ6101.lib<var.obj>$0x10a8  $Tramp$S$$linkVarOutWithPtr
   a7442548     a743e600     a740dd14   libProcess.lib : goose_rx.obj (.text)
                             a740e110                  : goose_rx.obj (.text)
                             a740e118                  : goose_rx.obj (.text)
                             a740e138                  : goose_rx.obj (.text)
                             a741f0f0                  : smv_le_rx.obj (.text)
                             a741f29c                  : smv_le_rx.obj (.text)
                             a741f364                  : smv_le_rx.obj (.text)
$.init_code:HZ6101.lib<var.obj>$0x128c  $Tramp$S$$linkVarInWithPtr
   a744272c     a743e610     a7410200   libProcess.lib : goose_tx.obj (.text)
                             a7410218                  : goose_tx.obj (.text)
                             a7410400                  : goose_tx.obj (.text)
                             a741fab4                  : smv_le_tx.obj (.text)
                             a741fb38                  : smv_le_tx.obj (.text)
$.rtm_code:libProcess.lib<mmsdata.obj>$0x0  $Tramp$S$$ms_local_to_asn1
   0080a740     a743e620     a7410898   libProcess.lib : goose_tx.obj (.text)
                             a74143d4                  : mmsdata.obj (.text)
$.init_code:libProcess.lib<goose_component.obj>$0x2c4  $Tramp$S$$msToLevelCnt
   a7443084     a743e630     a7410da8   libProcess.lib : goose_tx.obj (.text)
                             a7410dd4                  : goose_tx.obj (.text)
                             a7410df0                  : goose_tx.obj (.text)
                             a7410e0c                  : goose_tx.obj (.text)
$.init_code:HZ6101.lib<var.obj>$0xee0  $Tramp$S$$registerComponent
   a7442380     a743e640     a741168c   LoRaUnpack.obj (.text)
                             a741c248   DZCmdMerge.obj (.text)
                             a7422b40   ToolBox.dlb : And.obj (.text)
                             a7422ce4               : And.obj (.text)
                             a7422e0c               : And.obj (.text)
                             a7422f08               : And.obj (.text)
                             a742300c               : And.obj (.text)
                             a7423700               : Or.obj (.text)
                             a74238a4               : Or.obj (.text)
                             a74239cc               : Or.obj (.text)
                             a7423ac8               : Or.obj (.text)
                             a7423bcc               : Or.obj (.text)
                             a7424128   DevAlarm.obj (.text)
                             a7424ce4   DualSysPos.obj (.text)
                             a7425f00   ToolBox.dlb : DigitalControl.obj (.text)
                             a7429c94   sfp.obj (.text)
                             a742a1b0   CableInput.obj (.text)
                             a742cc70   ElecLock.obj (.text)
                             a742dc54   Simulate.obj (.text)
                             a742efec   ToolBox.dlb : mempack.obj (.text)
                             a742f118               : mempack.obj (.text)
                             a742f368   WirelessRecv.obj (.text)
                             a7430dac   GLOBAL_VAR.obj (.text)
                             a7431e04   SysSwapDeal.obj (.text)
                             a7432d98   ToolBox.dlb : delay.obj (.text)
                             a7432e78               : delay.obj (.text)
                             a7435508   SwPos.obj (.text)
                             a74375e0   AIOGs16.obj (.text)
                             a74377c0   BIOGs16.obj (.text)
                             a74382e0   ToolBox.dlb : mem.obj (.text)
                             a7438b74               : Const8.obj (.text)
                             a7438c30               : Const8.obj (.text)
                             a7438d58               : SEL2_UINT8.obj (.text)
                             a7439cf0               : Not.obj (.text)
                             a743b774               : Constfloat.obj (.text)
                             a743c374               : Constb.obj (.text)
$.init_code:HZ6101.lib<var.obj>$0x68  $Tramp$S$$registerVarOut1
   a7441508     a743e650     a7420ca4   HZ6101.lib : var.obj (.text)
$.init_code:HZ6101.lib<var.obj>$0x4a0  $Tramp$S$$registerVarIn1
   a7441940     a743e660     a7420e88   HZ6101.lib : var.obj (.text)
$.init_code:HZ6101.lib<var.obj>$0xc50  $Tramp$S$$registerConstSignalOut1
   a74420f0     a743e670     a74210e0   HZ6101.lib : var.obj (.text)
$.init_code:HZ6101.lib<init.obj>$0x3a0  $Tramp$S$$handleCompconfig
   a7447ec0     a743e680     a7435350   HZ6101.lib : msg.obj (.text)
$.init_code:HZ6101.lib<debug.obj>$0x8e0  $Tramp$S$$handleDebugmsg
   a7447340     a743e690     a7435360   HZ6101.lib : msg.obj (.text)
$.init_code:HZ6101.lib<var.obj>$0x1890  $Tramp$S$$handleParaSetcmd
   a7442d30     a743e6a0     a74353a0   HZ6101.lib : msg.obj (.text)
$.init_code:HZ6101.lib<init.obj>$0x220  $Tramp$S$$handleStartcmd
   a7447d40     a743e6b0     a74353b8   HZ6101.lib : msg.obj (.text)
$.init_code:HZ6101.lib<mmbisr.obj>$0x0  $Tramp$S$$enableMmb
   a7448b20     a743e6c0     a74380c0   HZ6101.lib : mmb.obj (.text)
$.init_code:HZ6101.lib<mmbisr.obj>$0x240  $Tramp$S$$configMmb
   a7448d60     a743e6d0     a7438240   HZ6101.lib : mmb.obj (.text)
                             a7438250              : mmb.obj (.text)
$.init_code:HZ6101.lib<mmbout.obj>$0x0  $Tramp$S$$optimizeMmbOutMap
   a7445f60     a743e6e0     a743825c   HZ6101.lib : mmb.obj (.text)
$.init_code:HZ6101.lib<iomap.obj>$0x0  $Tramp$S$$handleLocalInOutObject
   a7449020     a743e6f0     a74389d4   HZ6101.lib : iomap.obj (.text)
$.init_code:HZ6101.lib<mmbout.obj>$0x8c8  $Tramp$S$$handleMmbOutObject
   a7446828     a743e700     a7438a14   HZ6101.lib : iomap.obj (.text)
$.init_code:HZ6101.lib<init.obj>$0x0  $Tramp$S$$replyInitOrder
   a7447b20     a743e710     a743a3e0   HZ6101.lib : init.obj (.text)
$.init_code:HZ6101.lib<debug.obj>$0xf4  $Tramp$S$$initDebugVars
   a7446b54     a743e720     a743a434   HZ6101.lib : init.obj (.text)
$.init_code:HZ6101.lib<board.obj>$0x278  $Tramp$S$$registerSystemStatus
   a7447638     a743e730     a743a444   HZ6101.lib : init.obj (.text)
$.init_code:HZ6101.lib<var.obj>$0x1024  $Tramp$S$$regComponentFinish
   a74424c4     a743e740     a743a45c   HZ6101.lib : init.obj (.text)
$.init_code:HZ6101.lib<initdsp.obj>$0x268  $Tramp$S$$initdsp
   a7448328     a743e750     a743d564   HZ6101.lib : main.obj (.text)
$.init_code:HZ6101.lib<init.obj>$0x120  $Tramp$S$$waitNewOrder
   a7447c40     a743e760     a743d568   HZ6101.lib : main.obj (.text)
$.text:HZ6101.lib<scheduler.obj>$0x410  $Tramp$S$$runTaskGroup
   a74280f0     0080c800     0080c674   HZ6101.lib : scheduler.obj (.rtm_code)
                             0080c6d8              : scheduler.obj (.rtm_code)
$.text:DualSysPos.obj$0x964  $Tramp$S$$Fun_Pos_QComp
   a74255a4     0080c810     0080bfd0   DualSysPos.obj (.rtm_code)
$.text:HZ6101.lib<board.obj>$0x5e0  $Tramp$S$$isMemDMABusy
   a74216e0     0080c820     0080b9c4   HZ6101.lib : mmbisr.obj (.rtm_code)
                             0080b9e8              : mmbisr.obj (.rtm_code)
                             0080ba04              : mmbisr.obj (.rtm_code)
                             0080bb24              : mmbisr.obj (.rtm_code)
                             0080bb48              : mmbisr.obj (.rtm_code)
                             0080bb64              : mmbisr.obj (.rtm_code)
$.text:HZ6101.lib<board.obj>$0xa0  $Tramp$S$$moveDMAData
   a74211a0     0080c830     0080b9b4   HZ6101.lib : mmbisr.obj (.rtm_code)
                             0080bb14              : mmbisr.obj (.rtm_code)
$.text:__c6xabi_fixdu:rts6740_elf.lib<fixdu.obj>$0x0  $Tramp$S$$__c6xabi_fixdu
   a743d660     0080c840     0080b750   HZ6101.lib : mmbisr.obj (.rtm_code)
$.text:HZ6101.lib<stime.obj>$0x104  $Tramp$S$$handleDspLeap
   a7437a44     0080c850     0080b650   HZ6101.lib : mmbisr.obj (.rtm_code)
                             0080b6d0              : mmbisr.obj (.rtm_code)
$.text:HZ6101.lib<timer.obj>$0x0  $Tramp$S$$readNowTime
   a743d5e0     0080c860     0080af94   HZ6101.lib : mmbisr.obj (.rtm_code:retain)
                             0080b174              : mmbisr.obj (.rtm_code:retain)
                             0080b364              : mmbisr.obj (.rtm_code:retain)
                             0080b4d8              : mmbisr.obj (.rtm_code:retain)
$.text:libProcess.lib<mmsdata.obj>$0x8e4  $Tramp$S$$_log_data_type
   a7414384     0080c870     0080ae48   libProcess.lib : mmsdata.obj (.rtm_code)
$.text:libProcess.lib<are_bool.obj>$0x0  $Tramp$S$$asn1r_wr_bool
   a743e2e0     0080c880     0080adcc   libProcess.lib : mmsdata.obj (.rtm_code)
$.text:libProcess.lib<are_time.obj>$0x0  $Tramp$S$$asn1r_wr_time
   a743bf00     0080c890     0080adc0   libProcess.lib : mmsdata.obj (.rtm_code)
$.text:libProcess.lib<are_utc.obj>$0x0  $Tramp$S$$asn1r_wr_utc_time
   a743c920     0080c8a0     0080adac   libProcess.lib : mmsdata.obj (.rtm_code)
$.text:libProcess.lib<asn1r.obj>$0x578  $Tramp$S$$asn1r_fin_prim
   a7419998     0080c8b0     0080ad88   libProcess.lib : mmsdata.obj (.rtm_code)
                             0080add8                  : mmsdata.obj (.rtm_code)
$.text:libProcess.lib<are_bstr.obj>$0x0  $Tramp$S$$asn1r_wr_bitstr
   a743be20     0080c8c0     0080ad50   libProcess.lib : mmsdata.obj (.rtm_code)
                             0080ad6c                  : mmsdata.obj (.rtm_code)
$.text:libProcess.lib<are_int.obj>$0x3a0  $Tramp$S$$asn1r_wr_i64
   a7431920     0080c8d0     0080ace8   libProcess.lib : mmsdata.obj (.rtm_code)
$.text:libProcess.lib<are_int.obj>$0x114  $Tramp$S$$asn1r_wr_u8
   a7431694     0080c8e0     0080ac8c   libProcess.lib : mmsdata.obj (.rtm_code)
$.text:libProcess.lib<are_int.obj>$0x380  $Tramp$S$$asn1r_wr_u16
   a7431900     0080c8f0     0080ac80   libProcess.lib : mmsdata.obj (.rtm_code)
$.text:libProcess.lib<are_int.obj>$0x370  $Tramp$S$$asn1r_wr_u32
   a74318f0     0080c900     0080ac70   libProcess.lib : mmsdata.obj (.rtm_code)
$.text:libProcess.lib<are_int.obj>$0x294  $Tramp$S$$asn1r_wr_u64
   a7431814     0080c910     0080ac68   libProcess.lib : mmsdata.obj (.rtm_code)
$.text:libProcess.lib<are_flt.obj>$0x98  $Tramp$S$$asn1r_wr_double
   a7439578     0080c920     0080abf4   libProcess.lib : mmsdata.obj (.rtm_code)
$.text:libProcess.lib<are_flt.obj>$0x0  $Tramp$S$$asn1r_wr_float
   a74394e0     0080c930     0080abec   libProcess.lib : mmsdata.obj (.rtm_code)
$.text:libProcess.lib<are_ostr.obj>$0x0  $Tramp$S$$asn1r_wr_octstr
   a743e320     0080c940     0080ab9c   libProcess.lib : mmsdata.obj (.rtm_code)
                             0080abb4                  : mmsdata.obj (.rtm_code)
$.text:libProcess.lib<are_vstr.obj>$0x0  $Tramp$S$$asn1r_wr_vstr
   a74387c0     0080c950     0080ab44   libProcess.lib : mmsdata.obj (.rtm_code)
$.text:libProcess.lib<are_btod.obj>$0x0  $Tramp$S$$asn1r_wr_btod
   a743c860     0080c960     0080aa78   libProcess.lib : mmsdata.obj (.rtm_code)
$.text:libProcess.lib<are_int.obj>$0x3d0  $Tramp$S$$asn1r_wr_i16
   a7431950     0080c970     0080aa0c   libProcess.lib : mmsdata.obj (.rtm_code)
                             0080ad00                  : mmsdata.obj (.rtm_code)
$.text:libProcess.lib<are_int.obj>$0x3c0  $Tramp$S$$asn1r_wr_i32
   a7431940     0080c980     0080aa08   libProcess.lib : mmsdata.obj (.rtm_code)
                             0080acf0                  : mmsdata.obj (.rtm_code)
$.text:libProcess.lib<are_int.obj>$0x38c  $Tramp$S$$asn1r_wr_i8
   a743190c     0080c990     0080a9f4   libProcess.lib : mmsdata.obj (.rtm_code)
                             0080ad0c                  : mmsdata.obj (.rtm_code)
$.text:libProcess.lib<are_vstr.obj>$0x110  $Tramp$S$$asn1r_wr_utf8
   a74388d0     0080c9a0     0080a9b4   libProcess.lib : mmsdata.obj (.rtm_code)
$.text:libProcess.lib<asn1r.obj>$0x1a8  $Tramp$S$$asn1r_strt_constr
   a74195c8     0080c9b0     0080a838   libProcess.lib : mmsdata.obj (.rtm_code)
                             0080a90c                  : mmsdata.obj (.rtm_code)
$.text:libProcess.lib<asn1r.obj>$0x7b4  $Tramp$S$$asn1r_fin_constr
   a7419bd4     0080c9c0     0080a814   libProcess.lib : mmsdata.obj (.rtm_code)
                             0080a864                  : mmsdata.obj (.rtm_code)
$.text:memcpy:rts6740_elf.lib<memcpy64.obj>$0x0  $Tramp$S$$memcpy
   a743d1a0     0080c9d0     00809870   HZ6101.lib : mmbout.obj (.rtm_code)
                             008098a8              : mmbout.obj (.rtm_code)
                             00809d04              : mmbout.obj (.rtm_code)
                             00809d3c              : mmbout.obj (.rtm_code)
                             0080a06c              : mmbin.obj (.rtm_code)
                             0080a0ac              : mmbin.obj (.rtm_code)
                             0080a6e4              : mmbin.obj (.rtm_code)
                             0080a724              : mmbin.obj (.rtm_code)
$.text:CommFun.obj$0x4e8  $Tramp$S$$GOOSE_LINK_SOE
   a7429388     0080c9e0     00808040   DZCmdMerge.obj (.rtm_code)
                             00808064   DZCmdMerge.obj (.rtm_code)
                             00808088   DZCmdMerge.obj (.rtm_code)
                             008080b4   DZCmdMerge.obj (.rtm_code)
                             008082f0   DZCmdMerge.obj (.rtm_code)
                             00808328   DZCmdMerge.obj (.rtm_code)
                             00808350   DZCmdMerge.obj (.rtm_code)
                             00808378   DZCmdMerge.obj (.rtm_code)
                             008083a4   DZCmdMerge.obj (.rtm_code)
                             008083d0   DZCmdMerge.obj (.rtm_code)
                             00808400   DZCmdMerge.obj (.rtm_code)
                             0080842c   DZCmdMerge.obj (.rtm_code)
                             00808460   DZCmdMerge.obj (.rtm_code)
$.rtm_code:HZ6101.lib<initdsp.obj>$0x0  $Tramp$S$$initCache
   0080c460     a7449320     a7448344   HZ6101.lib : initdsp.obj (.init_code)

[59 trampolines]
[179 trampoline calls]


GLOBAL SYMBOLS: SORTED ALPHABETICALLY BY Name 

address    name
--------   ----
0080c520   AIOGs16_task
0080c5c0   BIOGs16_task
a74296f4   BI_SOE
a743e540   C$$EXIT
a743e098   C$$IO$$
a742a5f0   CHECK_CableInput_check_task
a742df8c   CHECK_Simulate_check_task
a74294a0   CommandContrl
0080f633   DYNAMIC_LEVEL
a7413138   DataIssue
a7412fa0   DataSolution
a7412aa8   DataUnpack
a7424a10   DevAlarmCal
a74249b4   DevAlarm_check_task
a74293cc   Dly_expand
0080c1cc   Dlyon
0080bc40   DualSysPos_task
a741d344   DzCmdMerge_check_task
00808020   DzCmdMerge_task
0080c260   ElecLock_task
a7412638   ErrorHandler
a742f508   Error_Handler
a7412898   FrameCheck
a741d2c4   Fun_CMD_QComp
a74255a4   Fun_Pos_QComp
a7431084   GLOBAL_VARCal
a743102c   GLOBAL_VAR_check_task
a7429388   GOOSE_LINK_SOE
0080c1ac   GOOSE_SOE
0080c180   GSE_Bool_Q
0080c154   GSE_Test_Q
a742f54c   GetFrame
a7444444   GetUtcDataFromFrame
a7412f88   HEXTOFLOAT
a743cb60   HOSTclose
a743b060   HOSTlseek
a743b560   HOSTopen
a743b640   HOSTread
a7439680   HOSTrename
a743c1a0   HOSTunlink
a743c260   HOSTwrite
a7412898   IDCheck
0080f3c8   IER_SAVE
a7412604   IfCollide
a742f4d0   If_FPGA_Empty
4031fb00   KGooseHead
4031fb70   KGooseRear
a74517c0   KGooseTraficCtrl
0080f618   KGseProcessTime
4031fc00   KOtherHead
4031fc04   KOtherRear
a74519c0   KOtherTraficCtrl
4031fbe0   KSmvHead
0080f614   KSmvProcessTime
4031fbf0   KSmvRear
a74517c8   KSvTraficCtrl
a7421d18   KickDog
0080f320   Klink_mode
0080f324   Kmaster_mode
a741386c   LinkConditionCheck
a74126d0   LocateFrameStart
a7428e8c   MAX
a7428670   MIN
0080c108   PULSE_TRIG
0080f3f1   RAM_ERR
a74139f0   Read_and_UnpackData
a7429350   SOE_fun
00806000   SmvRxChanDataBuf
0080c7a0   SwPos_task
0080c700   SysSwapDeal_task
a7459008   TABLE_CRC32
0080f3f0   TWO_SYS_CMP_ERR
a74125d0   UnpackIndex_add
a7412594   UnpackIndex_move
a740e558   UtcToSoeTime
a742f4b4   WriteNext
a7450bc8   ZERO_BUFFER
0080f3ea   ZERO_Uint16
0080f3ec   ZERO_Uint32
0080f3e8   ZERO_Uint8
0080f458   __CIOBUF_
0080fd54   __TI_CINIT_Base
0080fdac   __TI_CINIT_Limit
0080fd04   __TI_Handler_Table_Base
0080fd10   __TI_Handler_Table_Limit
UNDEFED    __TI_INITARRAY_Base
UNDEFED    __TI_INITARRAY_Limit
0080ea00   __TI_STACK_END
00002000   __TI_STACK_SIZE
0080f1d0   __TI_STATIC_BASE
00400000   __TI_SYSMEM_SIZE
UNDEFED    __TI_TLS_INIT_Base
UNDEFED    __TI_TLS_INIT_Limit
00000001   __TI_args_main
a743db60   __TI_cpp_init
a743e560   __TI_decompress_none
a743e580   __TI_decompress_rle24
a7459b64   __TI_enable_exit_profile_output
ffffffff   __TI_pprof_out_hndl
ffffffff   __TI_prof_data_size
ffffffff   __TI_prof_data_start
a743caa0   __TI_tls_init
a743bb80   __TI_zero_init
ffffffff   __binit__
a743dbc0   __c6xabi_abort_msg
a742c680   __c6xabi_divd
a7435c80   __c6xabi_divf
a743b800   __c6xabi_divi
a743c3e0   __c6xabi_divu
a7438e60   __c6xabi_divul
a7436400   __c6xabi_divull
a743e440   __c6xabi_errno_addr
a743d660   __c6xabi_fixdu
a743d6e0   __c6xabi_fixfu
a743e0a0   __c6xabi_frcmpyd_div
a743e0e0   __c6xabi_isinf
a743d760   __c6xabi_llshl
a743e160   __c6xabi_llshru
a743e460   __c6xabi_negll
a743cc00   __c6xabi_remu
a743dc20   __c6xabi_remull
a743e1a0   __c6xabi_strasgi_64plus
ffffffff   __c_args__
a743b800   __divi
a743c3e0   __divu
a7459a94   __errno
a743cc00   __remu
a743e1a0   __strasgi_64plus
a743e1e0   _args_main
a743b160   _auto_init_elf
a743a9a0   _buff_read
00800200   _c_int00
0080b264   _c_int4
a7436180   _c_int5
0080aea0   _c_int6
a7436b00   _c_int7
a743cca0   _cleanup
a7459b5c   _cleanup_ptr
a743aac0   _closefile
a7458148   _ctypes_
a743c560   _doflush
a7459b60   _dtors_ptr
a7459a64   _ft_end
a7459408   _ftable
a7459b74   _lock
a743ce80   _minit
0080f59c   _mms_dec_info
0080f594   _mms_dec_info_pres
0080f58c   _mmsdec_msglen
0080f590   _mmsdec_msgptr
0080f598   _mmsdec_rslt
a742ecf0   _ms_get_mms_objname
a7407558   _ms_m_get_rt_info
a742ec0c   _ms_wr_mms_objname
0080f664   _mvlu_num_dyn_types
a743e4a0   _nop
a74304a0   _printfi
a743c620   _rd_ok
a7426a80   _scanfi
0080ca00   _stack
a743dc80   _subcull
a7000000   _sys_memory
a7451580   _tmpnams
a743c6e0   _tvaltostr
a7459b40   _tz
a7459b78   _unlock
0080f820   _vector1
0080f940   _vector10
0080f960   _vector11
0080f980   _vector12
0080f9a0   _vector13
0080f9c0   _vector14
0080f9e0   _vector15
0080f840   _vector2
0080f860   _vector3
0080f900   _vector8
0080f920   _vector9
0080f800   _vectors
a743b260   _wrt_ok
a743e540   abort
a7422840   addCanInVarCallback
a7403674   addFixedLenCfg
a7402e80   addGooseLinkId
a74227d8   addInValueSoeTime
a74035c8   addIntergerCfg
a7403340   addLinkCtrlInfo
a7402d0c   addNetFdCallBack
a7441bd4   addOneParacallEntry
a7402c68   addOtherRxFunc
a7402b44   addSmvLinkId
a7402a8c   addStringCfg
0080f1d3   alig_size
a7420ac4   appendVarLevelDesc
a7420600   appendVarTypeDesc
a741e448   asciiToDouble
a741e38c   asciiToFloat
a741e2f4   asciiToSint
a741e240   asciiToSint16
a741e18c   asciiToSint8
a741e0f4   asciiToSlong
a741e050   asciiToUchar
a741dfb8   asciiToUint
a741df10   asciiToUint16
a741de6c   asciiToUint8
a741ddd4   asciiToUlong
a741dcd8   ascii_to_hex_str
a741ae68   asn1_convert_btod_to_utc
a741ad80   asn1_convert_utc_to_btod
a741ac8c   asn1_objidcmp
a741ac54   asn1r_chk_getcstr_done
a741ac40   asn1r_class_err
a7419eac   asn1r_cstr_done_err
a741abcc   asn1r_decode_asn1
a741ab84   asn1r_decode_asn1_seq
a7419ec4   asn1r_done_err
a7419bd4   asn1r_fin_constr
a7419998   asn1r_fin_prim
a743a864   asn1r_get_bitstr
a743a860   asn1r_get_bitstr_cstr
a743e2a0   asn1r_get_bool
a743bd40   asn1r_get_btod
a7433b50   asn1r_get_double
a7433a00   asn1r_get_float
a742e90c   asn1r_get_i16
a742e8e8   asn1r_get_i32
a742e8c8   asn1r_get_i64
a742e870   asn1r_get_i8
a743d060   asn1r_get_identifier
a742e4c0   asn1r_get_int32
a742e624   asn1r_get_int64
a743d864   asn1r_get_octstr
a743d860   asn1r_get_octstr_cstr
a74274a4   asn1r_get_time
a742e82c   asn1r_get_u16
a742e788   asn1r_get_u32
a742e768   asn1r_get_u64
a742e5e0   asn1r_get_u8
a7439f40   asn1r_get_utc_time
a7439424   asn1r_get_utf8
a7439390   asn1r_get_vstr
a7419690   asn1r_head_decode
a7438804   asn1r_local_to_utf8
a7419650   asn1r_set_all_cstr_done
a7419638   asn1r_set_dec_err
a7419600   asn1r_strt_asn1_bld
a74195c8   asn1r_strt_constr
a7419578   asn1r_tag_add
a7419560   asn1r_tag_restore
a7439340   asn1r_utf8_to_local
a743be20   asn1r_wr_bitstr
a743e2e0   asn1r_wr_bool
a743c860   asn1r_wr_btod
a7439578   asn1r_wr_double
a74394e0   asn1r_wr_float
a7431950   asn1r_wr_i16
a7431940   asn1r_wr_i32
a7431920   asn1r_wr_i64
a743190c   asn1r_wr_i8
a7431580   asn1r_wr_int32
a7431824   asn1r_wr_int32_spe
a74316a4   asn1r_wr_int64
a743e320   asn1r_wr_octstr
a743bf00   asn1r_wr_time
a7431900   asn1r_wr_u16
a74318f0   asn1r_wr_u32
a743188c   asn1r_wr_u32_spe
a7431814   asn1r_wr_u64
a7431694   asn1r_wr_u8
a743c920   asn1r_wr_utc_time
a74388d0   asn1r_wr_utf8
a74387c0   asn1r_wr_vstr
a743b8e0   atoi
a743b9c0   atol
ffffffff   binit
0080f420   board_type
0080f1d5   bs_flag
a7419420   bstrcpy
0080f281   bus_bjj_in
0080f283   bus_bsj_in
0080f1d6   bus_bsj_level
0080f282   bus_qd_in
a74194a8   bvstrcpy
0080f1dc   cal_irq_cnt
a74027a0   calcCrc16
a74010d8   calcDataCrc32
a7427d0c   calcTaskTimes
a743d7e0   calloc
a7419184   canIntHandler
a7432500   canRead
a7419060   canRxIntHandler
a7418e6c   canTickHandler
a7418d84   canTxIntHandler
a7432510   canWrite
a744ffd8   can_buffer
0080f38c   can_buserr_cnt
0080f390   can_err_interrupt_cnts
0080f3d0   can_fd
a7459b50   can_in_object
0080f388   can_int_cnt
a7459a38   can_out_object
a740e9e0   checkBjj
[...]
0080f5d4   mmb2_buf_start_addr
0080f5d8   mmb1_buf_end_addr
0080f5dc   mmb2_buf_end_addr
0080f5e0   lvl1_locked_real_time
0080f5e4   lvl2_locked_real_time
0080f5f4   lvl1_interrupt_time
0080f5f8   lvl2_interrupt_time
0080f5fc   lvl3_interrupt_time
0080f600   lvl4_interrupt_time
0080f604   task_lvl1
0080f608   task_lvl2
0080f60c   task_lvl3
0080f610   task_lvl4
0080f614   KSmvProcessTime
0080f618   KGseProcessTime
0080f61c   rx_buf_scan_level
0080f61d   tx_buf_scan_level
0080f620   crc32_goose
0080f632   this_core
0080f633   DYNAMIC_LEVEL
0080f64c   fpga_version
0080f650   lib_version
0080f654   mvl_type_ctrl
0080f658   mvl_num_types
0080f660   hsr_net_port
0080f664   _mvlu_num_dyn_types
0080f800   _vectors
0080f820   _vector1
0080f840   _vector2
0080f860   _vector3
0080f900   _vector8
0080f920   _vector9
0080f940   _vector10
0080f960   _vector11
0080f980   _vector12
0080f9a0   _vector13
0080f9c0   _vector14
0080f9e0   _vector15
0080fd04   __TI_Handler_Table_Base
0080fd10   __TI_Handler_Table_Limit
0080fd54   __TI_CINIT_Base
0080fdac   __TI_CINIT_Limit
40300000   rx_smv_buf
40304000   rx_goose_buf
4031fb00   KGooseHead
4031fb70   KGooseRear
4031fbe0   KSmvHead
4031fbf0   KSmvRear
4031fc00   KOtherHead
4031fc04   KOtherRear
a7000000   _sys_memory
a7400000   setWarningSignalOut
a740006c   setSrcMac
a7400100   setLinkRxMemInfo
a7400180   setLinkFlowControl
a7400218   scanEmacTxBuf
a74003f8   resetGooseRxInfo
a740046c   resetOtherRxInfo
a74004c0   resetSmvRxInfo
a7400530   scanEmacRxBuf
a7400794   jointSmvRxBuf
a74007e8   getNextVal
a74007f4   jointGooseRxbuf
a74008f4   gooseRxFunc
a7400c14   scanGooseRxBuf
a7400d84   otherRxFunc
a7400f60   scanOtherRxBuf
a7400f80   readOneLine
a7400fcc   initTableCRC32
a7401090   convertBitOrder
a74010d8   calcDataCrc32
a7401330   getFileCrc32
a7401640   makeVersionFormDate
a7401748   newProcessDevice
a74019cc   jointFt3RxBuf
a7401a28   initProcessDevice
a7401bb4   getPreVal
a7401bc4   getMacFromStr
a7401dc0   emacTxMsg
a7402760   emacSmvRx
a7402780   emacFt3Rx
a7402788   checkHsrPortLink
a74027a0   calcCrc16
a7402a8c   addStringCfg
a7402b44   addSmvLinkId
a7402c68   addOtherRxFunc
a7402d0c   addNetFdCallBack
a7402e80   addGooseLinkId
a7403340   addLinkCtrlInfo
a74035c8   addIntergerCfg
a7403674   addFixedLenCfg
a7403a40   strwrite
a7403af8   strugetc
a7403b40   simple_strtoul
a7403cf4   strtodf
a7403f80   strseek
a740401c   skip_atoi
a74040c0   simple_strtof
a74041f8   simple_strtol
a74045a4   simple_strtoull
a7404774   simple_strtod
a74048c8   simple_strtoll
a7404918   myvsscanf
a7405718   strgets
a7405848   strscanf
a7405b10   strread
a74060f0   stropen
a7406620   strgetc
a7406658   strfeof
a740666c   strclose
a74068c0   strclear
a74068e0   mysscanf
a7406910   getFileCRC
a740702c   ms_runtime_destroy
a7407558   _ms_m_get_rt_info
a7407ac8   ms_get_blocked_length
a7408ec4   ms_rt_size_calc
a74096d8   ms_runtime_create
a7409860   ms_log_runtime
a7409864   ms_is_rt_prim
a740ba2c   runCanOutObj
a740bbe0   optimizeCanOutMap
a740bed0   initCanOutPara
a740bfac   handleCanOutObject
a740c4b4   delCanOutVarEntry
a740d8e8   parseGooseRxConfiguration
a740e214   initSignalRelation
a740e558   UtcToSoeTime
a740e994   checkRebootTimer
a740e9e0   checkBjj
a740eae8   checkLinkDown
a740edf4   checkHsrPortLinkState
a740f58c   getDatatype
a740f7c4   getDataLen
a74104b4   parseGooseTxConfiguration
a74106e8   gooseGetSendTime
a7410748   gooseFixedframeEncode
a7410c38   gooseAddApduHead
a7410cd4   initTxData
a7411560   reinitLoRaUnpack
a74115e0   newLoRaUnpack
a7412174   initLoRaUnpack
a7412594   UnpackIndex_move
a74125d0   UnpackIndex_add
a7412604   IfCollide
a7412638   ErrorHandler
a74126d0   LocateFrameStart
a7412898   FrameCheck
a7412898   IDCheck
a7412aa8   DataUnpack
a7412f88   HEXTOFLOAT
a7412fa0   DataSolution
a7413138   DataIssue
a741386c   LinkConditionCheck
a74139f0   Read_and_UnpackData
a74143a4   ms_local_to_asn1_easy
a7414420   ms_asn1_to_local
a7415b20   ms_mk_asn1_type
a7416e70   ms_tdl_to_runtime
a7416ec0   ms_runtime_to_tdl
a74177b4   ms_asn1_to_tdl
a7417880   sendMultiFrame
a7417a30   sendSingleFrame
a7417b98   sendAckFrame
a7417cd0   insertAckFrame
a7417e18   singleFrameHandler
a7418060   insertSingleFrame
a7418220   insertMultiFrame
a7418428   sendCanMsg
a7418684   sendAllFrame
a7418748   initCanBuf
a74187f4   openCanDevice
a74188c0   multiFrameHandler
a7418d84   canTxIntHandler
a7418e6c   canTickHandler
a7419060   canRxIntHandler
a7419184   canIntHandler
a7419420   bstrcpy
a74194a8   bvstrcpy
a7419560   asn1r_tag_restore
a7419578   asn1r_tag_add
a74195c8   asn1r_strt_constr
a7419600   asn1r_strt_asn1_bld
a7419638   asn1r_set_dec_err
a7419650   asn1r_set_all_cstr_done
a7419690   asn1r_head_decode
a7419998   asn1r_fin_prim
a7419bd4   asn1r_fin_constr
a7419eac   asn1r_cstr_done_err
a7419ec4   asn1r_done_err
a741ab84   asn1r_decode_asn1_seq
a741abcc   asn1r_decode_asn1
a741ac40   asn1r_class_err
a741ac54   asn1r_chk_getcstr_done
a741ac8c   asn1_objidcmp
a741ad80   asn1_convert_utc_to_btod
a741ae68   asn1_convert_btod_to_utc
a741af80   set_smv_flowctrl_para
a741afe4   set_other_flowctrl_para
a741b048   set_goose_flowctrl_para
a741b0ac   setHsrMac
a741b294   reg_link_info
a741b3e8   netdev_write
a741b404   netdev_read
a741b408   netdev_open
a741b5a8   init_fpga_dma_cfg
a741b630   check_hsr_port
a741b7a4   isNetTxBusy
a741b80c   netdev_ioctl
a741c078   netdev_init
a741c114   netdev_enable
a741c1ac   freshMemoryData
a741c1c0   newDzCmdMerge
a741d0cc   initDzCmdMerge
a741d2c4   Fun_CMD_QComp
a741d344   DzCmdMerge_check_task
a741d490   uLongToAscii
a741d4a4   uIntToAscii
a741d4b4   uInt8ToAscii
a741d4c8   uInt32ToAscii
a741d4e0   uInt16ToAscii
a741d4f0   strnstr
a741d5c8   strnicmp
a741d6e0   strcmpi
a741d8a4   sLongToAscii
a741d8c0   sIntToAscii
a741d8e0   sInt8ToAscii
a741d900   sInt32ToAscii
a741d920   sInt16ToAscii
a741d940   hex_to_ascii_str
a741d9e0   getKeywordFromFile
a741dcd8   ascii_to_hex_str
a741ddd4   asciiToUlong
a741de6c   asciiToUint8
a741df10   asciiToUint16
a741dfb8   asciiToUint
a741e050   asciiToUchar
a741e0f4   asciiToSlong
a741e18c   asciiToSint8
a741e240   asciiToSint16
a741e2f4   asciiToSint
a741e38c   asciiToFloat
a741e448   asciiToDouble
a741e4e0   smvCheckDataEntryValid
a741e4f0   smvAddRxCfgRam
a741ed4c   linkSmvRxDataChanWithBuff
a741f44c   fmsToLevelCnt
a741f540   iec600448_rx_callback
a741f560   setSmvTxMask
a741fbb4   initTxCheckRamMask
a741fe94   initSmvTxEncodeBuf
a7420460   saveParameterInfo
a74204d0   runParameterCheck
a7420600   appendVarTypeDesc
a7420ac4   appendVarLevelDesc
a7420bf4   registerVarOut
a7420cc4   registerVarIn
a7420ea8   registerParameterForCheck
a7420f14   registerConstSignalOut
a7421100   waitForcmd
a7421164   setBSJ
a7421178   setBJJ
a74211a0   moveDMAData
a7421340   sendPcieData
a7421450   putInt16
a7421470   putInt32
a74214ac   putInt64
a7421528   putInt8
a7421534   putValue
a7421604   putString
a74216a4   putMemory
a74216e0   isMemDMABusy
a7421744   isPcieSendBusy
a7421750   initPlatAndMmbMemory
a7421820   initDmaChanWithMultiLink
a7421940   initDmaChan
a7421a38   getInt16
a7421a6c   getInt32
a7421acc   getInt8
a7421ae0   getValue
a7421b90   getString
a7421c24   getPPSTick
a7421c40   getInt64
a7421ce0   downDataMsg
a7421ce4   downConfigMsg
a7421ce8   clearBSJ
a7421ce8   clrBSJ
a7421d00   clearBJJ
a7421d00   clrBJJ
a7421d14   checkReadMemAddr
a7421d18   KickDog
a7421d20   updateCanSoeIn
a7421e20   updateCanBlockIn
a7422104   updateCanInObject
a74226f4   handleCanInObject
a74227d8   addInValueSoeTime
a7422840   addCanInVarCallback
a7422920   runAnd8
a7422984   runAnd4
a74229b4   runAnd3
a74229e0   runAnd2
a7422a00   runAnd16
a7422ac4   newAnd8
a7422c80   newAnd4
a7422da4   newAnd3
a7422ea4   newAnd2
a7422f88   newAnd16
a7423228   initAnd8
a74232ac   initAnd4
a7423330   initAnd3
a74233c0   initAnd2
a7423444   initAnd16
a74234e0   runOr8
a7423544   runOr4
a7423574   runOr3
a74235a0   runOr2
a74235c0   runOr16
a7423684   newOr8
a7423840   newOr4
a7423964   newOr3
a7423a64   newOr2
a7423b48   newOr16
a7423de8   initOr8
a7423e6c   initOr4
a7423ef0   initOr3
a7423f80   initOr2
a7424004   initOr16
a74240a0   newDevAlarm
a742490c   initDevAlarm
a74249b4   DevAlarm_check_task
a7424a10   DevAlarmCal
a7424c40   newDualSysPos
a7425584   initDualSysPos
a74255a4   Fun_Pos_QComp
a7425720   runDigitalControl
a7425e78   newDigitalControl
a74260ac   initDigitalControl
a7426670   handleMmbInObject
a7426a80   _scanfi
a74274a4   asn1r_get_time
a7427ce0   suspendTaskGrp
a7427d0c   calcTaskTimes
a7427d80   setTaskCycleTime
a7427e80   setTaskCycle
a7427f14   setTask
a7428004   setFirstTask
a74280f0   runTaskGroup
a7428150   scheduleLvl4Task
a7428168   scheduleLvl3Task
a7428180   recoverTaskGrp
a74281c8   delTaskQue
a7428234   optimizeTaskSchedule
a74283e8   initTaskques
a74284c0   delAllTaskQue
a74285e0   registerToolBoxCmp
a7428670   MIN
a7428680   newPlcComponent
a7428bcc   newComponent
a7428cd8   initPlcComponent
a7428e00   getComponentInstance
a7428e8c   MAX
a7428ea0   two_signal_cmp
a7428ee0   initbuffer
a7428ef4   init_pointer
a7428f2c   init_check_set_pointer
a7428f8c   initSOE_fun
a7428fb0   get_relay_stat
a7428fd0   deal_TripClose
a7429128   deal_GD_DD
a7429200   deal_DLYFYH
a74292d0   check_set_pointer
a7429350   SOE_fun
a7429388   GOOSE_LINK_SOE
a74293cc   Dly_expand
a74294a0   CommandContrl
a74296f4   BI_SOE
a7429720   runSFP
a7429c14   newSFP
a7429e30   initSFP
a7429f60   runCableInput
a742a150   newCableInput
a742a4cc   initCableInput
a742a5f0   CHECK_CableInput_check_task
a742a700   strftime
a742b520   utc_ms_to_fraction
a742b5c4   utc_fraction_to_ms
a742b664   mvl_tdl_to_type_id
a742b6f4   mvl_init_type_ctrl
a742b750   get_data_num_in_rt
a742b8b4   get_data_num_from_rt
a742b940   get_data_from_rt
a742ba08   get_data_by_rt
a742bb00   spi_cycle
a742bbe4   invalidCache
a742bc84   initGPMC
a742bcac   initGPIO
a742c034   initdevice
a742c680   __c6xabi_divd
a742cc20   newElecLock
a742d0e4   initElecLock
a742d660   mktime
a742db40   runSimulate
a742dbe8   newSimulate
a742df00   initSimulate
a742df8c   CHECK_Simulate_check_task
a742e4c0   asn1r_get_int32
a742e5e0   asn1r_get_u8
a742e624   asn1r_get_int64
a742e768   asn1r_get_u64
a742e788   asn1r_get_u32
a742e82c   asn1r_get_u16
a742e870   asn1r_get_i8
a742e8c8   asn1r_get_i64
a742e8e8   asn1r_get_i32
a742e90c   asn1r_get_i16
a742ec0c   _ms_wr_mms_objname
a742ecf0   _ms_get_mms_objname
a742ee40   runMEM_INT16_UNPACK
a742eee4   runMEM_INT16_PACK
a742ef98   newMEM_INT16_UNPACK
a742f0c8   newMEM_INT16_PACK
a742f200   initMEM_INT16_UNPACK
a742f264   initMEM_INT16_PACK
a742f2c0   reinitWirelessRecv
a742f2e4   newWirelessRecv
a742f428   initWirelessRecv
a742f4b4   WriteNext
a742f4d0   If_FPGA_Empty
a742f508   Error_Handler
a742f54c   GetFrame
a742f740   strtod
a742fbc0   strtold
a7430040   registerPlatdevice
a7430270   dev_write
a74302ac   dev_read
a74302e8   dev_open
a74303c0   dev_lseek
a74303c4   dev_ioctl
a7430400   dev_enable
a7430440   dev_close
a74304a0   _printfi
a7430900   strtoll
a7430d60   newGLOBAL_VAR
a7430fa0   initGLOBAL_VAR
a743102c   GLOBAL_VAR_check_task
a7431084   GLOBAL_VARCal
a7431580   asn1r_wr_int32
a7431694   asn1r_wr_u8
a74316a4   asn1r_wr_int64
a7431814   asn1r_wr_u64
a7431824   asn1r_wr_int32_spe
a743188c   asn1r_wr_u32_spe
a74318f0   asn1r_wr_u32
a7431900   asn1r_wr_u16
a743190c   asn1r_wr_i8
a7431920   asn1r_wr_i64
a7431940   asn1r_wr_i32
a7431950   asn1r_wr_i16
a7431980   strtoull
a7431d80   newSysSwapDeal
a7432118   initSysSwapDeal
a7432140   strtol
a7432500   canRead
a7432510   canWrite
a7432524   fpgacan_write
a74325c4   fpgacan_start
a74326d0   fpgacan_read
a7432784   fpgacan_open
a7432790   fpgacan_ioctl
a7432854   fpgacan_init
a74328a0   fputs
a7432c40   runDelayOn
a7432cb4   runDelayOff
a7432d34   newDelayOn
a7432e14   newDelayOff
a7432ef4   initDelayOn
a7432f4c   initDelayOff
a7432fc0   gooseCheckDataEntryValid
a7432fe0   gooseAddRxCfgRam
a7433340   mvlu_free_rt_type
a7433368   mvlu_add_rt_type
a7433418   mvl_typename_to_typeid
a74334cc   mvl_typeid_to_typename
a7433508   mvl_type_ctrl_find
a7433540   mvl_type_ctrl_find_dyn
a7433590   mvl_mod_arr_size
a7433600   mvl_get_runtime_dyn
a7433660   mvl_get_runtime
a7433a00   asn1r_get_float
a7433b50   asn1r_get_double
a7433d40   mvl_type_id_destroy
a7433ff4   mvl_type_id_create
a74343a0   strtoul
a7434c80   fillReturnInfo
a7434cb4   sendDigitalAck
a7434d34   sendAnalogAck
a7434db4   handleYkYt
a7434f40   realloc
a7435200   sendMsg
a74352e0   handleManagerFrame
a74353e0   handleRecvFrame
a74354a0   newSwPos
a7435708   initSwPos
a7435c80   __c6xabi_divf
a7435f00   free
a7436180   _c_int5
a7436400   __c6xabi_divull
a7436b00   _c_int7
a7436f60   fputc
a7437380   setvbuf
a7437580   newAIOGs16
a7437734   initAIOGs16
a7437760   newBIOGs16
a7437910   initBIOGs16
a7437940   handleSynctime
a7437a44   handleDspLeap
a7437b20   initToolBox
a7437ce8   initInVarWithOutLink
a7437d00   log
a7437ee0   registerUsrApp
a74380c0   startMmb
a74380d0   setMmbIntMode
a74380dc   setMmbIntDelayTime
a74380f4   recvMmbConfig
a74381f8   initMmb
a7438280   newVisualMEM
a7438360   initVisualMEM
a74387c0   asn1r_wr_vstr
a7438804   asn1r_local_to_utf8
a74388d0   asn1r_wr_utf8
a7438980   handleOutObject
a7438a60   handleInObject
a7438b20   newConstUint8
a7438bd8   newConstInt8
a7438c98   initConstUint8
a7438ca0   initConstInt8
a7438cc0   runSEL2_UINT8
a7438cf0   newSEL2_UINT8
a7438df0   initSEL2_UINT8
a7438e60   __c6xabi_divul
a74391a0   frexp
a7439340   asn1r_utf8_to_local
a7439390   asn1r_get_vstr
a7439424   asn1r_get_utf8
a74394e0   asn1r_wr_float
a7439578   asn1r_wr_double
a7439680   HOSTrename
a7439980   malloc
a7439b00   open
a7439c80   runNot
a7439c98   newNot
a7439d60   initNot
a7439f40   asn1r_get_utc_time
a743a0a0   sqrt
a743a200   write16C554
a743a220   read16C554
a743a240   configUart16c554
a743a360   waitRunOrder
a743a430   waitInitOrder
a743a860   asn1r_get_bitstr_cstr
a743a864   asn1r_get_bitstr
a743a9a0   _buff_read
a743aac0   _closefile
a743af40   fseek
a743b060   HOSTlseek
a743b160   _auto_init_elf
a743b260   _wrt_ok
a743b360   copy_in
a743b460   fprintf
a743b560   HOSTopen
a743b640   HOSTread
a743b720   newConstFloat
a743b7e0   initConstFloat
a743b800   __c6xabi_divi
a743b800   __divi
a743b8e0   atoi
a743b9c0   atol
a743baa0   close
a743bb80   __TI_zero_init
a743bc60   fflush
a743bd40   asn1r_get_btod
a743be20   asn1r_wr_bitstr
a743bf00   asn1r_wr_time
a743bfe0   ltoa
a743c0c0   memset
a743c1a0   HOSTunlink
a743c260   HOSTwrite
a743c320   newConstb
a743c3d8   initConstb
a743c3e0   __c6xabi_divu
a743c3e0   __divu
a743c560   _doflush
a743c620   _rd_ok
a743c6e0   _tvaltostr
a743c7a0   exit
a743c860   asn1r_wr_btod
a743c920   asn1r_wr_utc_time
a743c9e0   localtime
a743caa0   __TI_tls_init
a743cb60   HOSTclose
a743cc00   __c6xabi_remu
a743cc00   __remu
a743cca0   _cleanup
a743ce80   _minit
a743d060   asn1r_get_identifier
a743d100   lseek
a743d1a0   memcpy
a743d380   read
a743d420   strstr
a743d4c0   write
a743d560   main
a743d5e0   readNowTime
a743d5f0   delayUs
a743d660   __c6xabi_fixdu
a743d6e0   __c6xabi_fixfu
a743d760   __c6xabi_llshl
a743d7e0   calloc
a743d860   asn1r_get_octstr_cstr
a743d864   asn1r_get_octstr
a743d8e0   rand
a743d960   readmsg
a743d9e0   strcat
a743da60   strncpy
a743dae0   remove
a743dae0   unlink
a743db60   __TI_cpp_init
a743dbc0   __c6xabi_abort_msg
a743dc20   __c6xabi_remull
a743dc80   _subcull
a743dce0   fclose
a743dd40   fopen
a743dda0   initlibProcess
a743de00   memccpy
a743de60   memmove
a743dec0   sprintf
a743df20   sscanf
a743df80   strcpy
a743e040   writemsg
a743e098   C$$IO$$
a743e0a0   __c6xabi_frcmpyd_div
a743e0e0   __c6xabi_isinf
a743e160   __c6xabi_llshru
a743e1a0   __c6xabi_strasgi_64plus
a743e1a0   __strasgi_64plus
a743e1e0   _args_main
a743e260   gmtime
a743e2a0   asn1r_get_bool
a743e2e0   asn1r_wr_bool
a743e320   asn1r_wr_octstr
a743e360   u_ml_get_rt_type
a743e3a0   log10
a743e3e0   strlen
a743e440   __c6xabi_errno_addr
a743e460   __c6xabi_negll
a743e4a0   _nop
a743e540   C$$EXIT
a743e540   abort
a743e560   __TI_decompress_none
a743e580   __TI_decompress_rle24
a743e5a0   fgets
a743e780   writeSmvChanDataBuf
a743e94c   decodeSmvLeAsduSeq
a743e9c0   checkRxAsduIsLost
a743eb90   copySmvApduData
a743f058   saveDecodedSmvData
a743f2a8   smvRxCallback
a743f7c4   parseSmvRxConfiguration
a743fb64   newSmvRxComponent
a7440960   initSmvRxComponent
a74410e8   checkSmvRxRunStatus
a74414a0   registerVarQuality
a7441508   registerVarOut1
a7441660   registerLogicSignal
a7441934   registerVarLink
a7441940   registerVarIn1
a7441a6c   registerVarBlockOut
a7441ab0   registerVarBlockIn
a7441af4   registerParameter1
a7441bd4   addOneParacallEntry
a7441d84   registerParameterWithCallback1
a7441dd8   registerParameter
a7441e94   registerParameterWithCallback
a7441eec   registerGooseTest
a74420f0   registerConstSignalOut1
a7442380   registerComponent
a74424c4   regComponentFinish
a7442500   newParaCallFuncTable
a7442548   linkVarOutWithPtr
a744272c   linkVarInWithPtr
a7442d30   handleParaSetcmd
a7442dc0   parseGooseCfgInfo
a7443084   msToLevelCnt
a7443170   newGooseComponent
a7443ca0   initGooseComponent
a74441a0   timeFractionToMsFms
a7444254   gooseDecodeValidAlldata
a7444444   GetUtcDataFromFrame
a74444c0   freshGooseRxData
a7444b50   gooseDecodeFpga
a7444ff0   gooseRxCallBack
a7445180   runSmvTx
a7445460   parseSmvTxConfiguration
a7445700   newSmvTxComponent
a7445b80   initSmvTxComponent
a7445f60   optimizeMmbOutMap
a7446828   handleMmbOutObject
a7446a60   sendVarValue
a7446b54   initDebugVars
a7447070   checkDebugObjec
a7447340   handleDebugmsg
a74473c0   eraseFileFlash
a74473e0   writeFileToFlash
a74474a0   resetCpu
a7447550   getMakeDate
a7447638   registerSystemStatus
a7447860   nvram_malloc
a74478a8   nvram_calloc
a7447930   monitorCpuLoad
a7447934   getViewDataLen
a7447938   getProgramTime
a744794c   getProgramCrc
a7447960   dsp_calloc
a7447b08   checkTypeSize
a7447c40   waitNewOrder
a7447d40   handleStartcmd
a7447ec0   handleCompconfig
a74480c0   initPLL
a74480d8   initSpi
a7448144   initInterrupts
a744817c   initEDMA3
a74482c4   initPcie
a7448328   initdsp
a7448600   goosePackageTx
a7448b20   enableMmb
a7448d2c   disableMMB2
a7448d44   disableMMB1
a7448d60   configMmb
a7449020   handleLocalInOutObject
a74491c0   initTimers
a74492c0   enableTimer3
a7449340   goose_frame_len
a7449360   goose_frame_start
a74493a0   goose_frame_buffer
a744f1c0   encode_ac
a744ffb0   dec_ac
a744ffd8   can_buffer
a7450bc8   ZERO_BUFFER
a7450fc8   debug_drv
a7451008   goose_hsr_port
a7451248   netdev_priv
a7451418   debug_smv_tx
a74514b8   debug_smv_cnt
a74514e0   debug_smv_tx_err
a7451530   debug_sv1
a7451558   debug_sv2
a7451580   _tmpnams
a74516c0   dbg32_output
a74517c0   KGooseTraficCtrl
a74517c8   KSvTraficCtrl
a74517d0   debug_sv_rx
a7451850   debug_sv_rx_cnt
a74518d0   debug_top
a7451920   debug_top_p
a745198c   goose_mem_info
a7451998   smv_mem_info
a74519a4   other_mem_info
a74519c0   KOtherTraficCtrl
a74519c8   src_mac
a74519d0   glb_fp_buf
a7451a90   debug_obj
a7451b38   paramSet0
a7451b58   paramSet1
a7451b78   debug_new_comp
a7451b80   debug_new_comp_name
a7451bb8   fpgacan_priv
a7451be8   mmb3_ram
a7458148   _ctypes_
a7458d08   m_def_data_algn_tbl
a7458de0   monthDescString
a7459008   TABLE_CRC32
a7459408   _ftable
a74595e8   debug_goose_rx
a74596e8   tdlTypes
a74598b8   fpgacan_dev
a7459910   process_ndev
a7459968   lib_ver_info
a7459a38   can_out_object
a7459a64   _ft_end
a7459a94   __errno
a7459a94   errno
a7459b18   dbg_data
a7459b40   _tz
a7459b50   can_in_object
a7459b5c   _cleanup_ptr
a7459b60   _dtors_ptr
a7459b64   __TI_enable_exit_profile_output
a7459b74   _lock
a7459b78   _unlock
a7459b88   gDecodeCfg
a9000000   otherRxBuf
ffffffff   __TI_pprof_out_hndl
ffffffff   __TI_prof_data_size
ffffffff   __TI_prof_data_start
ffffffff   __binit__
ffffffff   __c_args__
ffffffff   binit
UNDEFED    __TI_INITARRAY_Base
UNDEFED    __TI_INITARRAY_Limit
UNDEFED    __TI_TLS_INIT_Base
UNDEFED    __TI_TLS_INIT_Limit

[1049 symbols]
